Archive member included to satisfy reference by file (symbol)

../../../external/rtt/librtt_nrf52832_xxAA.a(SEGGER_RTT.c.obj)
                              CMakeFiles/light_switch_server_nrf52832_xxAA_s132_6.0.0.dir/__/__/__/mesh/core/src/log.c.obj (SEGGER_RTT_Write)
../../../external/rtt/librtt_nrf52832_xxAA.a(SEGGER_RTT_printf.c.obj)
                              CMakeFiles/light_switch_server_nrf52832_xxAA_s132_6.0.0.dir/__/__/__/mesh/core/src/log.c.obj (SEGGER_RTT_vprintf)
../../../external/micro-ecc/libuECC_nrf52832_xxAA.a(uECC.c.obj)
                              CMakeFiles/light_switch_server_nrf52832_xxAA_s132_6.0.0.dir/__/__/__/mesh/prov/src/prov_utils.c.obj (uECC_secp256r1)
/usr/bin/../lib/gcc/arm-none-eabi/7.2.1/thumb/v7e-m/fpv4-sp/hard/libgcc.a(_aeabi_ldivmod.o)
                              CMakeFiles/light_switch_server_nrf52832_xxAA_s132_6.0.0.dir/__/__/common/src/rtt_input.c.obj (__aeabi_ldivmod)
/usr/bin/../lib/gcc/arm-none-eabi/7.2.1/thumb/v7e-m/fpv4-sp/hard/libgcc.a(_aeabi_uldivmod.o)
                              CMakeFiles/light_switch_server_nrf52832_xxAA_s132_6.0.0.dir/__/__/common/src/rtt_input.c.obj (__aeabi_uldivmod)
/usr/bin/../lib/gcc/arm-none-eabi/7.2.1/thumb/v7e-m/fpv4-sp/hard/libgcc.a(_udivmoddi4.o)
                              /usr/bin/../lib/gcc/arm-none-eabi/7.2.1/thumb/v7e-m/fpv4-sp/hard/libgcc.a(_aeabi_ldivmod.o) (__udivmoddi4)
/usr/bin/../lib/gcc/arm-none-eabi/7.2.1/thumb/v7e-m/fpv4-sp/hard/libgcc.a(_dvmd_tls.o)
                              /usr/bin/../lib/gcc/arm-none-eabi/7.2.1/thumb/v7e-m/fpv4-sp/hard/libgcc.a(_aeabi_ldivmod.o) (__aeabi_ldiv0)
/usr/bin/../lib/gcc/arm-none-eabi/7.2.1/../../../../arm-none-eabi/lib/thumb/v7e-m/fpv4-sp/hard/libg_nano.a(lib_a-exit.o)
                              /usr/bin/../lib/gcc/arm-none-eabi/7.2.1/../../../../arm-none-eabi/lib/thumb/v7e-m/fpv4-sp/hard/crt0.o (exit)
/usr/bin/../lib/gcc/arm-none-eabi/7.2.1/../../../../arm-none-eabi/lib/thumb/v7e-m/fpv4-sp/hard/libg_nano.a(lib_a-impure.o)
                              /usr/bin/../lib/gcc/arm-none-eabi/7.2.1/../../../../arm-none-eabi/lib/thumb/v7e-m/fpv4-sp/hard/libg_nano.a(lib_a-exit.o) (_global_impure_ptr)
/usr/bin/../lib/gcc/arm-none-eabi/7.2.1/../../../../arm-none-eabi/lib/thumb/v7e-m/fpv4-sp/hard/libg_nano.a(lib_a-init.o)
                              /usr/bin/../lib/gcc/arm-none-eabi/7.2.1/../../../../arm-none-eabi/lib/thumb/v7e-m/fpv4-sp/hard/crt0.o (__libc_init_array)
/usr/bin/../lib/gcc/arm-none-eabi/7.2.1/../../../../arm-none-eabi/lib/thumb/v7e-m/fpv4-sp/hard/libg_nano.a(lib_a-malloc.o)
                              CMakeFiles/light_switch_server_nrf52832_xxAA_s132_6.0.0.dir/__/__/__/mesh/core/src/transport.c.obj (malloc)
/usr/bin/../lib/gcc/arm-none-eabi/7.2.1/../../../../arm-none-eabi/lib/thumb/v7e-m/fpv4-sp/hard/libg_nano.a(lib_a-memcmp.o)
                              CMakeFiles/light_switch_server_nrf52832_xxAA_s132_6.0.0.dir/__/__/__/mesh/core/src/cache.c.obj (memcmp)
/usr/bin/../lib/gcc/arm-none-eabi/7.2.1/../../../../arm-none-eabi/lib/thumb/v7e-m/fpv4-sp/hard/libg_nano.a(lib_a-memcpy-stub.o)
                              CMakeFiles/light_switch_server_nrf52832_xxAA_s132_6.0.0.dir/__/__/common/src/mesh_app_utils.c.obj (memcpy)
/usr/bin/../lib/gcc/arm-none-eabi/7.2.1/../../../../arm-none-eabi/lib/thumb/v7e-m/fpv4-sp/hard/libg_nano.a(lib_a-memset.o)
                              /usr/bin/../lib/gcc/arm-none-eabi/7.2.1/../../../../arm-none-eabi/lib/thumb/v7e-m/fpv4-sp/hard/crt0.o (memset)
/usr/bin/../lib/gcc/arm-none-eabi/7.2.1/../../../../arm-none-eabi/lib/thumb/v7e-m/fpv4-sp/hard/libg_nano.a(lib_a-nano-freer.o)
                              /usr/bin/../lib/gcc/arm-none-eabi/7.2.1/../../../../arm-none-eabi/lib/thumb/v7e-m/fpv4-sp/hard/libg_nano.a(lib_a-malloc.o) (_free_r)
/usr/bin/../lib/gcc/arm-none-eabi/7.2.1/../../../../arm-none-eabi/lib/thumb/v7e-m/fpv4-sp/hard/libg_nano.a(lib_a-nano-mallocr.o)
                              /usr/bin/../lib/gcc/arm-none-eabi/7.2.1/../../../../arm-none-eabi/lib/thumb/v7e-m/fpv4-sp/hard/libg_nano.a(lib_a-malloc.o) (_malloc_r)
/usr/bin/../lib/gcc/arm-none-eabi/7.2.1/../../../../arm-none-eabi/lib/thumb/v7e-m/fpv4-sp/hard/libg_nano.a(lib_a-sbrkr.o)
                              /usr/bin/../lib/gcc/arm-none-eabi/7.2.1/../../../../arm-none-eabi/lib/thumb/v7e-m/fpv4-sp/hard/libg_nano.a(lib_a-nano-mallocr.o) (_sbrk_r)
/usr/bin/../lib/gcc/arm-none-eabi/7.2.1/../../../../arm-none-eabi/lib/thumb/v7e-m/fpv4-sp/hard/libg_nano.a(lib_a-strcpy.o)
                              ../../../external/rtt/librtt_nrf52832_xxAA.a(SEGGER_RTT.c.obj) (strcpy)
/usr/bin/../lib/gcc/arm-none-eabi/7.2.1/../../../../arm-none-eabi/lib/thumb/v7e-m/fpv4-sp/hard/libg_nano.a(lib_a-strlen.o)
                              CMakeFiles/light_switch_server_nrf52832_xxAA_s132_6.0.0.dir/__/__/__/mesh/core/src/uri.c.obj (strlen)
/usr/bin/../lib/gcc/arm-none-eabi/7.2.1/../../../../arm-none-eabi/lib/thumb/v7e-m/fpv4-sp/hard/libg_nano.a(lib_a-strrchr.o)
[...]
Memory Configuration

Name             Origin             Length             Attributes
FLASH            0x0000000000026000 0x0000000000051000 xr
RAM              0x00000000200032c8 0x000000000000ca38 xrw
*default*        0x0000000000000000 0xffffffffffffffff

Linker script and memory map


.text           0x0000000000026000    0x1ce88
 *(.isr_vector)
 .isr_vector    0x0000000000026000      0x200 CMakeFiles/light_switch_server_nrf52832_xxAA_s132_6.0.0.dir/home/mazzer/work/nordic/sdk/nRF5_SDK_15.0.0/modules/nrfx/mdk/gcc_startup_nrf52.S.obj
                0x0000000000026000                __isr_vector
 *(.text*)
 .text          0x0000000000026200       0x40 /usr/bin/../lib/gcc/arm-none-eabi/7.2.1/thumb/v7e-m/fpv4-sp/hard/crtbegin.o
 .text          0x0000000000026240       0x74 /usr/bin/../lib/gcc/arm-none-eabi/7.2.1/../../../../arm-none-eabi/lib/thumb/v7e-m/fpv4-sp/hard/crt0.o
                0x0000000000026240                _mainCRTStartup
                0x0000000000026240                _start
 .text.sd_app_evt_wait
                0x00000000000262b4        0x4 CMakeFiles/light_switch_server_nrf52832_xxAA_s132_6.0.0.dir/src/main.c.obj
 .text.provisioning_complete_cb
                0x00000000000262b8       0xe4 CMakeFiles/light_switch_server_nrf52832_xxAA_s132_6.0.0.dir/src/main.c.obj
 .text.on_off_server_get_cb
                0x000000000002639c        0x8 CMakeFiles/light_switch_server_nrf52832_xxAA_s132_6.0.0.dir/src/main.c.obj
 .text.on_off_server_set_cb
                0x00000000000263a4       0x7c CMakeFiles/light_switch_server_nrf52832_xxAA_s132_6.0.0.dir/src/main.c.obj
 .text.node_reset
                0x0000000000026420       0x80 CMakeFiles/light_switch_server_nrf52832_xxAA_s132_6.0.0.dir/src/main.c.obj
 .text.button_event_handler
                0x00000000000264a0      0x100 CMakeFiles/light_switch_server_nrf52832_xxAA_s132_6.0.0.dir/src/main.c.obj
 .text.models_init_cb
                0x00000000000265a0       0xb0 CMakeFiles/light_switch_server_nrf52832_xxAA_s132_6.0.0.dir/src/main.c.obj
 .text.config_server_evt_cb
                0x0000000000026650       0x88 CMakeFiles/light_switch_server_nrf52832_xxAA_s132_6.0.0.dir/src/main.c.obj
 .text.app_rtt_input_handler
                0x00000000000266d8      0x108 CMakeFiles/light_switch_server_nrf52832_xxAA_s132_6.0.0.dir/src/main.c.obj
 .text.startup.main
                0x00000000000267e0      0x3e0 CMakeFiles/light_switch_server_nrf52832_xxAA_s132_6.0.0.dir/src/main.c.obj
                0x00000000000267e0                main
 .text.mesh_evt_handler
                0x0000000000026bc0       0x10 CMakeFiles/light_switch_server_nrf52832_xxAA_s132_6.0.0.dir/__/__/__/mesh/stack/src/mesh_stack.c.obj
 .text.mesh_stack_init
                0x0000000000026bd0       0x90 CMakeFiles/light_switch_server_nrf52832_xxAA_s132_6.0.0.dir/__/__/__/mesh/stack/src/mesh_stack.c.obj
                0x0000000000026bd0                mesh_stack_init
 .text.mesh_stack_start
                0x0000000000026c60        0x4 CMakeFiles/light_switch_server_nrf52832_xxAA_s132_6.0.0.dir/__/__/__/mesh/stack/src/mesh_stack.c.obj
                0x0000000000026c60                mesh_stack_start
 .text.mesh_stack_provisioning_data_store
                0x0000000000026c64       0x78 CMakeFiles/light_switch_server_nrf52832_xxAA_s132_6.0.0.dir/__/__/__/mesh/stack/src/mesh_stack.c.obj
                0x0000000000026c64                mesh_stack_provisioning_data_store
 .text.mesh_stack_config_clear
                0x0000000000026cdc       0x14 CMakeFiles/light_switch_server_nrf52832_xxAA_s132_6.0.0.dir/__/__/__/mesh/stack/src/mesh_stack.c.obj
                0x0000000000026cdc                mesh_stack_config_clear
 .text.mesh_stack_device_reset
                0x0000000000026cf0       0x20 CMakeFiles/light_switch_server_nrf52832_xxAA_s132_6.0.0.dir/__/__/__/mesh/stack/src/mesh_stack.c.obj
                0x0000000000026cf0                mesh_stack_device_reset
 .text.sd_evt_get
                0x0000000000026d10        0x4 CMakeFiles/light_switch_server_nrf52832_xxAA_s132_6.0.0.dir/__/__/common/src/mesh_softdevice_init.c.obj
 .text.sd_softdevice_enable
                0x0000000000026d14        0x4 CMakeFiles/light_switch_server_nrf52832_xxAA_s132_6.0.0.dir/__/__/common/src/mesh_softdevice_init.c.obj
 .text.sd_ble_enable
                0x0000000000026d18        0x4 CMakeFiles/light_switch_server_nrf52832_xxAA_s132_6.0.0.dir/__/__/common/src/mesh_softdevice_init.c.obj
 .text.SWI2_EGU2_IRQHandler
                0x0000000000026d1c       0x1c CMakeFiles/light_switch_server_nrf52832_xxAA_s132_6.0.0.dir/__/__/common/src/mesh_softdevice_init.c.obj
                0x0000000000026d1c                SWI2_EGU2_IRQHandler
 .text.mesh_softdevice_init
                0x0000000000026d38      0x1f8 CMakeFiles/light_switch_server_nrf52832_xxAA_s132_6.0.0.dir/__/__/common/src/mesh_softdevice_init.c.obj
                0x0000000000026d38                mesh_softdevice_init
 .text.prov_evt_handler
                0x0000000000026f30       0x70 CMakeFiles/light_switch_server_nrf52832_xxAA_s132_6.0.0.dir/__/__/common/src/mesh_provisionee.c.obj
 .text.mesh_provisionee_prov_start
                0x0000000000026fa0       0x88 CMakeFiles/light_switch_server_nrf52832_xxAA_s132_6.0.0.dir/__/__/common/src/mesh_provisionee.c.obj
                0x0000000000026fa0                mesh_provisionee_prov_start
 .text.TIMER2_IRQHandler
                0x0000000000027028       0x3c CMakeFiles/light_switch_server_nrf52832_xxAA_s132_6.0.0.dir/__/__/common/src/rtt_input.c.obj
                0x0000000000027028                TIMER2_IRQHandler
 .text.rtt_input_enable
                0x0000000000027064       0x5c CMakeFiles/light_switch_server_nrf52832_xxAA_s132_6.0.0.dir/__/__/common/src/rtt_input.c.obj
                0x0000000000027064                rtt_input_enable
 .text.hal_led_pin_get
                0x00000000000270c0       0x18 CMakeFiles/light_switch_server_nrf52832_xxAA_s132_6.0.0.dir/__/__/common/src/simple_hal.c.obj
                0x00000000000270c0                hal_led_pin_get
 .text.hal_led_pin_set
                0x00000000000270d8       0x18 CMakeFiles/light_switch_server_nrf52832_xxAA_s132_6.0.0.dir/__/__/common/src/simple_hal.c.obj
                0x00000000000270d8                hal_led_pin_set
 .text.hal_led_mask_set
                0x00000000000270f0       0x14 CMakeFiles/light_switch_server_nrf52832_xxAA_s132_6.0.0.dir/__/__/common/src/simple_hal.c.obj
                0x00000000000270f0                hal_led_mask_set
 .text.hal_led_blink_ms
                0x0000000000027104       0x50 CMakeFiles/light_switch_server_nrf52832_xxAA_s132_6.0.0.dir/__/__/common/src/simple_hal.c.obj
                0x0000000000027104                hal_led_blink_ms
 .text.hal_leds_init
                0x0000000000027154       0x3c CMakeFiles/light_switch_server_nrf52832_xxAA_s132_6.0.0.dir/__/__/common/src/simple_hal.c.obj
                0x0000000000027154                hal_leds_init
 .text.hal_buttons_init
                0x0000000000027190       0x54 CMakeFiles/light_switch_server_nrf52832_xxAA_s132_6.0.0.dir/__/__/common/src/simple_hal.c.obj
                0x0000000000027190                hal_buttons_init
 .text.GPIOTE_IRQHandler
                0x00000000000271e4       0x70 CMakeFiles/light_switch_server_nrf52832_xxAA_s132_6.0.0.dir/__/__/common/src/simple_hal.c.obj
                0x00000000000271e4                GPIOTE_IRQHandler
 .text.mesh_app_uuid_gen
                0x0000000000027254       0x34 CMakeFiles/light_switch_server_nrf52832_xxAA_s132_6.0.0.dir/__/__/common/src/mesh_app_utils.c.obj
                0x0000000000027254                mesh_app_uuid_gen
 .text._weak_handler
                0x0000000000027288        0x4 CMakeFiles/light_switch_server_nrf52832_xxAA_s132_6.0.0.dir/__/__/nrf_mesh_weak.c.obj
                0x0000000000027288                nrf_mesh_dfu_init
                0x0000000000027288                nrf_mesh_dfu_jump_to_bootloader
                0x0000000000027288                nrf_mesh_dfu_rx
                0x0000000000027288                prov_provisioner_provision
                0x0000000000027288                nrf_mesh_dfu_bank_info_get
                0x0000000000027288                prov_provisioner_oob_pubkey
                0x0000000000027288                nrf_mesh_dfu_request
                0x0000000000027288                nrf_mesh_dfu_bank_flash
                0x0000000000027288                _weak_handler
                0x0000000000027288                nrf_mesh_dfu_relay
                0x0000000000027288                nrf_mesh_dfu_abort
                0x0000000000027288                mesh_flash_op_execute
                0x0000000000027288                prov_provisionee_init
                0x0000000000027288                nrf_mesh_dfu_state_get
                0x0000000000027288                prov_provisioner_shared_secret
                0x0000000000027288                prov_provisioner_auth_data
                0x0000000000027288                prov_provisioner_oob_use
 .text.app_error_fault_handler
                0x000000000002728c      0x238 CMakeFiles/light_switch_server_nrf52832_xxAA_s132_6.0.0.dir/__/__/common/src/app_error_weak.c.obj
                0x000000000002728c                app_error_fault_handler
 .text.mesh_assertion_handler
                0x00000000000274c4       0x24 CMakeFiles/light_switch_server_nrf52832_xxAA_s132_6.0.0.dir/__/__/common/src/assertion_handler_weak.c.obj
                0x00000000000274c4                mesh_assertion_handler
 .text.nrf_mesh_configure_device_uuid_set
                0x00000000000274e8       0x10 CMakeFiles/light_switch_server_nrf52832_xxAA_s132_6.0.0.dir/__/__/__/mesh/core/src/nrf_mesh_configure.c.obj
                0x00000000000274e8                nrf_mesh_configure_device_uuid_set
 .text.nrf_mesh_configure_device_uuid_reset
                0x00000000000274f8       0x2c CMakeFiles/light_switch_server_nrf52832_xxAA_s132_6.0.0.dir/__/__/__/mesh/core/src/nrf_mesh_configure.c.obj
                0x00000000000274f8                nrf_mesh_configure_device_uuid_reset
 .text.nrf_mesh_configure_device_uuid_get
                0x0000000000027524        0x8 CMakeFiles/light_switch_server_nrf52832_xxAA_s132_6.0.0.dir/__/__/__/mesh/core/src/nrf_mesh_configure.c.obj
                0x0000000000027524                nrf_mesh_configure_device_uuid_get
 .text.sd_ecb_block_encrypt
                0x000000000002752c        0x4 CMakeFiles/light_switch_server_nrf52832_xxAA_s132_6.0.0.dir/__/__/__/mesh/core/src/aes.c.obj
 .text.aes_encrypt
                0x0000000000027530       0x34 CMakeFiles/light_switch_server_nrf52832_xxAA_s132_6.0.0.dir/__/__/__/mesh/core/src/aes.c.obj
                0x0000000000027530                aes_encrypt
 .text.msg_cache_init
                0x0000000000027564       0x24 CMakeFiles/light_switch_server_nrf52832_xxAA_s132_6.0.0.dir/__/__/__/mesh/core/src/msg_cache.c.obj
                0x0000000000027564                msg_cache_init
 .text.msg_cache_entry_exists
                0x0000000000027588       0x40 CMakeFiles/light_switch_server_nrf52832_xxAA_s132_6.0.0.dir/__/__/__/mesh/core/src/msg_cache.c.obj
                0x0000000000027588                msg_cache_entry_exists
 .text.msg_cache_entry_add
                0x00000000000275c8       0x2c CMakeFiles/light_switch_server_nrf52832_xxAA_s132_6.0.0.dir/__/__/__/mesh/core/src/msg_cache.c.obj
                0x00000000000275c8                msg_cache_entry_add
 .text.tx_complete
                0x00000000000275f4       0x30 CMakeFiles/light_switch_server_nrf52832_xxAA_s132_6.0.0.dir/__/__/__/mesh/core/src/transport.c.obj
 .text.upper_trs_packet_encrypt
                0x0000000000027624       0xa8 CMakeFiles/light_switch_server_nrf52832_xxAA_s132_6.0.0.dir/__/__/__/mesh/core/src/transport.c.obj
 .text.trs_sar_packet_out
                0x00000000000276cc      0x19c CMakeFiles/light_switch_server_nrf52832_xxAA_s132_6.0.0.dir/__/__/__/mesh/core/src/transport.c.obj
 .text.upper_transport_access_packet_in
                0x0000000000027868      0x33c CMakeFiles/light_switch_server_nrf52832_xxAA_s132_6.0.0.dir/__/__/__/mesh/core/src/transport.c.obj
 .text.sar_ctx_cancel
                0x0000000000027ba4      0x148 CMakeFiles/light_switch_server_nrf52832_xxAA_s132_6.0.0.dir/__/__/__/mesh/core/src/transport.c.obj
 .text.retry_timeout
                0x0000000000027cec       0x98 CMakeFiles/light_switch_server_nrf52832_xxAA_s132_6.0.0.dir/__/__/__/mesh/core/src/transport.c.obj
 .text.upper_transport_packet_in
                0x0000000000027d84      0x2a4 CMakeFiles/light_switch_server_nrf52832_xxAA_s132_6.0.0.dir/__/__/__/mesh/core/src/transport.c.obj
 .text.upper_transport_tx.part.27
                0x0000000000028028      0x370 CMakeFiles/light_switch_server_nrf52832_xxAA_s132_6.0.0.dir/__/__/__/mesh/core/src/transport.c.obj
 .text.sar_ack_send.part.31
                0x0000000000028398       0xd4 CMakeFiles/light_switch_server_nrf52832_xxAA_s132_6.0.0.dir/__/__/__/mesh/core/src/transport.c.obj
 .text.transport_sar_process
                0x000000000002846c      0x274 CMakeFiles/light_switch_server_nrf52832_xxAA_s132_6.0.0.dir/__/__/__/mesh/core/src/transport.c.obj
 .text.abort_timeout
                0x00000000000286e0      0x138 CMakeFiles/light_switch_server_nrf52832_xxAA_s132_6.0.0.dir/__/__/__/mesh/core/src/transport.c.obj
 .text.ack_timeout
                0x0000000000028818       0xf8 CMakeFiles/light_switch_server_nrf52832_xxAA_s132_6.0.0.dir/__/__/__/mesh/core/src/transport.c.obj
 .text.transport_init
                0x0000000000028910       0xac CMakeFiles/light_switch_server_nrf52832_xxAA_s132_6.0.0.dir/__/__/__/mesh/core/src/transport.c.obj
                0x0000000000028910                transport_init
 .text.transport_packet_in
                0x00000000000289bc      0x778 CMakeFiles/light_switch_server_nrf52832_xxAA_s132_6.0.0.dir/__/__/__/mesh/core/src/transport.c.obj
                0x00000000000289bc                transport_packet_in
 .text.transport_tx
                0x0000000000029134       0xec CMakeFiles/light_switch_server_nrf52832_xxAA_s132_6.0.0.dir/__/__/__/mesh/core/src/transport.c.obj
                0x0000000000029134                transport_tx
 .text.transport_control_tx
                0x0000000000029220       0xc4 CMakeFiles/light_switch_server_nrf52832_xxAA_s132_6.0.0.dir/__/__/__/mesh/core/src/transport.c.obj
                0x0000000000029220                transport_control_tx
 .text.transport_opt_set
                0x00000000000292e4       0xdc CMakeFiles/light_switch_server_nrf52832_xxAA_s132_6.0.0.dir/__/__/__/mesh/core/src/transport.c.obj
                0x00000000000292e4                transport_opt_set
 .text.transport_opt_get
                0x00000000000293c0       0x84 CMakeFiles/light_switch_server_nrf52832_xxAA_s132_6.0.0.dir/__/__/__/mesh/core/src/transport.c.obj
                0x00000000000293c0                transport_opt_get
 .text.transport_control_packet_consumer_add
                0x0000000000029444       0x68 CMakeFiles/light_switch_server_nrf52832_xxAA_s132_6.0.0.dir/__/__/__/mesh/core/src/transport.c.obj
                0x0000000000029444                transport_control_packet_consumer_add
 .text.event_handle
                0x00000000000294ac       0x28 CMakeFiles/light_switch_server_nrf52832_xxAA_s132_6.0.0.dir/__/__/__/mesh/core/src/event.c.obj
                0x00000000000294ac                event_handle
 .text.event_handler_add
                0x00000000000294d4       0x28 CMakeFiles/light_switch_server_nrf52832_xxAA_s132_6.0.0.dir/__/__/__/mesh/core/src/event.c.obj
                0x00000000000294d4                event_handler_add
 .text.event_handler_remove
                0x00000000000294fc       0x28 CMakeFiles/light_switch_server_nrf52832_xxAA_s132_6.0.0.dir/__/__/__/mesh/core/src/event.c.obj
                0x00000000000294fc                event_handler_remove
 .text.packet_buffer_init
                0x0000000000029524       0xb4 CMakeFiles/light_switch_server_nrf52832_xxAA_s132_6.0.0.dir/__/__/__/mesh/core/src/packet_buffer.c.obj
                0x0000000000029524                packet_buffer_init
 .text.packet_buffer_flush
                0x00000000000295d8       0x6c CMakeFiles/light_switch_server_nrf52832_xxAA_s132_6.0.0.dir/__/__/__/mesh/core/src/packet_buffer.c.obj
                0x00000000000295d8                packet_buffer_flush
 .text.packet_buffer_reserve
                0x0000000000029644       0xa4 CMakeFiles/light_switch_server_nrf52832_xxAA_s132_6.0.0.dir/__/__/__/mesh/core/src/packet_buffer.c.obj
                0x0000000000029644                packet_buffer_reserve
 .text.packet_buffer_commit
                0x00000000000296e8       0x7c CMakeFiles/light_switch_server_nrf52832_xxAA_s132_6.0.0.dir/__/__/__/mesh/core/src/packet_buffer.c.obj
                0x00000000000296e8                packet_buffer_commit
 .text.packet_buffer_pop
                0x0000000000029764       0x44 CMakeFiles/light_switch_server_nrf52832_xxAA_s132_6.0.0.dir/__/__/__/mesh/core/src/packet_buffer.c.obj
                0x0000000000029764                packet_buffer_pop
 .text.packet_buffer_can_pop
                0x00000000000297a8       0x24 CMakeFiles/light_switch_server_nrf52832_xxAA_s132_6.0.0.dir/__/__/__/mesh/core/src/packet_buffer.c.obj
                0x00000000000297a8                packet_buffer_can_pop
 .text.packet_buffer_packets_ready_to_pop
                0x00000000000297cc       0x5c CMakeFiles/light_switch_server_nrf52832_xxAA_s132_6.0.0.dir/__/__/__/mesh/core/src/packet_buffer.c.obj
                0x00000000000297cc                packet_buffer_packets_ready_to_pop
 .text.packet_buffer_free
                0x0000000000029828       0x8c CMakeFiles/light_switch_server_nrf52832_xxAA_s132_6.0.0.dir/__/__/__/mesh/core/src/packet_buffer.c.obj
                0x0000000000029828                packet_buffer_free
 .text.erase_source
                0x00000000000298b4       0x34 CMakeFiles/light_switch_server_nrf52832_xxAA_s132_6.0.0.dir/__/__/__/mesh/core/src/flash_manager_defrag.c.obj
 .text.erase_recovery_area
                0x00000000000298e8       0x34 CMakeFiles/light_switch_server_nrf52832_xxAA_s132_6.0.0.dir/__/__/__/mesh/core/src/flash_manager_defrag.c.obj
 .text.write_back
                0x000000000002991c       0x44 CMakeFiles/light_switch_server_nrf52832_xxAA_s132_6.0.0.dir/__/__/__/mesh/core/src/flash_manager_defrag.c.obj
 .text.write_defrag_start_pointer
                0x0000000000029960       0x38 CMakeFiles/light_switch_server_nrf52832_xxAA_s132_6.0.0.dir/__/__/__/mesh/core/src/flash_manager_defrag.c.obj
 .text.copy_metadata
                0x0000000000029998       0x58 CMakeFiles/light_switch_server_nrf52832_xxAA_s132_6.0.0.dir/__/__/__/mesh/core/src/flash_manager_defrag.c.obj
 .text.seal_storage_page
                0x00000000000299f0       0x70 CMakeFiles/light_switch_server_nrf52832_xxAA_s132_6.0.0.dir/__/__/__/mesh/core/src/flash_manager_defrag.c.obj
 .text.post_process
                0x0000000000029a60       0x64 CMakeFiles/light_switch_server_nrf52832_xxAA_s132_6.0.0.dir/__/__/__/mesh/core/src/flash_manager_defrag.c.obj
 .text.check_for_invalid_entries
                0x0000000000029ac4       0x40 CMakeFiles/light_switch_server_nrf52832_xxAA_s132_6.0.0.dir/__/__/__/mesh/core/src/flash_manager_defrag.c.obj
 .text.execute_procedure_step
                0x0000000000029b04       0x98 CMakeFiles/light_switch_server_nrf52832_xxAA_s132_6.0.0.dir/__/__/__/mesh/core/src/flash_manager_defrag.c.obj
 .text.on_flash_op_end
                0x0000000000029b9c       0x48 CMakeFiles/light_switch_server_nrf52832_xxAA_s132_6.0.0.dir/__/__/__/mesh/core/src/flash_manager_defrag.c.obj
 .text.invalidate_duplicate_entries
                0x0000000000029be4      0x150 CMakeFiles/light_switch_server_nrf52832_xxAA_s132_6.0.0.dir/__/__/__/mesh/core/src/flash_manager_defrag.c.obj
 .text.backup_entries
                0x0000000000029d34      0x1c8 CMakeFiles/light_switch_server_nrf52832_xxAA_s132_6.0.0.dir/__/__/__/mesh/core/src/flash_manager_defrag.c.obj
 .text.flash_manager_defrag_init
                0x0000000000029efc       0x6c CMakeFiles/light_switch_server_nrf52832_xxAA_s132_6.0.0.dir/__/__/__/mesh/core/src/flash_manager_defrag.c.obj
                0x0000000000029efc                flash_manager_defrag_init
 .text.flash_manager_defrag_is_running
                0x0000000000029f68       0x10 CMakeFiles/light_switch_server_nrf52832_xxAA_s132_6.0.0.dir/__/__/__/mesh/core/src/flash_manager_defrag.c.obj
                0x0000000000029f68                flash_manager_defrag_is_running
 .text.flash_manager_defrag
                0x0000000000029f78       0x48 CMakeFiles/light_switch_server_nrf52832_xxAA_s132_6.0.0.dir/__/__/__/mesh/core/src/flash_manager_defrag.c.obj
                0x0000000000029f78                flash_manager_defrag
 .text.flash_manager_defrag_recovery_page_get
                0x0000000000029fc0        0xc CMakeFiles/light_switch_server_nrf52832_xxAA_s132_6.0.0.dir/__/__/__/mesh/core/src/flash_manager_defrag.c.obj
                0x0000000000029fc0                flash_manager_defrag_recovery_page_get
 .text.fifo_init
                0x0000000000029fcc       0x38 CMakeFiles/light_switch_server_nrf52832_xxAA_s132_6.0.0.dir/__/__/__/mesh/core/src/fifo.c.obj
                0x0000000000029fcc                fifo_init
 .text.fifo_push
                0x000000000002a004       0x60 CMakeFiles/light_switch_server_nrf52832_xxAA_s132_6.0.0.dir/__/__/__/mesh/core/src/fifo.c.obj
                0x000000000002a004                fifo_push
 .text.fifo_pop
                0x000000000002a064       0x5c CMakeFiles/light_switch_server_nrf52832_xxAA_s132_6.0.0.dir/__/__/__/mesh/core/src/fifo.c.obj
                0x000000000002a064                fifo_pop
 .text.nrf_flash_erase
                0x000000000002a0c0       0x5c CMakeFiles/light_switch_server_nrf52832_xxAA_s132_6.0.0.dir/__/__/__/mesh/core/src/nrf_flash.c.obj
                0x000000000002a0c0                nrf_flash_erase
 .text.nrf_flash_write
                0x000000000002a11c       0x70 CMakeFiles/light_switch_server_nrf52832_xxAA_s132_6.0.0.dir/__/__/__/mesh/core/src/nrf_flash.c.obj
                0x000000000002a11c                nrf_flash_write
 .text.packet_mgr_init
                0x000000000002a18c       0x48 CMakeFiles/light_switch_server_nrf52832_xxAA_s132_6.0.0.dir/__/__/__/mesh/core/src/packet_mgr.c.obj
                0x000000000002a18c                packet_mgr_init
 .text.flash_store_iv_index
                0x000000000002a1d4       0x38 CMakeFiles/light_switch_server_nrf52832_xxAA_s132_6.0.0.dir/__/__/__/mesh/core/src/net_state.c.obj
 .text.flash_mem_available
                0x000000000002a20c       0x1c CMakeFiles/light_switch_server_nrf52832_xxAA_s132_6.0.0.dir/__/__/__/mesh/core/src/net_state.c.obj
 .text.init_flash_storage
                0x000000000002a228       0x44 CMakeFiles/light_switch_server_nrf52832_xxAA_s132_6.0.0.dir/__/__/__/mesh/core/src/net_state.c.obj
 .text.flash_write_complete
                0x000000000002a26c       0x6c CMakeFiles/light_switch_server_nrf52832_xxAA_s132_6.0.0.dir/__/__/__/mesh/core/src/net_state.c.obj
 .text.seqnum_block_allocate
                0x000000000002a2d8       0x4c CMakeFiles/light_switch_server_nrf52832_xxAA_s132_6.0.0.dir/__/__/__/mesh/core/src/net_state.c.obj
 .text.net_state_reset
                0x000000000002a324       0x78 CMakeFiles/light_switch_server_nrf52832_xxAA_s132_6.0.0.dir/__/__/__/mesh/core/src/net_state.c.obj
                0x000000000002a324                net_state_reset
 .text.iv_update_trigger_if_pending
                0x000000000002a39c      0x174 CMakeFiles/light_switch_server_nrf52832_xxAA_s132_6.0.0.dir/__/__/__/mesh/core/src/net_state.c.obj
 .text.iv_update_timer_handler
                0x000000000002a510       0x70 CMakeFiles/light_switch_server_nrf52832_xxAA_s132_6.0.0.dir/__/__/__/mesh/core/src/net_state.c.obj
 .text.mesh_evt_handler
                0x000000000002a580      0x104 CMakeFiles/light_switch_server_nrf52832_xxAA_s132_6.0.0.dir/__/__/__/mesh/core/src/net_state.c.obj
 .text.net_state_recover_from_flash
                0x000000000002a684      0x118 CMakeFiles/light_switch_server_nrf52832_xxAA_s132_6.0.0.dir/__/__/__/mesh/core/src/net_state.c.obj
                0x000000000002a684                net_state_recover_from_flash
 .text.net_state_flash_area_get
                0x000000000002a79c        0xc CMakeFiles/light_switch_server_nrf52832_xxAA_s132_6.0.0.dir/__/__/__/mesh/core/src/net_state.c.obj
                0x000000000002a79c                net_state_flash_area_get
 .text.net_state_init
                0x000000000002a7a8       0x94 CMakeFiles/light_switch_server_nrf52832_xxAA_s132_6.0.0.dir/__/__/__/mesh/core/src/net_state.c.obj
                0x000000000002a7a8                net_state_init
 .text.net_state_seqnum_alloc
                0x000000000002a83c       0xd0 CMakeFiles/light_switch_server_nrf52832_xxAA_s132_6.0.0.dir/__/__/__/mesh/core/src/net_state.c.obj
                0x000000000002a83c                net_state_seqnum_alloc
 .text.net_state_iv_index_lock
                0x000000000002a90c      0x188 CMakeFiles/light_switch_server_nrf52832_xxAA_s132_6.0.0.dir/__/__/__/mesh/core/src/net_state.c.obj
                0x000000000002a90c                net_state_iv_index_lock
 .text.net_state_key_refresh_phase_changed
                0x000000000002aa94       0x20 CMakeFiles/light_switch_server_nrf52832_xxAA_s132_6.0.0.dir/__/__/__/mesh/core/src/net_state.c.obj
                0x000000000002aa94                net_state_key_refresh_phase_changed
 .text.net_state_beacon_iv_index_get
                0x000000000002aab4        0xc CMakeFiles/light_switch_server_nrf52832_xxAA_s132_6.0.0.dir/__/__/__/mesh/core/src/net_state.c.obj
                0x000000000002aab4                net_state_beacon_iv_index_get
 .text.net_state_tx_iv_index_get
                0x000000000002aac0       0x14 CMakeFiles/light_switch_server_nrf52832_xxAA_s132_6.0.0.dir/__/__/__/mesh/core/src/net_state.c.obj
                0x000000000002aac0                net_state_tx_iv_index_get
 .text.net_state_rx_iv_index_get
                0x000000000002aad4       0x18 CMakeFiles/light_switch_server_nrf52832_xxAA_s132_6.0.0.dir/__/__/__/mesh/core/src/net_state.c.obj
                0x000000000002aad4                net_state_rx_iv_index_get
 .text.net_state_iv_update_get
                0x000000000002aaec        0xc CMakeFiles/light_switch_server_nrf52832_xxAA_s132_6.0.0.dir/__/__/__/mesh/core/src/net_state.c.obj
                0x000000000002aaec                net_state_iv_update_get
 .text.net_state_iv_index_set
                0x000000000002aaf8       0x88 CMakeFiles/light_switch_server_nrf52832_xxAA_s132_6.0.0.dir/__/__/__/mesh/core/src/net_state.c.obj
                0x000000000002aaf8                net_state_iv_index_set
 .text.send_end_events
                0x000000000002ab80       0x98 CMakeFiles/light_switch_server_nrf52832_xxAA_s132_6.0.0.dir/__/__/__/mesh/core/src/mesh_flash.c.obj
 .text.flash_op_start
                0x000000000002ac18      0x214 CMakeFiles/light_switch_server_nrf52832_xxAA_s132_6.0.0.dir/__/__/__/mesh/core/src/mesh_flash.c.obj
 .text.mesh_flash_init
                0x000000000002ae2c       0x78 CMakeFiles/light_switch_server_nrf52832_xxAA_s132_6.0.0.dir/__/__/__/mesh/core/src/mesh_flash.c.obj
                0x000000000002ae2c                mesh_flash_init
 .text.mesh_flash_user_callback_set
                0x000000000002aea4       0x20 CMakeFiles/light_switch_server_nrf52832_xxAA_s132_6.0.0.dir/__/__/__/mesh/core/src/mesh_flash.c.obj
                0x000000000002aea4                mesh_flash_user_callback_set
 .text.mesh_flash_op_push
                0x000000000002aec4      0x198 CMakeFiles/light_switch_server_nrf52832_xxAA_s132_6.0.0.dir/__/__/__/mesh/core/src/mesh_flash.c.obj
                0x000000000002aec4                mesh_flash_op_push
 .text.nrf_mesh_address_type_get
                0x000000000002b05c       0x10 CMakeFiles/light_switch_server_nrf52832_xxAA_s132_6.0.0.dir/__/__/__/mesh/core/src/nrf_mesh_utils.c.obj
                0x000000000002b05c                nrf_mesh_address_type_get
 .text.sd_softdevice_is_enabled
                0x000000000002b06c        0x4 CMakeFiles/light_switch_server_nrf52832_xxAA_s132_6.0.0.dir/__/__/__/mesh/core/src/nrf_mesh.c.obj
 .text.nrf_mesh_listen
                0x000000000002b070      0x184 CMakeFiles/light_switch_server_nrf52832_xxAA_s132_6.0.0.dir/__/__/__/mesh/core/src/nrf_mesh.c.obj
 .text.flash_stable_cb
                0x000000000002b1f4       0x20 CMakeFiles/light_switch_server_nrf52832_xxAA_s132_6.0.0.dir/__/__/__/mesh/core/src/nrf_mesh.c.obj
 .text.scanner_packet_process_cb
                0x000000000002b214       0x88 CMakeFiles/light_switch_server_nrf52832_xxAA_s132_6.0.0.dir/__/__/__/mesh/core/src/nrf_mesh.c.obj
 .text.nrf_mesh_init
                0x000000000002b29c       0xe4 CMakeFiles/light_switch_server_nrf52832_xxAA_s132_6.0.0.dir/__/__/__/mesh/core/src/nrf_mesh.c.obj
                0x000000000002b29c                nrf_mesh_init
 .text.nrf_mesh_enable
                0x000000000002b380       0x48 CMakeFiles/light_switch_server_nrf52832_xxAA_s132_6.0.0.dir/__/__/__/mesh/core/src/nrf_mesh.c.obj
                0x000000000002b380                nrf_mesh_enable
 .text.nrf_mesh_packet_send
                0x000000000002b3c8       0x94 CMakeFiles/light_switch_server_nrf52832_xxAA_s132_6.0.0.dir/__/__/__/mesh/core/src/nrf_mesh.c.obj
                0x000000000002b3c8                nrf_mesh_packet_send
 .text.nrf_mesh_evt_handler_add
                0x000000000002b45c        0x4 CMakeFiles/light_switch_server_nrf52832_xxAA_s132_6.0.0.dir/__/__/__/mesh/core/src/nrf_mesh.c.obj
                0x000000000002b45c                nrf_mesh_evt_handler_add
 .text.nrf_mesh_on_sd_evt
                0x000000000002b460        0xc CMakeFiles/light_switch_server_nrf52832_xxAA_s132_6.0.0.dir/__/__/__/mesh/core/src/nrf_mesh.c.obj
                0x000000000002b460                nrf_mesh_on_sd_evt
 .text.nrf_mesh_subnet_added
                0x000000000002b46c        0x4 CMakeFiles/light_switch_server_nrf52832_xxAA_s132_6.0.0.dir/__/__/__/mesh/core/src/nrf_mesh.c.obj
                0x000000000002b46c                nrf_mesh_subnet_added
 .text.queue_init
                0x000000000002b470       0x1c CMakeFiles/light_switch_server_nrf52832_xxAA_s132_6.0.0.dir/__/__/__/mesh/core/src/queue.c.obj
                0x000000000002b470                queue_init
 .text.queue_push
                0x000000000002b48c       0x3c CMakeFiles/light_switch_server_nrf52832_xxAA_s132_6.0.0.dir/__/__/__/mesh/core/src/queue.c.obj
                0x000000000002b48c                queue_push
 .text.queue_pop
                0x000000000002b4c8       0x2c CMakeFiles/light_switch_server_nrf52832_xxAA_s132_6.0.0.dir/__/__/__/mesh/core/src/queue.c.obj
                0x000000000002b4c8                queue_pop
 .text.queue_peek
                0x000000000002b4f4       0x14 CMakeFiles/light_switch_server_nrf52832_xxAA_s132_6.0.0.dir/__/__/__/mesh/core/src/queue.c.obj
                0x000000000002b4f4                queue_peek
 .text.sd_power_reset_reason_clr
                0x000000000002b508        0x4 CMakeFiles/light_switch_server_nrf52832_xxAA_s132_6.0.0.dir/__/__/__/mesh/core/src/hal.c.obj
 .text.sd_power_gpregret_set
                0x000000000002b50c        0x4 CMakeFiles/light_switch_server_nrf52832_xxAA_s132_6.0.0.dir/__/__/__/mesh/core/src/hal.c.obj
 .text.hal_device_reset
                0x000000000002b510       0x38 CMakeFiles/light_switch_server_nrf52832_xxAA_s132_6.0.0.dir/__/__/__/mesh/core/src/hal.c.obj
                0x000000000002b510                hal_device_reset
 .text.hal_lfclk_ppm_get
                0x000000000002b548       0x14 CMakeFiles/light_switch_server_nrf52832_xxAA_s132_6.0.0.dir/__/__/__/mesh/core/src/hal.c.obj
                0x000000000002b548                hal_lfclk_ppm_get
 .text.aes_cmac_subkey_generate
                0x000000000002b55c      0x294 CMakeFiles/light_switch_server_nrf52832_xxAA_s132_6.0.0.dir/__/__/__/mesh/core/src/aes_cmac.c.obj
                0x000000000002b55c                aes_cmac_subkey_generate
 .text.aes_cmac
                0x000000000002b7f0      0x4b8 CMakeFiles/light_switch_server_nrf52832_xxAA_s132_6.0.0.dir/__/__/__/mesh/core/src/aes_cmac.c.obj
                0x000000000002b7f0                aes_cmac
 .text.timer_cb
                0x000000000002bca8        0xc CMakeFiles/light_switch_server_nrf52832_xxAA_s132_6.0.0.dir/__/__/__/mesh/core/src/timer_scheduler.c.obj
 .text.add_evt.constprop.1
                0x000000000002bcb4       0x60 CMakeFiles/light_switch_server_nrf52832_xxAA_s132_6.0.0.dir/__/__/__/mesh/core/src/timer_scheduler.c.obj
 .text.flag_event_cb
                0x000000000002bd14      0x2f0 CMakeFiles/light_switch_server_nrf52832_xxAA_s132_6.0.0.dir/__/__/__/mesh/core/src/timer_scheduler.c.obj
 .text.timer_sch_init
                0x000000000002c004       0x24 CMakeFiles/light_switch_server_nrf52832_xxAA_s132_6.0.0.dir/__/__/__/mesh/core/src/timer_scheduler.c.obj
                0x000000000002c004                timer_sch_init
 .text.timer_sch_schedule
                0x000000000002c028       0x68 CMakeFiles/light_switch_server_nrf52832_xxAA_s132_6.0.0.dir/__/__/__/mesh/core/src/timer_scheduler.c.obj
                0x000000000002c028                timer_sch_schedule
 .text.timer_sch_abort
                0x000000000002c090       0x5c CMakeFiles/light_switch_server_nrf52832_xxAA_s132_6.0.0.dir/__/__/__/mesh/core/src/timer_scheduler.c.obj
                0x000000000002c090                timer_sch_abort
 .text.timer_sch_reschedule
                0x000000000002c0ec       0x90 CMakeFiles/light_switch_server_nrf52832_xxAA_s132_6.0.0.dir/__/__/__/mesh/core/src/timer_scheduler.c.obj
                0x000000000002c0ec                timer_sch_reschedule
 .text.timer_event_handler
                0x000000000002c17c       0xd0 CMakeFiles/light_switch_server_nrf52832_xxAA_s132_6.0.0.dir/__/__/__/mesh/core/src/timer.c.obj
                0x000000000002c17c                timer_event_handler
 .text.timer_order_cb
                0x000000000002c24c       0x9c CMakeFiles/light_switch_server_nrf52832_xxAA_s132_6.0.0.dir/__/__/__/mesh/core/src/timer.c.obj
                0x000000000002c24c                timer_order_cb
 .text.timer_now
                0x000000000002c2e8       0x58 CMakeFiles/light_switch_server_nrf52832_xxAA_s132_6.0.0.dir/__/__/__/mesh/core/src/timer.c.obj
                0x000000000002c2e8                timer_now
 .text.timer_on_ts_begin
                0x000000000002c340      0x100 CMakeFiles/light_switch_server_nrf52832_xxAA_s132_6.0.0.dir/__/__/__/mesh/core/src/timer.c.obj
                0x000000000002c340                timer_on_ts_begin
 .text.timer_on_ts_end
                0x000000000002c440       0x78 CMakeFiles/light_switch_server_nrf52832_xxAA_s132_6.0.0.dir/__/__/__/mesh/core/src/timer.c.obj
                0x000000000002c440                timer_on_ts_end
 .text.timer_cb
                0x000000000002c4b8       0x10 CMakeFiles/light_switch_server_nrf52832_xxAA_s132_6.0.0.dir/__/__/__/mesh/core/src/ticker.c.obj
 .text.ticker_init
                0x000000000002c4c8       0x3c CMakeFiles/light_switch_server_nrf52832_xxAA_s132_6.0.0.dir/__/__/__/mesh/core/src/ticker.c.obj
                0x000000000002c4c8                ticker_init
 .text.sd_rand_application_bytes_available_get
                0x000000000002c504        0x4 CMakeFiles/light_switch_server_nrf52832_xxAA_s132_6.0.0.dir/__/__/__/mesh/core/src/rand.c.obj
 .text.sd_rand_application_vector_get
                0x000000000002c508        0x4 CMakeFiles/light_switch_server_nrf52832_xxAA_s132_6.0.0.dir/__/__/__/mesh/core/src/rand.c.obj
 .text.rand_prng_seed
                0x000000000002c50c       0x78 CMakeFiles/light_switch_server_nrf52832_xxAA_s132_6.0.0.dir/__/__/__/mesh/core/src/rand.c.obj
                0x000000000002c50c                rand_prng_seed
 .text.rand_prng_get
                0x000000000002c584       0x28 CMakeFiles/light_switch_server_nrf52832_xxAA_s132_6.0.0.dir/__/__/__/mesh/core/src/rand.c.obj
                0x000000000002c584                rand_prng_get
 .text.rand_hw_rng_get
                0x000000000002c5ac       0x60 CMakeFiles/light_switch_server_nrf52832_xxAA_s132_6.0.0.dir/__/__/__/mesh/core/src/rand.c.obj
                0x000000000002c5ac                rand_hw_rng_get
 .text.nrf_mesh_opt_set
                0x000000000002c60c       0x28 CMakeFiles/light_switch_server_nrf52832_xxAA_s132_6.0.0.dir/__/__/__/mesh/core/src/nrf_mesh_opt.c.obj
                0x000000000002c60c                nrf_mesh_opt_set
 .text.nrf_mesh_opt_get
                0x000000000002c634       0x28 CMakeFiles/light_switch_server_nrf52832_xxAA_s132_6.0.0.dir/__/__/__/mesh/core/src/nrf_mesh_opt.c.obj
                0x000000000002c634                nrf_mesh_opt_get
 .text.sd_radio_session_open
                0x000000000002c65c        0x4 CMakeFiles/light_switch_server_nrf52832_xxAA_s132_6.0.0.dir/__/__/__/mesh/core/src/timeslot.c.obj
 .text.sd_radio_session_close
                0x000000000002c660        0x4 CMakeFiles/light_switch_server_nrf52832_xxAA_s132_6.0.0.dir/__/__/__/mesh/core/src/timeslot.c.obj
 .text.sd_radio_request
                0x000000000002c664        0x4 CMakeFiles/light_switch_server_nrf52832_xxAA_s132_6.0.0.dir/__/__/__/mesh/core/src/timeslot.c.obj
 .text.end_timer_handler
                0x000000000002c668       0x2c CMakeFiles/light_switch_server_nrf52832_xxAA_s132_6.0.0.dir/__/__/__/mesh/core/src/timeslot.c.obj
 .text.radio_signal_callback
                0x000000000002c694      0x2b4 CMakeFiles/light_switch_server_nrf52832_xxAA_s132_6.0.0.dir/__/__/__/mesh/core/src/timeslot.c.obj
 .text.timeslot_sd_event_handler
                0x000000000002c948       0x44 CMakeFiles/light_switch_server_nrf52832_xxAA_s132_6.0.0.dir/__/__/__/mesh/core/src/timeslot.c.obj
                0x000000000002c948                timeslot_sd_event_handler
 .text.timeslot_init
                0x000000000002c98c       0x4c CMakeFiles/light_switch_server_nrf52832_xxAA_s132_6.0.0.dir/__/__/__/mesh/core/src/timeslot.c.obj
                0x000000000002c98c                timeslot_init
 .text.timeslot_start
                0x000000000002c9d8       0x20 CMakeFiles/light_switch_server_nrf52832_xxAA_s132_6.0.0.dir/__/__/__/mesh/core/src/timeslot.c.obj
                0x000000000002c9d8                timeslot_start
 .text.timeslot_stop
                0x000000000002c9f8       0x30 CMakeFiles/light_switch_server_nrf52832_xxAA_s132_6.0.0.dir/__/__/__/mesh/core/src/timeslot.c.obj
                0x000000000002c9f8                timeslot_stop
 .text.timeslot_state_lock
                0x000000000002ca28       0x44 CMakeFiles/light_switch_server_nrf52832_xxAA_s132_6.0.0.dir/__/__/__/mesh/core/src/timeslot.c.obj
                0x000000000002ca28                timeslot_state_lock
 .text.timeslot_end_is_pending
                0x000000000002ca6c       0x24 CMakeFiles/light_switch_server_nrf52832_xxAA_s132_6.0.0.dir/__/__/__/mesh/core/src/timeslot.c.obj
                0x000000000002ca6c                timeslot_end_is_pending
 .text.timeslot_start_time_get
                0x000000000002ca90        0xc CMakeFiles/light_switch_server_nrf52832_xxAA_s132_6.0.0.dir/__/__/__/mesh/core/src/timeslot.c.obj
                0x000000000002ca90                timeslot_start_time_get
 .text.timeslot_remaining_time_get
                0x000000000002ca9c       0x40 CMakeFiles/light_switch_server_nrf52832_xxAA_s132_6.0.0.dir/__/__/__/mesh/core/src/timeslot.c.obj
                0x000000000002ca9c                timeslot_remaining_time_get
 .text.timeslot_is_in_cb
                0x000000000002cadc        0xc CMakeFiles/light_switch_server_nrf52832_xxAA_s132_6.0.0.dir/__/__/__/mesh/core/src/timeslot.c.obj
                0x000000000002cadc                timeslot_is_in_cb
 .text.timeslot_trigger
                0x000000000002cae8       0x24 CMakeFiles/light_switch_server_nrf52832_xxAA_s132_6.0.0.dir/__/__/__/mesh/core/src/timeslot.c.obj
                0x000000000002cae8                timeslot_trigger
 .text.bearer_event_init
                0x000000000002cb0c       0x4c CMakeFiles/light_switch_server_nrf52832_xxAA_s132_6.0.0.dir/__/__/__/mesh/core/src/bearer_event.c.obj
                0x000000000002cb0c                bearer_event_init
 .text.bearer_event_timer_post
                0x000000000002cb58       0x50 CMakeFiles/light_switch_server_nrf52832_xxAA_s132_6.0.0.dir/__/__/__/mesh/core/src/bearer_event.c.obj
                0x000000000002cb58                bearer_event_timer_post
 .text.bearer_event_critical_section_begin
                0x000000000002cba8       0x44 CMakeFiles/light_switch_server_nrf52832_xxAA_s132_6.0.0.dir/__/__/__/mesh/core/src/bearer_event.c.obj
                0x000000000002cba8                bearer_event_critical_section_begin
 .text.bearer_event_critical_section_end
                0x000000000002cbec       0x40 CMakeFiles/light_switch_server_nrf52832_xxAA_s132_6.0.0.dir/__/__/__/mesh/core/src/bearer_event.c.obj
                0x000000000002cbec                bearer_event_critical_section_end
 .text.bearer_event_flag_add
                0x000000000002cc2c       0x40 CMakeFiles/light_switch_server_nrf52832_xxAA_s132_6.0.0.dir/__/__/__/mesh/core/src/bearer_event.c.obj
                0x000000000002cc2c                bearer_event_flag_add
 .text.bearer_event_flag_set
                0x000000000002cc6c       0x5c CMakeFiles/light_switch_server_nrf52832_xxAA_s132_6.0.0.dir/__/__/__/mesh/core/src/bearer_event.c.obj
                0x000000000002cc6c                bearer_event_flag_set
 .text.bearer_event_sequential_add
                0x000000000002ccc8       0x34 CMakeFiles/light_switch_server_nrf52832_xxAA_s132_6.0.0.dir/__/__/__/mesh/core/src/bearer_event.c.obj
                0x000000000002ccc8                bearer_event_sequential_add
 .text.bearer_event_sequential_post
                0x000000000002ccfc       0x64 CMakeFiles/light_switch_server_nrf52832_xxAA_s132_6.0.0.dir/__/__/__/mesh/core/src/bearer_event.c.obj
                0x000000000002ccfc                bearer_event_sequential_post
 .text.bearer_event_sequential_pending
                0x000000000002cd60       0x14 CMakeFiles/light_switch_server_nrf52832_xxAA_s132_6.0.0.dir/__/__/__/mesh/core/src/bearer_event.c.obj
                0x000000000002cd60                bearer_event_sequential_pending
 .text.bearer_event_handler
                0x000000000002cd74      0x16c CMakeFiles/light_switch_server_nrf52832_xxAA_s132_6.0.0.dir/__/__/__/mesh/core/src/bearer_event.c.obj
                0x000000000002cd74                bearer_event_handler
 .text.QDEC_IRQHandler
                0x000000000002cee0        0x4 CMakeFiles/light_switch_server_nrf52832_xxAA_s132_6.0.0.dir/__/__/__/mesh/core/src/bearer_event.c.obj
                0x000000000002cee0                QDEC_IRQHandler
 .text.enc_aes_encrypt
                0x000000000002cee4        0x4 CMakeFiles/light_switch_server_nrf52832_xxAA_s132_6.0.0.dir/__/__/__/mesh/core/src/enc.c.obj
                0x000000000002cee4                enc_aes_encrypt
 .text.enc_aes_cmac
                0x000000000002cee8        0x4 CMakeFiles/light_switch_server_nrf52832_xxAA_s132_6.0.0.dir/__/__/__/mesh/core/src/enc.c.obj
                0x000000000002cee8                enc_aes_cmac
 .text.enc_aes_ccm_encrypt
                0x000000000002ceec        0x4 CMakeFiles/light_switch_server_nrf52832_xxAA_s132_6.0.0.dir/__/__/__/mesh/core/src/enc.c.obj
                0x000000000002ceec                enc_aes_ccm_encrypt
 .text.enc_aes_ccm_decrypt
                0x000000000002cef0        0x4 CMakeFiles/light_switch_server_nrf52832_xxAA_s132_6.0.0.dir/__/__/__/mesh/core/src/enc.c.obj
                0x000000000002cef0                enc_aes_ccm_decrypt
 .text.enc_nonce_generate
                0x000000000002cef4       0xc8 CMakeFiles/light_switch_server_nrf52832_xxAA_s132_6.0.0.dir/__/__/__/mesh/core/src/enc.c.obj
                0x000000000002cef4                enc_nonce_generate
 .text.enc_s1   0x000000000002cfbc       0x30 CMakeFiles/light_switch_server_nrf52832_xxAA_s132_6.0.0.dir/__/__/__/mesh/core/src/enc.c.obj
                0x000000000002cfbc                enc_s1
 .text.enc_k1   0x000000000002cfec       0x40 CMakeFiles/light_switch_server_nrf52832_xxAA_s132_6.0.0.dir/__/__/__/mesh/core/src/enc.c.obj
                0x000000000002cfec                enc_k1
 .text.enc_k2   0x000000000002d02c       0xe0 CMakeFiles/light_switch_server_nrf52832_xxAA_s132_6.0.0.dir/__/__/__/mesh/core/src/enc.c.obj
                0x000000000002d02c                enc_k2
 .text.enc_k3   0x000000000002d10c       0x68 CMakeFiles/light_switch_server_nrf52832_xxAA_s132_6.0.0.dir/__/__/__/mesh/core/src/enc.c.obj
                0x000000000002d10c                enc_k3
 .text.enc_k4   0x000000000002d174       0x60 CMakeFiles/light_switch_server_nrf52832_xxAA_s132_6.0.0.dir/__/__/__/mesh/core/src/enc.c.obj
                0x000000000002d174                enc_k4
 .text.network_init
                0x000000000002d1d4       0x28 CMakeFiles/light_switch_server_nrf52832_xxAA_s132_6.0.0.dir/__/__/__/mesh/core/src/network.c.obj
                0x000000000002d1d4                network_init
 .text.network_opt_set
                0x000000000002d1fc       0x84 CMakeFiles/light_switch_server_nrf52832_xxAA_s132_6.0.0.dir/__/__/__/mesh/core/src/network.c.obj
                0x000000000002d1fc                network_opt_set
 .text.network_opt_get
                0x000000000002d280       0x5c CMakeFiles/light_switch_server_nrf52832_xxAA_s132_6.0.0.dir/__/__/__/mesh/core/src/network.c.obj
                0x000000000002d280                network_opt_get
 .text.network_packet_alloc
                0x000000000002d2dc       0xa0 CMakeFiles/light_switch_server_nrf52832_xxAA_s132_6.0.0.dir/__/__/__/mesh/core/src/network.c.obj
                0x000000000002d2dc                network_packet_alloc
 .text.network_packet_send
                0x000000000002d37c       0x58 CMakeFiles/light_switch_server_nrf52832_xxAA_s132_6.0.0.dir/__/__/__/mesh/core/src/network.c.obj
                0x000000000002d37c                network_packet_send
 .text.network_packet_in
                0x000000000002d3d4      0x1c8 CMakeFiles/light_switch_server_nrf52832_xxAA_s132_6.0.0.dir/__/__/__/mesh/core/src/network.c.obj
                0x000000000002d3d4                network_packet_in
 .text.net_packet_decrypt
                0x000000000002d59c      0x2bc CMakeFiles/light_switch_server_nrf52832_xxAA_s132_6.0.0.dir/__/__/__/mesh/core/src/net_packet.c.obj
                0x000000000002d59c                net_packet_decrypt
 .text.net_packet_encrypt
                0x000000000002d858      0x100 CMakeFiles/light_switch_server_nrf52832_xxAA_s132_6.0.0.dir/__/__/__/mesh/core/src/net_packet.c.obj
                0x000000000002d858                net_packet_encrypt
 .text.net_packet_header_set
                0x000000000002d958       0xc0 CMakeFiles/light_switch_server_nrf52832_xxAA_s132_6.0.0.dir/__/__/__/mesh/core/src/net_packet.c.obj
                0x000000000002d958                net_packet_header_set
 .text.net_packet_payload_len_get
                0x000000000002da18       0x14 CMakeFiles/light_switch_server_nrf52832_xxAA_s132_6.0.0.dir/__/__/__/mesh/core/src/net_packet.c.obj
                0x000000000002da18                net_packet_payload_len_get
 .text.net_packet_from_payload
                0x000000000002da2c        0x4 CMakeFiles/light_switch_server_nrf52832_xxAA_s132_6.0.0.dir/__/__/__/mesh/core/src/net_packet.c.obj
                0x000000000002da2c                net_packet_from_payload
 .text.net_packet_obfuscation_start_get
                0x000000000002da30        0x4 CMakeFiles/light_switch_server_nrf52832_xxAA_s132_6.0.0.dir/__/__/__/mesh/core/src/net_packet.c.obj
                0x000000000002da30                net_packet_obfuscation_start_get
 .text.msq_init
                0x000000000002da34       0x6c CMakeFiles/light_switch_server_nrf52832_xxAA_s132_6.0.0.dir/__/__/__/mesh/core/src/msqueue.c.obj
                0x000000000002da34                msq_init
 .text.msq_get  0x000000000002daa0       0x54 CMakeFiles/light_switch_server_nrf52832_xxAA_s132_6.0.0.dir/__/__/__/mesh/core/src/msqueue.c.obj
                0x000000000002daa0                msq_get
 .text.msq_move
                0x000000000002daf4       0x4c CMakeFiles/light_switch_server_nrf52832_xxAA_s132_6.0.0.dir/__/__/__/mesh/core/src/msqueue.c.obj
                0x000000000002daf4                msq_move
 .text.msq_available
                0x000000000002db40       0x44 CMakeFiles/light_switch_server_nrf52832_xxAA_s132_6.0.0.dir/__/__/__/mesh/core/src/msqueue.c.obj
                0x000000000002db40                msq_available
 .text.nrf_mesh_keygen_aid
                0x000000000002db84       0x18 CMakeFiles/light_switch_server_nrf52832_xxAA_s132_6.0.0.dir/__/__/__/mesh/core/src/nrf_mesh_keygen.c.obj
                0x000000000002db84                nrf_mesh_keygen_aid
 .text.nrf_mesh_keygen_network_secmat
                0x000000000002db9c       0x24 CMakeFiles/light_switch_server_nrf52832_xxAA_s132_6.0.0.dir/__/__/__/mesh/core/src/nrf_mesh_keygen.c.obj
                0x000000000002db9c                nrf_mesh_keygen_network_secmat
 .text.nrf_mesh_keygen_beacon_secmat
                0x000000000002dbc0       0x50 CMakeFiles/light_switch_server_nrf52832_xxAA_s132_6.0.0.dir/__/__/__/mesh/core/src/nrf_mesh_keygen.c.obj
                0x000000000002dbc0                nrf_mesh_keygen_beacon_secmat
 .text.nrf_mesh_keygen_virtual_address
                0x000000000002dc10       0x50 CMakeFiles/light_switch_server_nrf52832_xxAA_s132_6.0.0.dir/__/__/__/mesh/core/src/nrf_mesh_keygen.c.obj
                0x000000000002dc10                nrf_mesh_keygen_virtual_address
 .text.list_add
                0x000000000002dc60       0x64 CMakeFiles/light_switch_server_nrf52832_xxAA_s132_6.0.0.dir/__/__/__/mesh/core/src/list.c.obj
                0x000000000002dc60                list_add
 .text.list_remove
                0x000000000002dcc4       0x44 CMakeFiles/light_switch_server_nrf52832_xxAA_s132_6.0.0.dir/__/__/__/mesh/core/src/list.c.obj
                0x000000000002dcc4                list_remove
 .text.list_compare_add
                0x000000000002dd08       0x80 CMakeFiles/light_switch_server_nrf52832_xxAA_s132_6.0.0.dir/__/__/__/mesh/core/src/list.c.obj
                0x000000000002dd08                list_compare_add
 .text.log_callback_rtt
                0x000000000002dd88       0x2c CMakeFiles/light_switch_server_nrf52832_xxAA_s132_6.0.0.dir/__/__/__/mesh/core/src/log.c.obj
                0x000000000002dd88                log_callback_rtt
 .text.log_init
                0x000000000002ddb4       0x20 CMakeFiles/light_switch_server_nrf52832_xxAA_s132_6.0.0.dir/__/__/__/mesh/core/src/log.c.obj
                0x000000000002ddb4                log_init
 .text.log_printf
                0x000000000002ddd4       0x20 CMakeFiles/light_switch_server_nrf52832_xxAA_s132_6.0.0.dir/__/__/__/mesh/core/src/log.c.obj
                0x000000000002ddd4                log_printf
 .text.process_action_queue
                0x000000000002ddf4      0x794 CMakeFiles/light_switch_server_nrf52832_xxAA_s132_6.0.0.dir/__/__/__/mesh/core/src/flash_manager.c.obj
 .text.flash_op_ended_callback
                0x000000000002e588       0x24 CMakeFiles/light_switch_server_nrf52832_xxAA_s132_6.0.0.dir/__/__/__/mesh/core/src/flash_manager.c.obj
 .text.flash_manager_init
                0x000000000002e5ac       0x68 CMakeFiles/light_switch_server_nrf52832_xxAA_s132_6.0.0.dir/__/__/__/mesh/core/src/flash_manager.c.obj
                0x000000000002e5ac                flash_manager_init
 .text.flash_manager_remove
                0x000000000002e614       0x6c CMakeFiles/light_switch_server_nrf52832_xxAA_s132_6.0.0.dir/__/__/__/mesh/core/src/flash_manager.c.obj
                0x000000000002e614                flash_manager_remove
 .text.flash_manager_entry_get
                0x000000000002e680       0x48 CMakeFiles/light_switch_server_nrf52832_xxAA_s132_6.0.0.dir/__/__/__/mesh/core/src/flash_manager.c.obj
                0x000000000002e680                flash_manager_entry_get
 .text.flash_manager_entry_next_get
                0x000000000002e6c8      0x144 CMakeFiles/light_switch_server_nrf52832_xxAA_s132_6.0.0.dir/__/__/__/mesh/core/src/flash_manager.c.obj
                0x000000000002e6c8                flash_manager_entry_next_get
 .text.flash_manager_entry_alloc
                0x000000000002e80c       0x80 CMakeFiles/light_switch_server_nrf52832_xxAA_s132_6.0.0.dir/__/__/__/mesh/core/src/flash_manager.c.obj
                0x000000000002e80c                flash_manager_entry_alloc
 .text.flash_manager_entry_commit
                0x000000000002e88c       0x58 CMakeFiles/light_switch_server_nrf52832_xxAA_s132_6.0.0.dir/__/__/__/mesh/core/src/flash_manager.c.obj
                0x000000000002e88c                flash_manager_entry_commit
 .text.flash_manager_entry_invalidate
                0x000000000002e8e4       0x98 CMakeFiles/light_switch_server_nrf52832_xxAA_s132_6.0.0.dir/__/__/__/mesh/core/src/flash_manager.c.obj
                0x000000000002e8e4                flash_manager_entry_invalidate
 .text.flash_manager_add
                0x000000000002e97c      0x3f4 CMakeFiles/light_switch_server_nrf52832_xxAA_s132_6.0.0.dir/__/__/__/mesh/core/src/flash_manager.c.obj
                0x000000000002e97c                flash_manager_add
 .text.flash_manager_mem_listener_register
                0x000000000002ed70       0x38 CMakeFiles/light_switch_server_nrf52832_xxAA_s132_6.0.0.dir/__/__/__/mesh/core/src/flash_manager.c.obj
                0x000000000002ed70                flash_manager_mem_listener_register
 .text.flash_manager_is_stable
                0x000000000002eda8       0x20 CMakeFiles/light_switch_server_nrf52832_xxAA_s132_6.0.0.dir/__/__/__/mesh/core/src/flash_manager.c.obj
                0x000000000002eda8                flash_manager_is_stable
 .text.flash_manager_on_defrag_end
                0x000000000002edc8       0x58 CMakeFiles/light_switch_server_nrf52832_xxAA_s132_6.0.0.dir/__/__/__/mesh/core/src/flash_manager.c.obj
                0x000000000002edc8                flash_manager_on_defrag_end
 .text.flash_manager_recovery_page_get
                0x000000000002ee20        0x4 CMakeFiles/light_switch_server_nrf52832_xxAA_s132_6.0.0.dir/__/__/__/mesh/core/src/flash_manager.c.obj
                0x000000000002ee20                flash_manager_recovery_page_get
 .text.flash_manager_action_queue_empty_cb_set
                0x000000000002ee24       0x20 CMakeFiles/light_switch_server_nrf52832_xxAA_s132_6.0.0.dir/__/__/__/mesh/core/src/flash_manager.c.obj
                0x000000000002ee24                flash_manager_action_queue_empty_cb_set
 .text.ccm_soft_crypt.constprop.0
                0x000000000002ee44      0x274 CMakeFiles/light_switch_server_nrf52832_xxAA_s132_6.0.0.dir/__/__/__/mesh/core/src/ccm_soft.c.obj
 .text.ccm_soft_authenticate
                0x000000000002f0b8      0x308 CMakeFiles/light_switch_server_nrf52832_xxAA_s132_6.0.0.dir/__/__/__/mesh/core/src/ccm_soft.c.obj
 .text.ccm_soft_encrypt
                0x000000000002f3c0       0x7c CMakeFiles/light_switch_server_nrf52832_xxAA_s132_6.0.0.dir/__/__/__/mesh/core/src/ccm_soft.c.obj
                0x000000000002f3c0                ccm_soft_encrypt
 .text.ccm_soft_decrypt
                0x000000000002f43c      0x114 CMakeFiles/light_switch_server_nrf52832_xxAA_s132_6.0.0.dir/__/__/__/mesh/core/src/ccm_soft.c.obj
                0x000000000002f43c                ccm_soft_decrypt
 .text.replay_cache_init
                0x000000000002f550       0x20 CMakeFiles/light_switch_server_nrf52832_xxAA_s132_6.0.0.dir/__/__/__/mesh/core/src/replay_cache.c.obj
                0x000000000002f550                replay_cache_init
 .text.replay_cache_add
                0x000000000002f570       0x60 CMakeFiles/light_switch_server_nrf52832_xxAA_s132_6.0.0.dir/__/__/__/mesh/core/src/replay_cache.c.obj
                0x000000000002f570                replay_cache_add
 .text.replay_cache_has_elem
                0x000000000002f5d0       0x40 CMakeFiles/light_switch_server_nrf52832_xxAA_s132_6.0.0.dir/__/__/__/mesh/core/src/replay_cache.c.obj
                0x000000000002f5d0                replay_cache_has_elem
 .text.beacon_create
                0x000000000002f610       0x50 CMakeFiles/light_switch_server_nrf52832_xxAA_s132_6.0.0.dir/__/__/__/mesh/core/src/beacon.c.obj
                0x000000000002f610                beacon_create
 .text.beacon_packet_in
                0x000000000002f660      0x178 CMakeFiles/light_switch_server_nrf52832_xxAA_s132_6.0.0.dir/__/__/__/mesh/core/src/beacon.c.obj
                0x000000000002f660                beacon_packet_in
 .text.entry_get
                0x000000000002f7d8       0x7c CMakeFiles/light_switch_server_nrf52832_xxAA_s132_6.0.0.dir/__/__/__/mesh/core/src/flash_manager_internal.c.obj
                0x000000000002f7d8                entry_get
 .text.core_tx_complete_cb_set
                0x000000000002f854        0xc CMakeFiles/light_switch_server_nrf52832_xxAA_s132_6.0.0.dir/__/__/__/mesh/core/src/core_tx.c.obj
                0x000000000002f854                core_tx_complete_cb_set
 .text.core_tx_packet_alloc
                0x000000000002f860       0xc0 CMakeFiles/light_switch_server_nrf52832_xxAA_s132_6.0.0.dir/__/__/__/mesh/core/src/core_tx.c.obj
                0x000000000002f860                core_tx_packet_alloc
 .text.core_tx_packet_send
                0x000000000002f920       0x5c CMakeFiles/light_switch_server_nrf52832_xxAA_s132_6.0.0.dir/__/__/__/mesh/core/src/core_tx.c.obj
                0x000000000002f920                core_tx_packet_send
 .text.core_tx_packet_discard
                0x000000000002f97c       0x54 CMakeFiles/light_switch_server_nrf52832_xxAA_s132_6.0.0.dir/__/__/__/mesh/core/src/core_tx.c.obj
                0x000000000002f97c                core_tx_packet_discard
 .text.core_tx_complete
                0x000000000002f9d0       0x38 CMakeFiles/light_switch_server_nrf52832_xxAA_s132_6.0.0.dir/__/__/__/mesh/core/src/core_tx.c.obj
                0x000000000002f9d0                core_tx_complete
 .text.core_tx_bearer_add
                0x000000000002fa08       0x90 CMakeFiles/light_switch_server_nrf52832_xxAA_s132_6.0.0.dir/__/__/__/mesh/core/src/core_tx.c.obj
                0x000000000002fa08                core_tx_bearer_add
 .text.heartbeat_subscription_timer_cb
                0x000000000002fa98       0x1c CMakeFiles/light_switch_server_nrf52832_xxAA_s132_6.0.0.dir/__/__/__/mesh/core/src/heartbeat.c.obj
 .text.heartbeat_opcode_handle
                0x000000000002fab4       0x8c CMakeFiles/light_switch_server_nrf52832_xxAA_s132_6.0.0.dir/__/__/__/mesh/core/src/heartbeat.c.obj
 .text.heartbeat_send
                0x000000000002fb40       0xbc CMakeFiles/light_switch_server_nrf52832_xxAA_s132_6.0.0.dir/__/__/__/mesh/core/src/heartbeat.c.obj
 .text.heartbeat_core_evt_cb
                0x000000000002fbfc       0x94 CMakeFiles/light_switch_server_nrf52832_xxAA_s132_6.0.0.dir/__/__/__/mesh/core/src/heartbeat.c.obj
 .text.heartbeat_publication_timer_cb
                0x000000000002fc90       0xb0 CMakeFiles/light_switch_server_nrf52832_xxAA_s132_6.0.0.dir/__/__/__/mesh/core/src/heartbeat.c.obj
 .text.heartbeat_on_feature_change_trigger
                0x000000000002fd40       0x48 CMakeFiles/light_switch_server_nrf52832_xxAA_s132_6.0.0.dir/__/__/__/mesh/core/src/heartbeat.c.obj
                0x000000000002fd40                heartbeat_on_feature_change_trigger
 .text.heartbeat_init
                0x000000000002fd88       0x7c CMakeFiles/light_switch_server_nrf52832_xxAA_s132_6.0.0.dir/__/__/__/mesh/core/src/heartbeat.c.obj
                0x000000000002fd88                heartbeat_init
 .text.heartbeat_subscription_set
                0x000000000002fe04       0xa4 CMakeFiles/light_switch_server_nrf52832_xxAA_s132_6.0.0.dir/__/__/__/mesh/core/src/heartbeat.c.obj
                0x000000000002fe04                heartbeat_subscription_set
 .text.heartbeat_subscription_get
                0x000000000002fea8        0x8 CMakeFiles/light_switch_server_nrf52832_xxAA_s132_6.0.0.dir/__/__/__/mesh/core/src/heartbeat.c.obj
                0x000000000002fea8                heartbeat_subscription_get
 .text.heartbeat_config_server_cb_set
                0x000000000002feb0       0x30 CMakeFiles/light_switch_server_nrf52832_xxAA_s132_6.0.0.dir/__/__/__/mesh/core/src/heartbeat.c.obj
                0x000000000002feb0                heartbeat_config_server_cb_set
 .text.heartbeat_publication_state_updated
                0x000000000002fee0       0x78 CMakeFiles/light_switch_server_nrf52832_xxAA_s132_6.0.0.dir/__/__/__/mesh/core/src/heartbeat.c.obj
                0x000000000002fee0                heartbeat_publication_state_updated
 .text.beacon_tx
                0x000000000002ff58      0x194 CMakeFiles/light_switch_server_nrf52832_xxAA_s132_6.0.0.dir/__/__/__/mesh/core/src/net_beacon.c.obj
 .text.tx_complete_cb
                0x00000000000300ec       0x10 CMakeFiles/light_switch_server_nrf52832_xxAA_s132_6.0.0.dir/__/__/__/mesh/core/src/net_beacon.c.obj
 .text.beacon_tx_timeout
                0x00000000000300fc        0x4 CMakeFiles/light_switch_server_nrf52832_xxAA_s132_6.0.0.dir/__/__/__/mesh/core/src/net_beacon.c.obj
 .text.net_beacon_init
                0x0000000000030100       0x94 CMakeFiles/light_switch_server_nrf52832_xxAA_s132_6.0.0.dir/__/__/__/mesh/core/src/net_beacon.c.obj
                0x0000000000030100                net_beacon_init
 .text.net_beacon_state_set
                0x0000000000030194       0x3c CMakeFiles/light_switch_server_nrf52832_xxAA_s132_6.0.0.dir/__/__/__/mesh/core/src/net_beacon.c.obj
                0x0000000000030194                net_beacon_state_set
 .text.net_beacon_state_get
                0x00000000000301d0        0xc CMakeFiles/light_switch_server_nrf52832_xxAA_s132_6.0.0.dir/__/__/__/mesh/core/src/net_beacon.c.obj
                0x00000000000301d0                net_beacon_state_get
 .text.net_beacon_packet_in
                0x00000000000301dc      0x134 CMakeFiles/light_switch_server_nrf52832_xxAA_s132_6.0.0.dir/__/__/__/mesh/core/src/net_beacon.c.obj
                0x00000000000301dc                net_beacon_packet_in
 .text.packet_discard
                0x0000000000030310       0x40 CMakeFiles/light_switch_server_nrf52832_xxAA_s132_6.0.0.dir/__/__/__/mesh/core/src/core_tx_adv.c.obj
 .text.packet_send
                0x0000000000030350       0x58 CMakeFiles/light_switch_server_nrf52832_xxAA_s132_6.0.0.dir/__/__/__/mesh/core/src/core_tx_adv.c.obj
 .text.packet_alloc
                0x00000000000303a8       0x5c CMakeFiles/light_switch_server_nrf52832_xxAA_s132_6.0.0.dir/__/__/__/mesh/core/src/core_tx_adv.c.obj
 .text.adv_tx_complete_callback
                0x0000000000030404       0x28 CMakeFiles/light_switch_server_nrf52832_xxAA_s132_6.0.0.dir/__/__/__/mesh/core/src/core_tx_adv.c.obj
 .text.core_tx_adv_init
                0x000000000003042c       0x60 CMakeFiles/light_switch_server_nrf52832_xxAA_s132_6.0.0.dir/__/__/__/mesh/core/src/core_tx_adv.c.obj
                0x000000000003042c                core_tx_adv_init
 .text.core_tx_adv_count_set
                0x000000000003048c       0x2c CMakeFiles/light_switch_server_nrf52832_xxAA_s132_6.0.0.dir/__/__/__/mesh/core/src/core_tx_adv.c.obj
                0x000000000003048c                core_tx_adv_count_set
 .text.core_tx_adv_count_get
                0x00000000000304b8       0x20 CMakeFiles/light_switch_server_nrf52832_xxAA_s132_6.0.0.dir/__/__/__/mesh/core/src/core_tx_adv.c.obj
                0x00000000000304b8                core_tx_adv_count_get
 .text.core_tx_adv_interval_set
                0x00000000000304d8       0x28 CMakeFiles/light_switch_server_nrf52832_xxAA_s132_6.0.0.dir/__/__/__/mesh/core/src/core_tx_adv.c.obj
                0x00000000000304d8                core_tx_adv_interval_set
 .text.core_tx_adv_interval_get
                0x0000000000030500       0x2c CMakeFiles/light_switch_server_nrf52832_xxAA_s132_6.0.0.dir/__/__/__/mesh/core/src/core_tx_adv.c.obj
                0x0000000000030500                core_tx_adv_interval_get
 .text.ad_listener_subscribe
                0x000000000003052c       0x60 CMakeFiles/light_switch_server_nrf52832_xxAA_s132_6.0.0.dir/__/__/__/mesh/bearer/src/ad_listener.c.obj
                0x000000000003052c                ad_listener_subscribe
 .text.ad_listener_process
                0x000000000003058c       0x84 CMakeFiles/light_switch_server_nrf52832_xxAA_s132_6.0.0.dir/__/__/__/mesh/bearer/src/ad_listener.c.obj
                0x000000000003058c                ad_listener_process
 .text.adtype_filter_handle
                0x0000000000030610       0x94 CMakeFiles/light_switch_server_nrf52832_xxAA_s132_6.0.0.dir/__/__/__/mesh/bearer/src/ad_type_filter.c.obj
 .text.bearer_adtype_filtering_set
                0x00000000000306a4       0x1c CMakeFiles/light_switch_server_nrf52832_xxAA_s132_6.0.0.dir/__/__/__/mesh/bearer/src/ad_type_filter.c.obj
                0x00000000000306a4                bearer_adtype_filtering_set
 .text.bearer_adtype_add
                0x00000000000306c0       0x24 CMakeFiles/light_switch_server_nrf52832_xxAA_s132_6.0.0.dir/__/__/__/mesh/bearer/src/ad_type_filter.c.obj
                0x00000000000306c0                bearer_adtype_add
 .text.bearer_adtype_mode_set
                0x00000000000306e4       0x18 CMakeFiles/light_switch_server_nrf52832_xxAA_s132_6.0.0.dir/__/__/__/mesh/bearer/src/ad_type_filter.c.obj
                0x00000000000306e4                bearer_adtype_mode_set
 .text.tx_complete_event_callback
                0x00000000000306fc       0x34 CMakeFiles/light_switch_server_nrf52832_xxAA_s132_6.0.0.dir/__/__/__/mesh/bearer/src/advertiser.c.obj
 .text.broadcast_complete_cb
                0x0000000000030730       0x48 CMakeFiles/light_switch_server_nrf52832_xxAA_s132_6.0.0.dir/__/__/__/mesh/bearer/src/advertiser.c.obj
 .text.timeout_event
                0x0000000000030778      0x12c CMakeFiles/light_switch_server_nrf52832_xxAA_s132_6.0.0.dir/__/__/__/mesh/bearer/src/advertiser.c.obj
 .text.advertiser_init
                0x00000000000308a4        0xc CMakeFiles/light_switch_server_nrf52832_xxAA_s132_6.0.0.dir/__/__/__/mesh/bearer/src/advertiser.c.obj
                0x00000000000308a4                advertiser_init
 .text.advertiser_instance_init
                0x00000000000308b0      0x100 CMakeFiles/light_switch_server_nrf52832_xxAA_s132_6.0.0.dir/__/__/__/mesh/bearer/src/advertiser.c.obj
                0x00000000000308b0                advertiser_instance_init
 .text.advertiser_enable
                0x00000000000309b0       0x44 CMakeFiles/light_switch_server_nrf52832_xxAA_s132_6.0.0.dir/__/__/__/mesh/bearer/src/advertiser.c.obj
                0x00000000000309b0                advertiser_enable
 .text.advertiser_packet_alloc
                0x00000000000309f4       0x80 CMakeFiles/light_switch_server_nrf52832_xxAA_s132_6.0.0.dir/__/__/__/mesh/bearer/src/advertiser.c.obj
                0x00000000000309f4                advertiser_packet_alloc
 .text.advertiser_packet_send
                0x0000000000030a74       0x84 CMakeFiles/light_switch_server_nrf52832_xxAA_s132_6.0.0.dir/__/__/__/mesh/bearer/src/advertiser.c.obj
                0x0000000000030a74                advertiser_packet_send
 .text.advertiser_packet_discard
                0x0000000000030af8       0x2c CMakeFiles/light_switch_server_nrf52832_xxAA_s132_6.0.0.dir/__/__/__/mesh/bearer/src/advertiser.c.obj
                0x0000000000030af8                advertiser_packet_discard
 .text.advertiser_interval_set
                0x0000000000030b24       0x6c CMakeFiles/light_switch_server_nrf52832_xxAA_s132_6.0.0.dir/__/__/__/mesh/bearer/src/advertiser.c.obj
                0x0000000000030b24                advertiser_interval_set
 .text.advertiser_flush
                0x0000000000030b90       0x20 CMakeFiles/light_switch_server_nrf52832_xxAA_s132_6.0.0.dir/__/__/__/mesh/bearer/src/advertiser.c.obj
                0x0000000000030b90                advertiser_flush
 .text.action_switch.part.2
                0x0000000000030bb0       0xb4 CMakeFiles/light_switch_server_nrf52832_xxAA_s132_6.0.0.dir/__/__/__/mesh/bearer/src/bearer_handler.c.obj
 .text.bearer_handler_init
                0x0000000000030c64       0x2c CMakeFiles/light_switch_server_nrf52832_xxAA_s132_6.0.0.dir/__/__/__/mesh/bearer/src/bearer_handler.c.obj
                0x0000000000030c64                bearer_handler_init
 .text.bearer_handler_start
                0x0000000000030c90       0x1c CMakeFiles/light_switch_server_nrf52832_xxAA_s132_6.0.0.dir/__/__/__/mesh/bearer/src/bearer_handler.c.obj
                0x0000000000030c90                bearer_handler_start
 .text.bearer_handler_action_enqueue
                0x0000000000030cac       0x88 CMakeFiles/light_switch_server_nrf52832_xxAA_s132_6.0.0.dir/__/__/__/mesh/bearer/src/bearer_handler.c.obj
                0x0000000000030cac                bearer_handler_action_enqueue
 .text.bearer_handler_action_end
                0x0000000000030d34       0x68 CMakeFiles/light_switch_server_nrf52832_xxAA_s132_6.0.0.dir/__/__/__/mesh/bearer/src/bearer_handler.c.obj
                0x0000000000030d34                bearer_handler_action_end
 .text.bearer_handler_radio_irq_handler
                0x0000000000030d9c       0x58 CMakeFiles/light_switch_server_nrf52832_xxAA_s132_6.0.0.dir/__/__/__/mesh/bearer/src/bearer_handler.c.obj
                0x0000000000030d9c                bearer_handler_radio_irq_handler
 .text.bearer_handler_timer_irq_handler
                0x0000000000030df4       0x34 CMakeFiles/light_switch_server_nrf52832_xxAA_s132_6.0.0.dir/__/__/__/mesh/bearer/src/bearer_handler.c.obj
                0x0000000000030df4                bearer_handler_timer_irq_handler
 .text.bearer_handler_on_ts_begin
                0x0000000000030e28       0x3c CMakeFiles/light_switch_server_nrf52832_xxAA_s132_6.0.0.dir/__/__/__/mesh/bearer/src/bearer_handler.c.obj
                0x0000000000030e28                bearer_handler_on_ts_begin
 .text.bearer_handler_on_ts_end
                0x0000000000030e64       0x38 CMakeFiles/light_switch_server_nrf52832_xxAA_s132_6.0.0.dir/__/__/__/mesh/bearer/src/bearer_handler.c.obj
                0x0000000000030e64                bearer_handler_on_ts_end
 .text.radio_irq_handler
                0x0000000000030e9c       0x98 CMakeFiles/light_switch_server_nrf52832_xxAA_s132_6.0.0.dir/__/__/__/mesh/bearer/src/broadcast.c.obj
 .text.broadcast_start
                0x0000000000030f34       0x8c CMakeFiles/light_switch_server_nrf52832_xxAA_s132_6.0.0.dir/__/__/__/mesh/bearer/src/broadcast.c.obj
 .text.broadcast_send
                0x0000000000030fc0       0x74 CMakeFiles/light_switch_server_nrf52832_xxAA_s132_6.0.0.dir/__/__/__/mesh/bearer/src/broadcast.c.obj
                0x0000000000030fc0                broadcast_send
 .text.fen_filter_start
                0x0000000000031034       0x38 CMakeFiles/light_switch_server_nrf52832_xxAA_s132_6.0.0.dir/__/__/__/mesh/bearer/src/filter_engine.c.obj
                0x0000000000031034                fen_filter_start
 .text.fen_filter_stop
                0x000000000003106c       0x2c CMakeFiles/light_switch_server_nrf52832_xxAA_s132_6.0.0.dir/__/__/__/mesh/bearer/src/filter_engine.c.obj
                0x000000000003106c                fen_filter_stop
 .text.fen_filters_apply
                0x0000000000031098       0x34 CMakeFiles/light_switch_server_nrf52832_xxAA_s132_6.0.0.dir/__/__/__/mesh/bearer/src/filter_engine.c.obj
                0x0000000000031098                fen_filters_apply
 .text.radio_config_reset
                0x00000000000310cc       0x38 CMakeFiles/light_switch_server_nrf52832_xxAA_s132_6.0.0.dir/__/__/__/mesh/bearer/src/radio_config.c.obj
                0x00000000000310cc                radio_config_reset
 .text.radio_config_channel_set
                0x0000000000031104       0x28 CMakeFiles/light_switch_server_nrf52832_xxAA_s132_6.0.0.dir/__/__/__/mesh/bearer/src/radio_config.c.obj
                0x0000000000031104                radio_config_channel_set
 .text.radio_config_config
                0x000000000003112c       0x94 CMakeFiles/light_switch_server_nrf52832_xxAA_s132_6.0.0.dir/__/__/__/mesh/bearer/src/radio_config.c.obj
                0x000000000003112c                radio_config_config
 .text.radio_config_access_addr_set
                0x00000000000311c0       0x58 CMakeFiles/light_switch_server_nrf52832_xxAA_s132_6.0.0.dir/__/__/__/mesh/bearer/src/radio_config.c.obj
                0x00000000000311c0                radio_config_access_addr_set
 .text.scan_window_end
                0x0000000000031218       0x28 CMakeFiles/light_switch_server_nrf52832_xxAA_s132_6.0.0.dir/__/__/__/mesh/bearer/src/scanner.c.obj
 .text.scan_window_start
                0x0000000000031240       0x38 CMakeFiles/light_switch_server_nrf52832_xxAA_s132_6.0.0.dir/__/__/__/mesh/bearer/src/scanner.c.obj
 .text.radio_start
                0x0000000000031278      0x1a8 CMakeFiles/light_switch_server_nrf52832_xxAA_s132_6.0.0.dir/__/__/__/mesh/bearer/src/scanner.c.obj
 .text.scanner_radio_start
                0x0000000000031420      0x14c CMakeFiles/light_switch_server_nrf52832_xxAA_s132_6.0.0.dir/__/__/__/mesh/bearer/src/scanner.c.obj
                0x0000000000031420                scanner_radio_start
 .text.scanner_radio_stop
                0x000000000003156c       0x34 CMakeFiles/light_switch_server_nrf52832_xxAA_s132_6.0.0.dir/__/__/__/mesh/bearer/src/scanner.c.obj
                0x000000000003156c                scanner_radio_stop
 .text.scanner_radio_irq_handler
                0x00000000000315a0      0x200 CMakeFiles/light_switch_server_nrf52832_xxAA_s132_6.0.0.dir/__/__/__/mesh/bearer/src/scanner.c.obj
                0x00000000000315a0                scanner_radio_irq_handler
 .text.scanner_enable
                0x00000000000317a0       0x50 CMakeFiles/light_switch_server_nrf52832_xxAA_s132_6.0.0.dir/__/__/__/mesh/bearer/src/scanner.c.obj
                0x00000000000317a0                scanner_enable
 .text.scanner_rx
                0x00000000000317f0       0x8c CMakeFiles/light_switch_server_nrf52832_xxAA_s132_6.0.0.dir/__/__/__/mesh/bearer/src/scanner.c.obj
                0x00000000000317f0                scanner_rx
 .text.scanner_packet_release
                0x000000000003187c       0x40 CMakeFiles/light_switch_server_nrf52832_xxAA_s132_6.0.0.dir/__/__/__/mesh/bearer/src/scanner.c.obj
                0x000000000003187c                scanner_packet_release
 .text.scanner_rx_pending
                0x00000000000318bc        0xc CMakeFiles/light_switch_server_nrf52832_xxAA_s132_6.0.0.dir/__/__/__/mesh/bearer/src/scanner.c.obj
                0x00000000000318bc                scanner_rx_pending
 .text.scanner_config_reset
                0x00000000000318c8       0xa4 CMakeFiles/light_switch_server_nrf52832_xxAA_s132_6.0.0.dir/__/__/__/mesh/bearer/src/scanner.c.obj
                0x00000000000318c8                scanner_config_reset
 .text.scanner_init
                0x000000000003196c       0x54 CMakeFiles/light_switch_server_nrf52832_xxAA_s132_6.0.0.dir/__/__/__/mesh/bearer/src/scanner.c.obj
                0x000000000003196c                scanner_init
 .text.handle_get_cb
                0x00000000000319c0       0x4c CMakeFiles/light_switch_server_nrf52832_xxAA_s132_6.0.0.dir/__/__/__/models/simple_on_off/src/simple_on_off_server.c.obj
 .text.handle_set_unreliable_cb
                0x0000000000031a0c       0x54 CMakeFiles/light_switch_server_nrf52832_xxAA_s132_6.0.0.dir/__/__/__/models/simple_on_off/src/simple_on_off_server.c.obj
 .text.handle_set_cb
                0x0000000000031a60       0x80 CMakeFiles/light_switch_server_nrf52832_xxAA_s132_6.0.0.dir/__/__/__/models/simple_on_off/src/simple_on_off_server.c.obj
 .text.simple_on_off_server_init
                0x0000000000031ae0       0x3c CMakeFiles/light_switch_server_nrf52832_xxAA_s132_6.0.0.dir/__/__/__/models/simple_on_off/src/simple_on_off_server.c.obj
                0x0000000000031ae0                simple_on_off_server_init
 .text.simple_on_off_server_status_publish
                0x0000000000031b1c       0x34 CMakeFiles/light_switch_server_nrf52832_xxAA_s132_6.0.0.dir/__/__/__/models/simple_on_off/src/simple_on_off_server.c.obj
                0x0000000000031b1c                simple_on_off_server_status_publish
 .text.config_composition_data_get
                0x0000000000031b50      0x1cc CMakeFiles/light_switch_server_nrf52832_xxAA_s132_6.0.0.dir/__/__/__/models/config/src/composition_data.c.obj
                0x0000000000031b50                config_composition_data_get
 .text.config_server_heartbeat_publication_count_decrement
                0x0000000000031d1c       0x1c CMakeFiles/light_switch_server_nrf52832_xxAA_s132_6.0.0.dir/__/__/__/models/config/src/config_server.c.obj
 .text.config_server_heartbeat_publication_params_get
                0x0000000000031d38       0x38 CMakeFiles/light_switch_server_nrf52832_xxAA_s132_6.0.0.dir/__/__/__/models/config/src/config_server.c.obj
 .text.handle_config_network_transmit_set
                0x0000000000031d70      0x118 CMakeFiles/light_switch_server_nrf52832_xxAA_s132_6.0.0.dir/__/__/__/models/config/src/config_server.c.obj
 .text.handle_node_reset
                0x0000000000031e88       0x30 CMakeFiles/light_switch_server_nrf52832_xxAA_s132_6.0.0.dir/__/__/__/models/config/src/config_server.c.obj
 .text.handle_config_relay_set
                0x0000000000031eb8      0x1a8 CMakeFiles/light_switch_server_nrf52832_xxAA_s132_6.0.0.dir/__/__/__/models/config/src/config_server.c.obj
 .text.send_subscription_status
                0x0000000000032060       0x50 CMakeFiles/light_switch_server_nrf52832_xxAA_s132_6.0.0.dir/__/__/__/models/config/src/config_server.c.obj
 .text.handle_netkey_get
                0x00000000000320b0       0x70 CMakeFiles/light_switch_server_nrf52832_xxAA_s132_6.0.0.dir/__/__/__/models/config/src/config_server.c.obj
 .text.handle_model_app_bind_unbind
                0x0000000000032120      0x228 CMakeFiles/light_switch_server_nrf52832_xxAA_s132_6.0.0.dir/__/__/__/models/config/src/config_server.c.obj
 .text.status_error_sub_send
                0x0000000000032348      0x180 CMakeFiles/light_switch_server_nrf52832_xxAA_s132_6.0.0.dir/__/__/__/models/config/src/config_server.c.obj
 .text.send_publication_status
                0x00000000000324c8      0x1a8 CMakeFiles/light_switch_server_nrf52832_xxAA_s132_6.0.0.dir/__/__/__/models/config/src/config_server.c.obj
 .text.handle_config_key_refresh_phase_set
                0x0000000000032670       0xf0 CMakeFiles/light_switch_server_nrf52832_xxAA_s132_6.0.0.dir/__/__/__/models/config/src/config_server.c.obj
 .text.handle_config_default_ttl_set
                0x0000000000032760       0x70 CMakeFiles/light_switch_server_nrf52832_xxAA_s132_6.0.0.dir/__/__/__/models/config/src/config_server.c.obj
 .text.handle_heartbeat_publication_set
                0x00000000000327d0      0x168 CMakeFiles/light_switch_server_nrf52832_xxAA_s132_6.0.0.dir/__/__/__/models/config/src/config_server.c.obj
 .text.mesh_event_cb
                0x0000000000032938       0x70 CMakeFiles/light_switch_server_nrf52832_xxAA_s132_6.0.0.dir/__/__/__/models/config/src/config_server.c.obj
 .text.handle_node_identity_set
                0x00000000000329a8       0x48 CMakeFiles/light_switch_server_nrf52832_xxAA_s132_6.0.0.dir/__/__/__/models/config/src/config_server.c.obj
 .text.handle_node_identity_get
                0x00000000000329f0       0x44 CMakeFiles/light_switch_server_nrf52832_xxAA_s132_6.0.0.dir/__/__/__/models/config/src/config_server.c.obj
 .text.handle_config_gatt_proxy_set
                0x0000000000032a34       0x40 CMakeFiles/light_switch_server_nrf52832_xxAA_s132_6.0.0.dir/__/__/__/models/config/src/config_server.c.obj
 .text.handle_config_friend_set
                0x0000000000032a74       0x40 CMakeFiles/light_switch_server_nrf52832_xxAA_s132_6.0.0.dir/__/__/__/models/config/src/config_server.c.obj
 .text.status_error_pub_send
                0x0000000000032ab4       0xc8 CMakeFiles/light_switch_server_nrf52832_xxAA_s132_6.0.0.dir/__/__/__/models/config/src/config_server.c.obj
 .text.handle_config_key_refresh_phase_get
                0x0000000000032b7c       0x70 CMakeFiles/light_switch_server_nrf52832_xxAA_s132_6.0.0.dir/__/__/__/models/config/src/config_server.c.obj
 .text.handle_config_default_ttl_get
                0x0000000000032bec       0x48 CMakeFiles/light_switch_server_nrf52832_xxAA_s132_6.0.0.dir/__/__/__/models/config/src/config_server.c.obj
 .text.handle_config_beacon_set
                0x0000000000032c34       0x80 CMakeFiles/light_switch_server_nrf52832_xxAA_s132_6.0.0.dir/__/__/__/models/config/src/config_server.c.obj
 .text.handle_composition_data_get
                0x0000000000032cb4       0x64 CMakeFiles/light_switch_server_nrf52832_xxAA_s132_6.0.0.dir/__/__/__/models/config/src/config_server.c.obj
 .text.handle_appkey_update
                0x0000000000032d18      0x108 CMakeFiles/light_switch_server_nrf52832_xxAA_s132_6.0.0.dir/__/__/__/models/config/src/config_server.c.obj
 .text.handle_model_app_get
                0x0000000000032e20      0x240 CMakeFiles/light_switch_server_nrf52832_xxAA_s132_6.0.0.dir/__/__/__/models/config/src/config_server.c.obj
 .text.handle_appkey_get
                0x0000000000033060      0x104 CMakeFiles/light_switch_server_nrf52832_xxAA_s132_6.0.0.dir/__/__/__/models/config/src/config_server.c.obj
 .text.handle_heartbeat_subscription_get
                0x0000000000033164       0xdc CMakeFiles/light_switch_server_nrf52832_xxAA_s132_6.0.0.dir/__/__/__/models/config/src/config_server.c.obj
 .text.handle_config_gatt_proxy_get
                0x0000000000033240       0x38 CMakeFiles/light_switch_server_nrf52832_xxAA_s132_6.0.0.dir/__/__/__/models/config/src/config_server.c.obj
 .text.handle_config_friend_get
                0x0000000000033278       0x38 CMakeFiles/light_switch_server_nrf52832_xxAA_s132_6.0.0.dir/__/__/__/models/config/src/config_server.c.obj
 .text.handle_heartbeat_subscription_set
                0x00000000000332b0      0x114 CMakeFiles/light_switch_server_nrf52832_xxAA_s132_6.0.0.dir/__/__/__/models/config/src/config_server.c.obj
 .text.handle_heartbeat_publication_get
                0x00000000000333c4       0xcc CMakeFiles/light_switch_server_nrf52832_xxAA_s132_6.0.0.dir/__/__/__/models/config/src/config_server.c.obj
 .text.handle_config_beacon_get
                0x0000000000033490       0x40 CMakeFiles/light_switch_server_nrf52832_xxAA_s132_6.0.0.dir/__/__/__/models/config/src/config_server.c.obj
 .text.handle_appkey_delete
                0x00000000000334d0      0x11c CMakeFiles/light_switch_server_nrf52832_xxAA_s132_6.0.0.dir/__/__/__/models/config/src/config_server.c.obj
 .text.handle_appkey_add
                0x00000000000335ec      0x124 CMakeFiles/light_switch_server_nrf52832_xxAA_s132_6.0.0.dir/__/__/__/models/config/src/config_server.c.obj
 .text.handle_config_vendor_model_subscription_get
                0x0000000000033710      0x17c CMakeFiles/light_switch_server_nrf52832_xxAA_s132_6.0.0.dir/__/__/__/models/config/src/config_server.c.obj
 .text.handle_netkey_add_update
                0x000000000003388c       0xec CMakeFiles/light_switch_server_nrf52832_xxAA_s132_6.0.0.dir/__/__/__/models/config/src/config_server.c.obj
 .text.handle_netkey_delete
                0x0000000000033978      0x118 CMakeFiles/light_switch_server_nrf52832_xxAA_s132_6.0.0.dir/__/__/__/models/config/src/config_server.c.obj
 .text.handle_config_network_transmit_get
                0x0000000000033a90       0x94 CMakeFiles/light_switch_server_nrf52832_xxAA_s132_6.0.0.dir/__/__/__/models/config/src/config_server.c.obj
 .text.handle_config_model_publication_get
                0x0000000000033b24      0x144 CMakeFiles/light_switch_server_nrf52832_xxAA_s132_6.0.0.dir/__/__/__/models/config/src/config_server.c.obj
 .text.handle_config_relay_get
                0x0000000000033c68       0xcc CMakeFiles/light_switch_server_nrf52832_xxAA_s132_6.0.0.dir/__/__/__/models/config/src/config_server.c.obj
 .text.handle_config_model_publication_set
                0x0000000000033d34      0x3d4 CMakeFiles/light_switch_server_nrf52832_xxAA_s132_6.0.0.dir/__/__/__/models/config/src/config_server.c.obj
 .text.handle_config_model_subscription_delete_all
                0x0000000000034108      0x2ec CMakeFiles/light_switch_server_nrf52832_xxAA_s132_6.0.0.dir/__/__/__/models/config/src/config_server.c.obj
 .text.handle_config_model_subscription_virtual_address_delete
                0x00000000000343f4      0x2e0 CMakeFiles/light_switch_server_nrf52832_xxAA_s132_6.0.0.dir/__/__/__/models/config/src/config_server.c.obj
 .text.handle_config_model_subscription_virtual_address_add
                0x00000000000346d4      0x2cc CMakeFiles/light_switch_server_nrf52832_xxAA_s132_6.0.0.dir/__/__/__/models/config/src/config_server.c.obj
 .text.handle_config_model_subscription_delete
                0x00000000000349a0      0x2dc CMakeFiles/light_switch_server_nrf52832_xxAA_s132_6.0.0.dir/__/__/__/models/config/src/config_server.c.obj
 .text.handle_config_model_subscription_add
                0x0000000000034c7c      0x2a8 CMakeFiles/light_switch_server_nrf52832_xxAA_s132_6.0.0.dir/__/__/__/models/config/src/config_server.c.obj
 .text.handle_config_model_subscription_virtual_address_overwrite
                0x0000000000034f24      0x354 CMakeFiles/light_switch_server_nrf52832_xxAA_s132_6.0.0.dir/__/__/__/models/config/src/config_server.c.obj
 .text.handle_config_model_subscription_overwrite
                0x0000000000035278      0x334 CMakeFiles/light_switch_server_nrf52832_xxAA_s132_6.0.0.dir/__/__/__/models/config/src/config_server.c.obj
 .text.handle_config_sig_model_subscription_get
                0x00000000000355ac      0x294 CMakeFiles/light_switch_server_nrf52832_xxAA_s132_6.0.0.dir/__/__/__/models/config/src/config_server.c.obj
 .text.config_server_init
                0x0000000000035840       0x70 CMakeFiles/light_switch_server_nrf52832_xxAA_s132_6.0.0.dir/__/__/__/models/config/src/config_server.c.obj
                0x0000000000035840                config_server_init
 .text.config_server_bind
                0x00000000000358b0       0x10 CMakeFiles/light_switch_server_nrf52832_xxAA_s132_6.0.0.dir/__/__/__/models/config/src/config_server.c.obj
                0x00000000000358b0                config_server_bind
 .text.packed_index_list_create
                0x00000000000358c0       0x3c CMakeFiles/light_switch_server_nrf52832_xxAA_s132_6.0.0.dir/__/__/__/models/config/src/packed_index_list.c.obj
                0x00000000000358c0                packed_index_list_create
 .text.attention_timer_handler
                0x00000000000358fc       0x6c CMakeFiles/light_switch_server_nrf52832_xxAA_s132_6.0.0.dir/__/__/__/models/health/src/health_server.c.obj
 .text.handle_attention_get
                0x0000000000035968       0x40 CMakeFiles/light_switch_server_nrf52832_xxAA_s132_6.0.0.dir/__/__/__/models/health/src/health_server.c.obj
 .text.handle_period_get
                0x00000000000359a8       0x3c CMakeFiles/light_switch_server_nrf52832_xxAA_s132_6.0.0.dir/__/__/__/models/health/src/health_server.c.obj
 .text.handle_attention_set
                0x00000000000359e4       0xdc CMakeFiles/light_switch_server_nrf52832_xxAA_s132_6.0.0.dir/__/__/__/models/health/src/health_server.c.obj
 .text.handle_period_set
                0x0000000000035ac0       0x54 CMakeFiles/light_switch_server_nrf52832_xxAA_s132_6.0.0.dir/__/__/__/models/health/src/health_server.c.obj
 .text.send_fault_status
                0x0000000000035b14      0x3b4 CMakeFiles/light_switch_server_nrf52832_xxAA_s132_6.0.0.dir/__/__/__/models/health/src/health_server.c.obj
 .text.health_publish_timeout_handler
                0x0000000000035ec8        0xc CMakeFiles/light_switch_server_nrf52832_xxAA_s132_6.0.0.dir/__/__/__/models/health/src/health_server.c.obj
 .text.handle_fault_test
                0x0000000000035ed4       0x8c CMakeFiles/light_switch_server_nrf52832_xxAA_s132_6.0.0.dir/__/__/__/models/health/src/health_server.c.obj
 .text.handle_fault_clear
                0x0000000000035f60       0x54 CMakeFiles/light_switch_server_nrf52832_xxAA_s132_6.0.0.dir/__/__/__/models/health/src/health_server.c.obj
 .text.handle_fault_get
                0x0000000000035fb4       0x40 CMakeFiles/light_switch_server_nrf52832_xxAA_s132_6.0.0.dir/__/__/__/models/health/src/health_server.c.obj
 .text.health_server_init
                0x0000000000035ff4       0x68 CMakeFiles/light_switch_server_nrf52832_xxAA_s132_6.0.0.dir/__/__/__/models/health/src/health_server.c.obj
                0x0000000000035ff4                health_server_init
 .text.schedule_publication_timer
                0x000000000003605c      0x2d0 CMakeFiles/light_switch_server_nrf52832_xxAA_s132_6.0.0.dir/__/__/__/mesh/access/src/access_publish.c.obj
 .text.publish_timer_tick
                0x000000000003632c      0x140 CMakeFiles/light_switch_server_nrf52832_xxAA_s132_6.0.0.dir/__/__/__/mesh/access/src/access_publish.c.obj
 .text.access_publish_init
                0x000000000003646c       0x38 CMakeFiles/light_switch_server_nrf52832_xxAA_s132_6.0.0.dir/__/__/__/mesh/access/src/access_publish.c.obj
                0x000000000003646c                access_publish_init
 .text.access_publish_period_set
                0x00000000000364a4      0x118 CMakeFiles/light_switch_server_nrf52832_xxAA_s132_6.0.0.dir/__/__/__/mesh/access/src/access_publish.c.obj
                0x00000000000364a4                access_publish_period_set
 .text.access_publish_period_get
                0x00000000000365bc       0x2c CMakeFiles/light_switch_server_nrf52832_xxAA_s132_6.0.0.dir/__/__/__/mesh/access/src/access_publish.c.obj
                0x00000000000365bc                access_publish_period_get
 .text.flash_manager_mem_available
                0x00000000000365e8        0x4 CMakeFiles/light_switch_server_nrf52832_xxAA_s132_6.0.0.dir/__/__/__/mesh/access/src/access.c.obj
 .text.flash_invalidate_complete
                0x00000000000365ec        0x8 CMakeFiles/light_switch_server_nrf52832_xxAA_s132_6.0.0.dir/__/__/__/mesh/access/src/access.c.obj
 .text.access_flash_config_clear
                0x00000000000365f4       0x28 CMakeFiles/light_switch_server_nrf52832_xxAA_s132_6.0.0.dir/__/__/__/mesh/access/src/access.c.obj
 .text.handle_incoming
                0x000000000003661c      0x190 CMakeFiles/light_switch_server_nrf52832_xxAA_s132_6.0.0.dir/__/__/__/mesh/access/src/access.c.obj
 .text.mesh_evt_cb
                0x00000000000367ac      0x158 CMakeFiles/light_switch_server_nrf52832_xxAA_s132_6.0.0.dir/__/__/__/mesh/access/src/access.c.obj
 .text.add_flash_manager
                0x0000000000036904       0x58 CMakeFiles/light_switch_server_nrf52832_xxAA_s132_6.0.0.dir/__/__/__/mesh/access/src/access.c.obj
 .text.flash_write_complete
                0x000000000003695c       0x4c CMakeFiles/light_switch_server_nrf52832_xxAA_s132_6.0.0.dir/__/__/__/mesh/access/src/access.c.obj
 .text.access_flash_config_store
                0x00000000000369a8      0x180 CMakeFiles/light_switch_server_nrf52832_xxAA_s132_6.0.0.dir/__/__/__/mesh/access/src/access.c.obj
                0x00000000000369a8                access_flash_config_store
 .text.flash_remove_complete
                0x0000000000036b28       0xb4 CMakeFiles/light_switch_server_nrf52832_xxAA_s132_6.0.0.dir/__/__/__/mesh/access/src/access.c.obj
 .text.access_flash_config_load
                0x0000000000036bdc      0x288 CMakeFiles/light_switch_server_nrf52832_xxAA_s132_6.0.0.dir/__/__/__/mesh/access/src/access.c.obj
                0x0000000000036bdc                access_flash_config_load
 .text.access_clear
                0x0000000000036e64       0x70 CMakeFiles/light_switch_server_nrf52832_xxAA_s132_6.0.0.dir/__/__/__/mesh/access/src/access.c.obj
                0x0000000000036e64                access_clear
 .text.access_init
                0x0000000000036ed4       0xb8 CMakeFiles/light_switch_server_nrf52832_xxAA_s132_6.0.0.dir/__/__/__/mesh/access/src/access.c.obj
                0x0000000000036ed4                access_init
 .text.access_model_add
                0x0000000000036f8c      0x23c CMakeFiles/light_switch_server_nrf52832_xxAA_s132_6.0.0.dir/__/__/__/mesh/access/src/access.c.obj
                0x0000000000036f8c                access_model_add
 .text.access_model_publish
                0x00000000000371c8      0x3c8 CMakeFiles/light_switch_server_nrf52832_xxAA_s132_6.0.0.dir/__/__/__/mesh/access/src/access.c.obj
                0x00000000000371c8                access_model_publish
 .text.access_model_reply
                0x0000000000037590      0x3e4 CMakeFiles/light_switch_server_nrf52832_xxAA_s132_6.0.0.dir/__/__/__/mesh/access/src/access.c.obj
                0x0000000000037590                access_model_reply
 .text.access_model_publish_address_set
                0x0000000000037974       0x3c CMakeFiles/light_switch_server_nrf52832_xxAA_s132_6.0.0.dir/__/__/__/mesh/access/src/access.c.obj
                0x0000000000037974                access_model_publish_address_set
 .text.access_model_publish_address_get
                0x00000000000379b0       0x2c CMakeFiles/light_switch_server_nrf52832_xxAA_s132_6.0.0.dir/__/__/__/mesh/access/src/access.c.obj
                0x00000000000379b0                access_model_publish_address_get
 .text.access_model_publish_retransmit_set
                0x00000000000379dc       0x58 CMakeFiles/light_switch_server_nrf52832_xxAA_s132_6.0.0.dir/__/__/__/mesh/access/src/access.c.obj
                0x00000000000379dc                access_model_publish_retransmit_set
 .text.access_model_publish_retransmit_get
                0x0000000000037a34       0x2c CMakeFiles/light_switch_server_nrf52832_xxAA_s132_6.0.0.dir/__/__/__/mesh/access/src/access.c.obj
                0x0000000000037a34                access_model_publish_retransmit_get
 .text.access_model_publish_period_set