Archive member included to satisfy reference by file (symbol)

../../external/rtt/librtt_nrf52832_xxAA.a(SEGGER_RTT.c.obj)
                              CMakeFiles/dfu_no_serial_nrf52832_xxAA_s132_6.0.0.dir/__/__/mesh/core/src/log.c.obj (SEGGER_RTT_Write)
../../external/rtt/librtt_nrf52832_xxAA.a(SEGGER_RTT_printf.c.obj)
                              CMakeFiles/dfu_no_serial_nrf52832_xxAA_s132_6.0.0.dir/__/__/mesh/core/src/log.c.obj (SEGGER_RTT_vprintf)
../../external/micro-ecc/libuECC_nrf52832_xxAA.a(uECC.c.obj)
                              CMakeFiles/dfu_no_serial_nrf52832_xxAA_s132_6.0.0.dir/__/__/mesh/prov/src/prov_utils.c.obj (uECC_secp256r1)
/usr/bin/../lib/gcc/arm-none-eabi/7.2.1/../../../../arm-none-eabi/lib/thumb/v7e-m/fpv4-sp/hard/libg_nano.a(lib_a-exit.o)
                              /usr/bin/../lib/gcc/arm-none-eabi/7.2.1/../../../../arm-none-eabi/lib/thumb/v7e-m/fpv4-sp/hard/crt0.o (exit)
/usr/bin/../lib/gcc/arm-none-eabi/7.2.1/../../../../arm-none-eabi/lib/thumb/v7e-m/fpv4-sp/hard/libg_nano.a(lib_a-impure.o)
                              /usr/bin/../lib/gcc/arm-none-eabi/7.2.1/../../../../arm-none-eabi/lib/thumb/v7e-m/fpv4-sp/hard/libg_nano.a(lib_a-exit.o) (_global_impure_ptr)
/usr/bin/../lib/gcc/arm-none-eabi/7.2.1/../../../../arm-none-eabi/lib/thumb/v7e-m/fpv4-sp/hard/libg_nano.a(lib_a-init.o)
                              /usr/bin/../lib/gcc/arm-none-eabi/7.2.1/../../../../arm-none-eabi/lib/thumb/v7e-m/fpv4-sp/hard/crt0.o (__libc_init_array)
/usr/bin/../lib/gcc/arm-none-eabi/7.2.1/../../../../arm-none-eabi/lib/thumb/v7e-m/fpv4-sp/hard/libg_nano.a(lib_a-malloc.o)
                              CMakeFiles/dfu_no_serial_nrf52832_xxAA_s132_6.0.0.dir/__/__/mesh/core/src/transport.c.obj (malloc)
/usr/bin/../lib/gcc/arm-none-eabi/7.2.1/../../../../arm-none-eabi/lib/thumb/v7e-m/fpv4-sp/hard/libg_nano.a(lib_a-memcmp.o)
                              CMakeFiles/dfu_no_serial_nrf52832_xxAA_s132_6.0.0.dir/__/__/mesh/access/src/device_state_manager.c.obj (memcmp)
/usr/bin/../lib/gcc/arm-none-eabi/7.2.1/../../../../arm-none-eabi/lib/thumb/v7e-m/fpv4-sp/hard/libg_nano.a(lib_a-memcpy-stub.o)
                              CMakeFiles/dfu_no_serial_nrf52832_xxAA_s132_6.0.0.dir/__/__/mesh/access/src/access.c.obj (memcpy)
/usr/bin/../lib/gcc/arm-none-eabi/7.2.1/../../../../arm-none-eabi/lib/thumb/v7e-m/fpv4-sp/hard/libg_nano.a(lib_a-memset.o)
                              /usr/bin/../lib/gcc/arm-none-eabi/7.2.1/../../../../arm-none-eabi/lib/thumb/v7e-m/fpv4-sp/hard/crt0.o (memset)
/usr/bin/../lib/gcc/arm-none-eabi/7.2.1/../../../../arm-none-eabi/lib/thumb/v7e-m/fpv4-sp/hard/libg_nano.a(lib_a-nano-freer.o)
                              /usr/bin/../lib/gcc/arm-none-eabi/7.2.1/../../../../arm-none-eabi/lib/thumb/v7e-m/fpv4-sp/hard/libg_nano.a(lib_a-malloc.o) (_free_r)
/usr/bin/../lib/gcc/arm-none-eabi/7.2.1/../../../../arm-none-eabi/lib/thumb/v7e-m/fpv4-sp/hard/libg_nano.a(lib_a-nano-mallocr.o)
                              /usr/bin/../lib/gcc/arm-none-eabi/7.2.1/../../../../arm-none-eabi/lib/thumb/v7e-m/fpv4-sp/hard/libg_nano.a(lib_a-malloc.o) (_malloc_r)
/usr/bin/../lib/gcc/arm-none-eabi/7.2.1/../../../../arm-none-eabi/lib/thumb/v7e-m/fpv4-sp/hard/libg_nano.a(lib_a-sbrkr.o)
                              /usr/bin/../lib/gcc/arm-none-eabi/7.2.1/../../../../arm-none-eabi/lib/thumb/v7e-m/fpv4-sp/hard/libg_nano.a(lib_a-nano-mallocr.o) (_sbrk_r)
/usr/bin/../lib/gcc/arm-none-eabi/7.2.1/../../../../arm-none-eabi/lib/thumb/v7e-m/fpv4-sp/hard/libg_nano.a(lib_a-strcpy.o)
                              ../../external/rtt/librtt_nrf52832_xxAA.a(SEGGER_RTT.c.obj) (strcpy)
/usr/bin/../lib/gcc/arm-none-eabi/7.2.1/../../../../arm-none-eabi/lib/thumb/v7e-m/fpv4-sp/hard/libg_nano.a(lib_a-strlen.o)
                              CMakeFiles/dfu_no_serial_nrf52832_xxAA_s132_6.0.0.dir/__/__/mesh/prov/src/prov_beacon.c.obj (strlen)
/usr/bin/../lib/gcc/arm-none-eabi/7.2.1/../../../../arm-none-eabi/lib/thumb/v7e-m/fpv4-sp/hard/libg_nano.a(lib_a-strrchr.o)
                              CMakeFiles/dfu_no_serial_nrf52832_xxAA_s132_6.0.0.dir/src/main.c.obj (strrchr)
/usr/bin/../lib/gcc/arm-none-eabi/7.2.1/../../../../arm-none-eabi/lib/thumb/v7e-m/fpv4-sp/hard/libg_nano.a(lib_a-mlock.o)
                              /usr/bin/../lib/gcc/arm-none-eabi/7.2.1/../../../../arm-none-eabi/lib/thumb/v7e-m/fpv4-sp/hard/libg_nano.a(lib_a-nano-freer.o) (__malloc_lock)
/usr/bin/../lib/gcc/arm-none-eabi/7.2.1/../../../../arm-none-eabi/lib/thumb/v7e-m/fpv4-sp/hard/libg_nano.a(lib_a-reent.o)
                              /usr/bin/../lib/gcc/arm-none-eabi/7.2.1/../../../../arm-none-eabi/lib/thumb/v7e-m/fpv4-sp/hard/libg_nano.a(lib_a-sbrkr.o) (errno)
/usr/bin/../lib/gcc/arm-none-eabi/7.2.1/../../../../arm-none-eabi/lib/thumb/v7e-m/fpv4-sp/hard/libg_nano.a(lib_a-strchr.o)
                              /usr/bin/../lib/gcc/arm-none-eabi/7.2.1/../../../../arm-none-eabi/lib/thumb/v7e-m/fpv4-sp/hard/libg_nano.a(lib_a-strrchr.o) (strchr)
[...]
Memory Configuration

Name             Origin             Length             Attributes
FLASH            0x0000000000026000 0x0000000000051000 xr
RAM              0x00000000200032c8 0x000000000000ca38 xrw
*default*        0x0000000000000000 0xffffffffffffffff

Linker script and memory map


.text           0x0000000000026000    0x1ffd0
 *(.isr_vector)
 .isr_vector    0x0000000000026000      0x200 CMakeFiles/dfu_no_serial_nrf52832_xxAA_s132_6.0.0.dir/home/mazzer/work/nordic/sdk/nRF5_SDK_15.0.0/modules/nrfx/mdk/gcc_startup_nrf52.S.obj
                0x0000000000026000                __isr_vector
 *(.text*)
 .text          0x0000000000026200       0x40 /usr/bin/../lib/gcc/arm-none-eabi/7.2.1/thumb/v7e-m/fpv4-sp/hard/crtbegin.o
 .text          0x0000000000026240       0x74 /usr/bin/../lib/gcc/arm-none-eabi/7.2.1/../../../../arm-none-eabi/lib/thumb/v7e-m/fpv4-sp/hard/crt0.o
                0x0000000000026240                _mainCRTStartup
                0x0000000000026240                _start
 .text.sd_app_evt_wait
                0x00000000000262b4        0x4 CMakeFiles/dfu_no_serial_nrf52832_xxAA_s132_6.0.0.dir/src/main.c.obj
 .text.config_server_evt_cb
                0x00000000000262b8       0x88 CMakeFiles/dfu_no_serial_nrf52832_xxAA_s132_6.0.0.dir/src/main.c.obj
 .text.mesh_evt_handler
                0x0000000000026340       0xe0 CMakeFiles/dfu_no_serial_nrf52832_xxAA_s132_6.0.0.dir/src/main.c.obj
 .text.startup.main
                0x0000000000026420      0x448 CMakeFiles/dfu_no_serial_nrf52832_xxAA_s132_6.0.0.dir/src/main.c.obj
                0x0000000000026420                main
 .text.mesh_evt_handler
                0x0000000000026868       0x10 CMakeFiles/dfu_no_serial_nrf52832_xxAA_s132_6.0.0.dir/__/__/mesh/stack/src/mesh_stack.c.obj
 .text.mesh_stack_init
                0x0000000000026878       0x94 CMakeFiles/dfu_no_serial_nrf52832_xxAA_s132_6.0.0.dir/__/__/mesh/stack/src/mesh_stack.c.obj
                0x0000000000026878                mesh_stack_init
 .text.mesh_stack_start
                0x000000000002690c        0x4 CMakeFiles/dfu_no_serial_nrf52832_xxAA_s132_6.0.0.dir/__/__/mesh/stack/src/mesh_stack.c.obj
                0x000000000002690c                mesh_stack_start
 .text.mesh_stack_provisioning_data_store
                0x0000000000026910       0x78 CMakeFiles/dfu_no_serial_nrf52832_xxAA_s132_6.0.0.dir/__/__/mesh/stack/src/mesh_stack.c.obj
                0x0000000000026910                mesh_stack_provisioning_data_store
 .text.mesh_stack_config_clear
                0x0000000000026988       0x14 CMakeFiles/dfu_no_serial_nrf52832_xxAA_s132_6.0.0.dir/__/__/mesh/stack/src/mesh_stack.c.obj
                0x0000000000026988                mesh_stack_config_clear
 .text.mesh_stack_device_reset
                0x000000000002699c       0x20 CMakeFiles/dfu_no_serial_nrf52832_xxAA_s132_6.0.0.dir/__/__/mesh/stack/src/mesh_stack.c.obj
                0x000000000002699c                mesh_stack_device_reset
 .text.sd_evt_get
                0x00000000000269bc        0x4 CMakeFiles/dfu_no_serial_nrf52832_xxAA_s132_6.0.0.dir/__/common/src/mesh_softdevice_init.c.obj
 .text.sd_softdevice_enable
                0x00000000000269c0        0x4 CMakeFiles/dfu_no_serial_nrf52832_xxAA_s132_6.0.0.dir/__/common/src/mesh_softdevice_init.c.obj
 .text.sd_ble_enable
                0x00000000000269c4        0x4 CMakeFiles/dfu_no_serial_nrf52832_xxAA_s132_6.0.0.dir/__/common/src/mesh_softdevice_init.c.obj
 .text.SWI2_EGU2_IRQHandler
                0x00000000000269c8       0x1c CMakeFiles/dfu_no_serial_nrf52832_xxAA_s132_6.0.0.dir/__/common/src/mesh_softdevice_init.c.obj
                0x00000000000269c8                SWI2_EGU2_IRQHandler
 .text.mesh_softdevice_init
                0x00000000000269e4      0x1f8 CMakeFiles/dfu_no_serial_nrf52832_xxAA_s132_6.0.0.dir/__/common/src/mesh_softdevice_init.c.obj
                0x00000000000269e4                mesh_softdevice_init
 .text.prov_evt_handler
                0x0000000000026bdc       0x70 CMakeFiles/dfu_no_serial_nrf52832_xxAA_s132_6.0.0.dir/__/common/src/mesh_provisionee.c.obj
 .text.mesh_provisionee_prov_start
                0x0000000000026c4c       0x88 CMakeFiles/dfu_no_serial_nrf52832_xxAA_s132_6.0.0.dir/__/common/src/mesh_provisionee.c.obj
                0x0000000000026c4c                mesh_provisionee_prov_start
 .text.hal_led_mask_set
                0x0000000000026cd4       0x14 CMakeFiles/dfu_no_serial_nrf52832_xxAA_s132_6.0.0.dir/__/common/src/simple_hal.c.obj
                0x0000000000026cd4                hal_led_mask_set
 .text.hal_led_blink_ms
                0x0000000000026ce8       0x50 CMakeFiles/dfu_no_serial_nrf52832_xxAA_s132_6.0.0.dir/__/common/src/simple_hal.c.obj
                0x0000000000026ce8                hal_led_blink_ms
 .text.hal_leds_init
                0x0000000000026d38       0x3c CMakeFiles/dfu_no_serial_nrf52832_xxAA_s132_6.0.0.dir/__/common/src/simple_hal.c.obj
                0x0000000000026d38                hal_leds_init
 .text.GPIOTE_IRQHandler
                0x0000000000026d74       0x70 CMakeFiles/dfu_no_serial_nrf52832_xxAA_s132_6.0.0.dir/__/common/src/simple_hal.c.obj
                0x0000000000026d74                GPIOTE_IRQHandler
 .text.schedule_publication_timer
                0x0000000000026de4      0x2d0 CMakeFiles/dfu_no_serial_nrf52832_xxAA_s132_6.0.0.dir/__/__/mesh/access/src/access_publish.c.obj
 .text.publish_timer_tick
                0x00000000000270b4      0x140 CMakeFiles/dfu_no_serial_nrf52832_xxAA_s132_6.0.0.dir/__/__/mesh/access/src/access_publish.c.obj
 .text.access_publish_init
                0x00000000000271f4       0x38 CMakeFiles/dfu_no_serial_nrf52832_xxAA_s132_6.0.0.dir/__/__/mesh/access/src/access_publish.c.obj
                0x00000000000271f4                access_publish_init
 .text.access_publish_period_set
                0x000000000002722c      0x118 CMakeFiles/dfu_no_serial_nrf52832_xxAA_s132_6.0.0.dir/__/__/mesh/access/src/access_publish.c.obj
                0x000000000002722c                access_publish_period_set
 .text.access_publish_period_get
                0x0000000000027344       0x2c CMakeFiles/dfu_no_serial_nrf52832_xxAA_s132_6.0.0.dir/__/__/mesh/access/src/access_publish.c.obj
                0x0000000000027344                access_publish_period_get
 .text.flash_manager_mem_available
                0x0000000000027370        0x4 CMakeFiles/dfu_no_serial_nrf52832_xxAA_s132_6.0.0.dir/__/__/mesh/access/src/access.c.obj
 .text.flash_invalidate_complete
                0x0000000000027374        0x8 CMakeFiles/dfu_no_serial_nrf52832_xxAA_s132_6.0.0.dir/__/__/mesh/access/src/access.c.obj
 .text.access_flash_config_clear
                0x000000000002737c       0x28 CMakeFiles/dfu_no_serial_nrf52832_xxAA_s132_6.0.0.dir/__/__/mesh/access/src/access.c.obj
 .text.handle_incoming
                0x00000000000273a4      0x19c CMakeFiles/dfu_no_serial_nrf52832_xxAA_s132_6.0.0.dir/__/__/mesh/access/src/access.c.obj
 .text.mesh_evt_cb
                0x0000000000027540      0x158 CMakeFiles/dfu_no_serial_nrf52832_xxAA_s132_6.0.0.dir/__/__/mesh/access/src/access.c.obj
 .text.add_flash_manager
                0x0000000000027698       0x58 CMakeFiles/dfu_no_serial_nrf52832_xxAA_s132_6.0.0.dir/__/__/mesh/access/src/access.c.obj
 .text.flash_write_complete
                0x00000000000276f0       0x4c CMakeFiles/dfu_no_serial_nrf52832_xxAA_s132_6.0.0.dir/__/__/mesh/access/src/access.c.obj
 .text.access_flash_config_store
                0x000000000002773c      0x158 CMakeFiles/dfu_no_serial_nrf52832_xxAA_s132_6.0.0.dir/__/__/mesh/access/src/access.c.obj
                0x000000000002773c                access_flash_config_store
 .text.flash_remove_complete
                0x0000000000027894       0xb0 CMakeFiles/dfu_no_serial_nrf52832_xxAA_s132_6.0.0.dir/__/__/mesh/access/src/access.c.obj
 .text.access_flash_config_load
                0x0000000000027944      0x290 CMakeFiles/dfu_no_serial_nrf52832_xxAA_s132_6.0.0.dir/__/__/mesh/access/src/access.c.obj
                0x0000000000027944                access_flash_config_load
 .text.access_clear
                0x0000000000027bd4       0x6c CMakeFiles/dfu_no_serial_nrf52832_xxAA_s132_6.0.0.dir/__/__/mesh/access/src/access.c.obj
                0x0000000000027bd4                access_clear
 .text.access_init
                0x0000000000027c40       0xb4 CMakeFiles/dfu_no_serial_nrf52832_xxAA_s132_6.0.0.dir/__/__/mesh/access/src/access.c.obj
                0x0000000000027c40                access_init
 .text.access_model_add
                0x0000000000027cf4      0x20c CMakeFiles/dfu_no_serial_nrf52832_xxAA_s132_6.0.0.dir/__/__/mesh/access/src/access.c.obj
                0x0000000000027cf4                access_model_add
 .text.access_model_publish
                0x0000000000027f00      0x3b8 CMakeFiles/dfu_no_serial_nrf52832_xxAA_s132_6.0.0.dir/__/__/mesh/access/src/access.c.obj
                0x0000000000027f00                access_model_publish
 .text.access_model_reply
                0x00000000000282b8      0x3d4 CMakeFiles/dfu_no_serial_nrf52832_xxAA_s132_6.0.0.dir/__/__/mesh/access/src/access.c.obj
                0x00000000000282b8                access_model_reply
 .text.access_model_publish_address_set
                0x000000000002868c       0x3c CMakeFiles/dfu_no_serial_nrf52832_xxAA_s132_6.0.0.dir/__/__/mesh/access/src/access.c.obj
                0x000000000002868c                access_model_publish_address_set
 .text.access_model_publish_address_get
                0x00000000000286c8       0x2c CMakeFiles/dfu_no_serial_nrf52832_xxAA_s132_6.0.0.dir/__/__/mesh/access/src/access.c.obj
                0x00000000000286c8                access_model_publish_address_get
 .text.access_model_publish_retransmit_set
                0x00000000000286f4       0x58 CMakeFiles/dfu_no_serial_nrf52832_xxAA_s132_6.0.0.dir/__/__/mesh/access/src/access.c.obj
                0x00000000000286f4                access_model_publish_retransmit_set
 .text.access_model_publish_retransmit_get
                0x000000000002874c       0x2c CMakeFiles/dfu_no_serial_nrf52832_xxAA_s132_6.0.0.dir/__/__/mesh/access/src/access.c.obj
                0x000000000002874c                access_model_publish_retransmit_get
 .text.access_model_publish_period_set
                0x0000000000028778       0x78 CMakeFiles/dfu_no_serial_nrf52832_xxAA_s132_6.0.0.dir/__/__/mesh/access/src/access.c.obj
                0x0000000000028778                access_model_publish_period_set
 .text.access_model_publish_period_get
                0x00000000000287f0       0x40 CMakeFiles/dfu_no_serial_nrf52832_xxAA_s132_6.0.0.dir/__/__/mesh/access/src/access.c.obj
                0x00000000000287f0                access_model_publish_period_get
 .text.access_model_subscription_add
                0x0000000000028830       0x64 CMakeFiles/dfu_no_serial_nrf52832_xxAA_s132_6.0.0.dir/__/__/mesh/access/src/access.c.obj
                0x0000000000028830                access_model_subscription_add
 .text.access_model_subscription_remove
                0x0000000000028894       0x60 CMakeFiles/dfu_no_serial_nrf52832_xxAA_s132_6.0.0.dir/__/__/mesh/access/src/access.c.obj
                0x0000000000028894                access_model_subscription_remove
 .text.access_model_subscriptions_get
                0x00000000000288f4       0x80 CMakeFiles/dfu_no_serial_nrf52832_xxAA_s132_6.0.0.dir/__/__/mesh/access/src/access.c.obj
                0x00000000000288f4                access_model_subscriptions_get
 .text.access_model_application_bind
                0x0000000000028974       0x58 CMakeFiles/dfu_no_serial_nrf52832_xxAA_s132_6.0.0.dir/__/__/mesh/access/src/access.c.obj
                0x0000000000028974                access_model_application_bind
 .text.access_model_application_unbind
                0x00000000000289cc       0x58 CMakeFiles/dfu_no_serial_nrf52832_xxAA_s132_6.0.0.dir/__/__/mesh/access/src/access.c.obj
                0x00000000000289cc                access_model_application_unbind
 .text.access_model_applications_get
                0x0000000000028a24      0x100 CMakeFiles/dfu_no_serial_nrf52832_xxAA_s132_6.0.0.dir/__/__/mesh/access/src/access.c.obj
                0x0000000000028a24                access_model_applications_get
 .text.access_model_publish_application_set
                0x0000000000028b24       0x3c CMakeFiles/dfu_no_serial_nrf52832_xxAA_s132_6.0.0.dir/__/__/mesh/access/src/access.c.obj
                0x0000000000028b24                access_model_publish_application_set
 .text.access_model_publish_application_get
                0x0000000000028b60       0x2c CMakeFiles/dfu_no_serial_nrf52832_xxAA_s132_6.0.0.dir/__/__/mesh/access/src/access.c.obj
                0x0000000000028b60                access_model_publish_application_get
 .text.access_default_ttl_set
                0x0000000000028b8c       0x1c CMakeFiles/dfu_no_serial_nrf52832_xxAA_s132_6.0.0.dir/__/__/mesh/access/src/access.c.obj
                0x0000000000028b8c                access_default_ttl_set
 .text.access_default_ttl_get
                0x0000000000028ba8        0xc CMakeFiles/dfu_no_serial_nrf52832_xxAA_s132_6.0.0.dir/__/__/mesh/access/src/access.c.obj
                0x0000000000028ba8                access_default_ttl_get
 .text.access_model_publish_ttl_set
                0x0000000000028bb4       0x40 CMakeFiles/dfu_no_serial_nrf52832_xxAA_s132_6.0.0.dir/__/__/mesh/access/src/access.c.obj
                0x0000000000028bb4                access_model_publish_ttl_set
 .text.access_model_publish_ttl_get
                0x0000000000028bf4       0x2c CMakeFiles/dfu_no_serial_nrf52832_xxAA_s132_6.0.0.dir/__/__/mesh/access/src/access.c.obj
                0x0000000000028bf4                access_model_publish_ttl_get
 .text.access_element_location_get
                0x0000000000028c20       0x18 CMakeFiles/dfu_no_serial_nrf52832_xxAA_s132_6.0.0.dir/__/__/mesh/access/src/access.c.obj
                0x0000000000028c20                access_element_location_get
 .text.access_element_sig_model_count_get
                0x0000000000028c38       0x18 CMakeFiles/dfu_no_serial_nrf52832_xxAA_s132_6.0.0.dir/__/__/mesh/access/src/access.c.obj
                0x0000000000028c38                access_element_sig_model_count_get
 .text.access_element_vendor_model_count_get
                0x0000000000028c50       0x18 CMakeFiles/dfu_no_serial_nrf52832_xxAA_s132_6.0.0.dir/__/__/mesh/access/src/access.c.obj
                0x0000000000028c50                access_element_vendor_model_count_get
 .text.access_model_id_get
                0x0000000000028c68       0x40 CMakeFiles/dfu_no_serial_nrf52832_xxAA_s132_6.0.0.dir/__/__/mesh/access/src/access.c.obj
                0x0000000000028c68                access_model_id_get
 .text.access_handle_get
                0x0000000000028ca8       0x5c CMakeFiles/dfu_no_serial_nrf52832_xxAA_s132_6.0.0.dir/__/__/mesh/access/src/access.c.obj
                0x0000000000028ca8                access_handle_get
 .text.access_element_models_get
                0x0000000000028d04       0x60 CMakeFiles/dfu_no_serial_nrf52832_xxAA_s132_6.0.0.dir/__/__/mesh/access/src/access.c.obj
                0x0000000000028d04                access_element_models_get
 .text.access_model_p_args_get
                0x0000000000028d64       0x2c CMakeFiles/dfu_no_serial_nrf52832_xxAA_s132_6.0.0.dir/__/__/mesh/access/src/access.c.obj
                0x0000000000028d64                access_model_p_args_get
 .text.access_model_publication_stop
                0x0000000000028d90       0x5c CMakeFiles/dfu_no_serial_nrf52832_xxAA_s132_6.0.0.dir/__/__/mesh/access/src/access.c.obj
                0x0000000000028d90                access_model_publication_stop
 .text.access_model_publication_by_appkey_stop
                0x0000000000028dec       0x98 CMakeFiles/dfu_no_serial_nrf52832_xxAA_s132_6.0.0.dir/__/__/mesh/access/src/access.c.obj
                0x0000000000028dec                access_model_publication_by_appkey_stop
 .text.remove_and_reschedule
                0x0000000000028e84       0xc8 CMakeFiles/dfu_no_serial_nrf52832_xxAA_s132_6.0.0.dir/__/__/mesh/access/src/access_reliable.c.obj
 .text.reliable_timer_cb
                0x0000000000028f4c      0x1a0 CMakeFiles/dfu_no_serial_nrf52832_xxAA_s132_6.0.0.dir/__/__/mesh/access/src/access_reliable.c.obj
 .text.access_reliable_message_rx_cb
                0x00000000000290ec       0x70 CMakeFiles/dfu_no_serial_nrf52832_xxAA_s132_6.0.0.dir/__/__/mesh/access/src/access_reliable.c.obj
                0x00000000000290ec                access_reliable_message_rx_cb
 .text.access_reliable_init
                0x000000000002915c       0x1c CMakeFiles/dfu_no_serial_nrf52832_xxAA_s132_6.0.0.dir/__/__/mesh/access/src/access_reliable.c.obj
                0x000000000002915c                access_reliable_init
 .text.access_reliable_cancel_all
                0x0000000000029178       0xa8 CMakeFiles/dfu_no_serial_nrf52832_xxAA_s132_6.0.0.dir/__/__/mesh/access/src/access_reliable.c.obj
                0x0000000000029178                access_reliable_cancel_all
 .text.access_model_reliable_cancel
                0x0000000000029220       0x78 CMakeFiles/dfu_no_serial_nrf52832_xxAA_s132_6.0.0.dir/__/__/mesh/access/src/access_reliable.c.obj
                0x0000000000029220                access_model_reliable_cancel
 .text.addr_nonvirtual_to_dsm_entry
                0x0000000000029298       0x48 CMakeFiles/dfu_no_serial_nrf52832_xxAA_s132_6.0.0.dir/__/__/mesh/access/src/device_state_manager.c.obj
 .text.addr_nonvirtual_to_flash_entry
                0x00000000000292e0       0x10 CMakeFiles/dfu_no_serial_nrf52832_xxAA_s132_6.0.0.dir/__/__/mesh/access/src/device_state_manager.c.obj
 .text.devkey_to_flash_entry
                0x00000000000292f0       0x28 CMakeFiles/dfu_no_serial_nrf52832_xxAA_s132_6.0.0.dir/__/__/mesh/access/src/device_state_manager.c.obj
 .text.addr_virtual_to_flash_entry
                0x0000000000029318       0x18 CMakeFiles/dfu_no_serial_nrf52832_xxAA_s132_6.0.0.dir/__/__/mesh/access/src/device_state_manager.c.obj
 .text.addr_unicast_to_dsm_entry
                0x0000000000029330        0xc CMakeFiles/dfu_no_serial_nrf52832_xxAA_s132_6.0.0.dir/__/__/mesh/access/src/device_state_manager.c.obj
 .text.addr_unicast_to_flash_entry
                0x000000000002933c       0x10 CMakeFiles/dfu_no_serial_nrf52832_xxAA_s132_6.0.0.dir/__/__/mesh/access/src/device_state_manager.c.obj
 .text.flash_mem_listener_callback
                0x000000000002934c       0x1c CMakeFiles/dfu_no_serial_nrf52832_xxAA_s132_6.0.0.dir/__/__/mesh/access/src/device_state_manager.c.obj
 .text.appkey_to_flash_entry
                0x0000000000029368       0x54 CMakeFiles/dfu_no_serial_nrf52832_xxAA_s132_6.0.0.dir/__/__/mesh/access/src/device_state_manager.c.obj
 .text.subnet_to_flash_entry
                0x00000000000293bc       0x60 CMakeFiles/dfu_no_serial_nrf52832_xxAA_s132_6.0.0.dir/__/__/mesh/access/src/device_state_manager.c.obj
 .text.reset_flash_area
                0x000000000002941c       0x28 CMakeFiles/dfu_no_serial_nrf52832_xxAA_s132_6.0.0.dir/__/__/mesh/access/src/device_state_manager.c.obj
 .text.build_flash_area
                0x0000000000029444       0x90 CMakeFiles/dfu_no_serial_nrf52832_xxAA_s132_6.0.0.dir/__/__/mesh/access/src/device_state_manager.c.obj
 .text.flash_invalidate_complete
                0x00000000000294d4       0x54 CMakeFiles/dfu_no_serial_nrf52832_xxAA_s132_6.0.0.dir/__/__/mesh/access/src/device_state_manager.c.obj
 .text.flash_write_complete
                0x0000000000029528       0x50 CMakeFiles/dfu_no_serial_nrf52832_xxAA_s132_6.0.0.dir/__/__/mesh/access/src/device_state_manager.c.obj
 .text.devkey_to_dsm_entry
                0x0000000000029578       0x70 CMakeFiles/dfu_no_serial_nrf52832_xxAA_s132_6.0.0.dir/__/__/mesh/access/src/device_state_manager.c.obj
 .text.addr_virtual_to_dsm_entry
                0x00000000000295e8       0x60 CMakeFiles/dfu_no_serial_nrf52832_xxAA_s132_6.0.0.dir/__/__/mesh/access/src/device_state_manager.c.obj
 .text.appkey_to_dsm_entry
                0x0000000000029648       0xf4 CMakeFiles/dfu_no_serial_nrf52832_xxAA_s132_6.0.0.dir/__/__/mesh/access/src/device_state_manager.c.obj
 .text.subnet_to_dsm_entry
                0x000000000002973c      0x11c CMakeFiles/dfu_no_serial_nrf52832_xxAA_s132_6.0.0.dir/__/__/mesh/access/src/device_state_manager.c.obj
 .text.flash_remove_complete
                0x0000000000029858       0x90 CMakeFiles/dfu_no_serial_nrf52832_xxAA_s132_6.0.0.dir/__/__/mesh/access/src/device_state_manager.c.obj
 .text.address_delete_if_unused
                0x00000000000298e8       0xf4 CMakeFiles/dfu_no_serial_nrf52832_xxAA_s132_6.0.0.dir/__/__/mesh/access/src/device_state_manager.c.obj
 .text.flash_update_all
                0x00000000000299dc      0x184 CMakeFiles/dfu_no_serial_nrf52832_xxAA_s132_6.0.0.dir/__/__/mesh/access/src/device_state_manager.c.obj
 .text.mesh_evt_handler
                0x0000000000029b60      0x258 CMakeFiles/dfu_no_serial_nrf52832_xxAA_s132_6.0.0.dir/__/__/mesh/access/src/device_state_manager.c.obj
 .text.dsm_flash_config_load
                0x0000000000029db8      0x1f8 CMakeFiles/dfu_no_serial_nrf52832_xxAA_s132_6.0.0.dir/__/__/mesh/access/src/device_state_manager.c.obj
                0x0000000000029db8                dsm_flash_config_load
 .text.dsm_flash_area_get
                0x0000000000029fb0        0xc CMakeFiles/dfu_no_serial_nrf52832_xxAA_s132_6.0.0.dir/__/__/mesh/access/src/device_state_manager.c.obj
                0x0000000000029fb0                dsm_flash_area_get
 .text.dsm_clear
                0x0000000000029fbc      0x100 CMakeFiles/dfu_no_serial_nrf52832_xxAA_s132_6.0.0.dir/__/__/mesh/access/src/device_state_manager.c.obj
                0x0000000000029fbc                dsm_clear
 .text.dsm_init
                0x000000000002a0bc       0xbc CMakeFiles/dfu_no_serial_nrf52832_xxAA_s132_6.0.0.dir/__/__/mesh/access/src/device_state_manager.c.obj
                0x000000000002a0bc                dsm_init
 .text.dsm_local_unicast_addresses_set
                0x000000000002a178       0xbc CMakeFiles/dfu_no_serial_nrf52832_xxAA_s132_6.0.0.dir/__/__/mesh/access/src/device_state_manager.c.obj
                0x000000000002a178                dsm_local_unicast_addresses_set
 .text.dsm_local_unicast_addresses_get
                0x000000000002a234       0x20 CMakeFiles/dfu_no_serial_nrf52832_xxAA_s132_6.0.0.dir/__/__/mesh/access/src/device_state_manager.c.obj
                0x000000000002a234                dsm_local_unicast_addresses_get
 .text.dsm_address_publish_add
                0x000000000002a254      0x318 CMakeFiles/dfu_no_serial_nrf52832_xxAA_s132_6.0.0.dir/__/__/mesh/access/src/device_state_manager.c.obj
                0x000000000002a254                dsm_address_publish_add
 .text.dsm_address_publish_add_handle
                0x000000000002a56c       0x54 CMakeFiles/dfu_no_serial_nrf52832_xxAA_s132_6.0.0.dir/__/__/mesh/access/src/device_state_manager.c.obj
                0x000000000002a56c                dsm_address_publish_add_handle
 .text.dsm_address_publish_virtual_add
                0x000000000002a5c0      0x2b4 CMakeFiles/dfu_no_serial_nrf52832_xxAA_s132_6.0.0.dir/__/__/mesh/access/src/device_state_manager.c.obj
                0x000000000002a5c0                dsm_address_publish_virtual_add
 .text.dsm_address_publish_remove
                0x000000000002a874       0xcc CMakeFiles/dfu_no_serial_nrf52832_xxAA_s132_6.0.0.dir/__/__/mesh/access/src/device_state_manager.c.obj
                0x000000000002a874                dsm_address_publish_remove
 .text.dsm_address_subscription_add
                0x000000000002a940      0x354 CMakeFiles/dfu_no_serial_nrf52832_xxAA_s132_6.0.0.dir/__/__/mesh/access/src/device_state_manager.c.obj
                0x000000000002a940                dsm_address_subscription_add
 .text.dsm_address_subscription_virtual_add
                0x000000000002ac94      0x2b4 CMakeFiles/dfu_no_serial_nrf52832_xxAA_s132_6.0.0.dir/__/__/mesh/access/src/device_state_manager.c.obj
                0x000000000002ac94                dsm_address_subscription_virtual_add
 .text.dsm_address_subscription_add_handle
                0x000000000002af48       0x54 CMakeFiles/dfu_no_serial_nrf52832_xxAA_s132_6.0.0.dir/__/__/mesh/access/src/device_state_manager.c.obj
                0x000000000002af48                dsm_address_subscription_add_handle
 .text.dsm_address_subscription_get
                0x000000000002af9c       0x5c CMakeFiles/dfu_no_serial_nrf52832_xxAA_s132_6.0.0.dir/__/__/mesh/access/src/device_state_manager.c.obj
                0x000000000002af9c                dsm_address_subscription_get
 .text.dsm_address_subscription_remove
                0x000000000002aff8       0x90 CMakeFiles/dfu_no_serial_nrf52832_xxAA_s132_6.0.0.dir/__/__/mesh/access/src/device_state_manager.c.obj
                0x000000000002aff8                dsm_address_subscription_remove
 .text.dsm_address_get
                0x000000000002b088       0x78 CMakeFiles/dfu_no_serial_nrf52832_xxAA_s132_6.0.0.dir/__/__/mesh/access/src/device_state_manager.c.obj
                0x000000000002b088                dsm_address_get
 .text.dsm_address_handle_get
                0x000000000002b100      0x3a4 CMakeFiles/dfu_no_serial_nrf52832_xxAA_s132_6.0.0.dir/__/__/mesh/access/src/device_state_manager.c.obj
                0x000000000002b100                dsm_address_handle_get
 .text.dsm_net_key_index_to_subnet_handle
                0x000000000002b4a4       0x5c CMakeFiles/dfu_no_serial_nrf52832_xxAA_s132_6.0.0.dir/__/__/mesh/access/src/device_state_manager.c.obj
                0x000000000002b4a4                dsm_net_key_index_to_subnet_handle
 .text.dsm_subnet_handle_get
                0x000000000002b500       0xa8 CMakeFiles/dfu_no_serial_nrf52832_xxAA_s132_6.0.0.dir/__/__/mesh/access/src/device_state_manager.c.obj
                0x000000000002b500                dsm_subnet_handle_get
 .text.dsm_appkey_index_to_appkey_handle
                0x000000000002b5a8       0xa0 CMakeFiles/dfu_no_serial_nrf52832_xxAA_s132_6.0.0.dir/__/__/mesh/access/src/device_state_manager.c.obj
                0x000000000002b5a8                dsm_appkey_index_to_appkey_handle
 .text.dsm_appkey_handle_get
                0x000000000002b648       0x44 CMakeFiles/dfu_no_serial_nrf52832_xxAA_s132_6.0.0.dir/__/__/mesh/access/src/device_state_manager.c.obj
                0x000000000002b648                dsm_appkey_handle_get
 .text.dsm_appkey_handle_to_appkey_index
                0x000000000002b68c       0x34 CMakeFiles/dfu_no_serial_nrf52832_xxAA_s132_6.0.0.dir/__/__/mesh/access/src/device_state_manager.c.obj
                0x000000000002b68c                dsm_appkey_handle_to_appkey_index
 .text.dsm_appkey_handle_to_subnet_handle
                0x000000000002b6c0       0xb8 CMakeFiles/dfu_no_serial_nrf52832_xxAA_s132_6.0.0.dir/__/__/mesh/access/src/device_state_manager.c.obj
                0x000000000002b6c0                dsm_appkey_handle_to_subnet_handle
 .text.dsm_subnet_add
                0x000000000002b778      0x210 CMakeFiles/dfu_no_serial_nrf52832_xxAA_s132_6.0.0.dir/__/__/mesh/access/src/device_state_manager.c.obj
                0x000000000002b778                dsm_subnet_add
 .text.dsm_subnet_kr_phase_get
                0x000000000002b988       0x30 CMakeFiles/dfu_no_serial_nrf52832_xxAA_s132_6.0.0.dir/__/__/mesh/access/src/device_state_manager.c.obj
                0x000000000002b988                dsm_subnet_kr_phase_get
 .text.dsm_subnet_update
                0x000000000002b9b8      0x118 CMakeFiles/dfu_no_serial_nrf52832_xxAA_s132_6.0.0.dir/__/__/mesh/access/src/device_state_manager.c.obj
                0x000000000002b9b8                dsm_subnet_update
 .text.dsm_subnet_update_swap_keys
                0x000000000002bad0       0xa8 CMakeFiles/dfu_no_serial_nrf52832_xxAA_s132_6.0.0.dir/__/__/mesh/access/src/device_state_manager.c.obj
                0x000000000002bad0                dsm_subnet_update_swap_keys
 .text.dsm_subnet_update_commit
                0x000000000002bb78      0x1b8 CMakeFiles/dfu_no_serial_nrf52832_xxAA_s132_6.0.0.dir/__/__/mesh/access/src/device_state_manager.c.obj
                0x000000000002bb78                dsm_subnet_update_commit
 .text.dsm_subnet_delete
                0x000000000002bd30      0x330 CMakeFiles/dfu_no_serial_nrf52832_xxAA_s132_6.0.0.dir/__/__/mesh/access/src/device_state_manager.c.obj
                0x000000000002bd30                dsm_subnet_delete
 .text.dsm_subnet_get_all
                0x000000000002c060       0x90 CMakeFiles/dfu_no_serial_nrf52832_xxAA_s132_6.0.0.dir/__/__/mesh/access/src/device_state_manager.c.obj
                0x000000000002c060                dsm_subnet_get_all
 .text.dsm_devkey_add
                0x000000000002c0f0      0x108 CMakeFiles/dfu_no_serial_nrf52832_xxAA_s132_6.0.0.dir/__/__/mesh/access/src/device_state_manager.c.obj
                0x000000000002c0f0                dsm_devkey_add
 .text.dsm_appkey_add
                0x000000000002c1f8      0x288 CMakeFiles/dfu_no_serial_nrf52832_xxAA_s132_6.0.0.dir/__/__/mesh/access/src/device_state_manager.c.obj
                0x000000000002c1f8                dsm_appkey_add
 .text.dsm_appkey_update
                0x000000000002c480       0xf8 CMakeFiles/dfu_no_serial_nrf52832_xxAA_s132_6.0.0.dir/__/__/mesh/access/src/device_state_manager.c.obj
                0x000000000002c480                dsm_appkey_update
 .text.dsm_appkey_delete
                0x000000000002c578       0x68 CMakeFiles/dfu_no_serial_nrf52832_xxAA_s132_6.0.0.dir/__/__/mesh/access/src/device_state_manager.c.obj
                0x000000000002c578                dsm_appkey_delete
 .text.dsm_appkey_get_all
                0x000000000002c5e0      0x15c CMakeFiles/dfu_no_serial_nrf52832_xxAA_s132_6.0.0.dir/__/__/mesh/access/src/device_state_manager.c.obj
                0x000000000002c5e0                dsm_appkey_get_all
 .text.dsm_tx_secmat_get
                0x000000000002c73c       0xdc CMakeFiles/dfu_no_serial_nrf52832_xxAA_s132_6.0.0.dir/__/__/mesh/access/src/device_state_manager.c.obj
                0x000000000002c73c                dsm_tx_secmat_get
 .text.dsm_net_secmat_from_keyindex_get
                0x000000000002c818       0x7c CMakeFiles/dfu_no_serial_nrf52832_xxAA_s132_6.0.0.dir/__/__/mesh/access/src/device_state_manager.c.obj
                0x000000000002c818                dsm_net_secmat_from_keyindex_get
 .text.nrf_mesh_net_secmat_next_get
                0x000000000002c894      0x230 CMakeFiles/dfu_no_serial_nrf52832_xxAA_s132_6.0.0.dir/__/__/mesh/access/src/device_state_manager.c.obj
                0x000000000002c894                nrf_mesh_net_secmat_next_get
 .text.nrf_mesh_app_secmat_next_get
                0x000000000002cac4      0x278 CMakeFiles/dfu_no_serial_nrf52832_xxAA_s132_6.0.0.dir/__/__/mesh/access/src/device_state_manager.c.obj
                0x000000000002cac4                nrf_mesh_app_secmat_next_get
 .text.nrf_mesh_devkey_secmat_get
                0x000000000002cd3c       0x30 CMakeFiles/dfu_no_serial_nrf52832_xxAA_s132_6.0.0.dir/__/__/mesh/access/src/device_state_manager.c.obj
                0x000000000002cd3c                nrf_mesh_devkey_secmat_get
 .text.nrf_mesh_beacon_info_next_get
                0x000000000002cd6c      0x170 CMakeFiles/dfu_no_serial_nrf52832_xxAA_s132_6.0.0.dir/__/__/mesh/access/src/device_state_manager.c.obj
                0x000000000002cd6c                nrf_mesh_beacon_info_next_get
 .text.nrf_mesh_rx_address_get
                0x000000000002cedc      0x570 CMakeFiles/dfu_no_serial_nrf52832_xxAA_s132_6.0.0.dir/__/__/mesh/access/src/device_state_manager.c.obj
                0x000000000002cedc                nrf_mesh_rx_address_get
 .text.nrf_mesh_unicast_address_get
                0x000000000002d44c       0x24 CMakeFiles/dfu_no_serial_nrf52832_xxAA_s132_6.0.0.dir/__/__/mesh/access/src/device_state_manager.c.obj
                0x000000000002d44c                nrf_mesh_unicast_address_get
 .text.config_composition_data_get
                0x000000000002d470      0x1cc CMakeFiles/dfu_no_serial_nrf52832_xxAA_s132_6.0.0.dir/__/__/models/config/src/composition_data.c.obj
                0x000000000002d470                config_composition_data_get
 .text.config_server_heartbeat_publication_count_decrement
                0x000000000002d63c       0x1c CMakeFiles/dfu_no_serial_nrf52832_xxAA_s132_6.0.0.dir/__/__/models/config/src/config_server.c.obj
 .text.config_server_heartbeat_publication_params_get
                0x000000000002d658       0x38 CMakeFiles/dfu_no_serial_nrf52832_xxAA_s132_6.0.0.dir/__/__/models/config/src/config_server.c.obj
 .text.handle_config_network_transmit_set
                0x000000000002d690      0x118 CMakeFiles/dfu_no_serial_nrf52832_xxAA_s132_6.0.0.dir/__/__/models/config/src/config_server.c.obj
 .text.handle_node_reset
                0x000000000002d7a8       0x30 CMakeFiles/dfu_no_serial_nrf52832_xxAA_s132_6.0.0.dir/__/__/models/config/src/config_server.c.obj
 .text.handle_config_relay_set
                0x000000000002d7d8      0x1a8 CMakeFiles/dfu_no_serial_nrf52832_xxAA_s132_6.0.0.dir/__/__/models/config/src/config_server.c.obj
 .text.send_subscription_status
                0x000000000002d980       0x50 CMakeFiles/dfu_no_serial_nrf52832_xxAA_s132_6.0.0.dir/__/__/models/config/src/config_server.c.obj
 .text.handle_netkey_get
                0x000000000002d9d0       0x70 CMakeFiles/dfu_no_serial_nrf52832_xxAA_s132_6.0.0.dir/__/__/models/config/src/config_server.c.obj
 .text.handle_model_app_bind_unbind
                0x000000000002da40      0x228 CMakeFiles/dfu_no_serial_nrf52832_xxAA_s132_6.0.0.dir/__/__/models/config/src/config_server.c.obj
 .text.status_error_sub_send
                0x000000000002dc68      0x180 CMakeFiles/dfu_no_serial_nrf52832_xxAA_s132_6.0.0.dir/__/__/models/config/src/config_server.c.obj
 .text.send_publication_status
                0x000000000002dde8      0x1a8 CMakeFiles/dfu_no_serial_nrf52832_xxAA_s132_6.0.0.dir/__/__/models/config/src/config_server.c.obj
 .text.handle_config_key_refresh_phase_set
                0x000000000002df90       0xf0 CMakeFiles/dfu_no_serial_nrf52832_xxAA_s132_6.0.0.dir/__/__/models/config/src/config_server.c.obj
 .text.handle_config_default_ttl_set
                0x000000000002e080       0x70 CMakeFiles/dfu_no_serial_nrf52832_xxAA_s132_6.0.0.dir/__/__/models/config/src/config_server.c.obj
 .text.handle_heartbeat_publication_set
                0x000000000002e0f0      0x168 CMakeFiles/dfu_no_serial_nrf52832_xxAA_s132_6.0.0.dir/__/__/models/config/src/config_server.c.obj
 .text.mesh_event_cb
                0x000000000002e258       0x70 CMakeFiles/dfu_no_serial_nrf52832_xxAA_s132_6.0.0.dir/__/__/models/config/src/config_server.c.obj
 .text.handle_node_identity_set
                0x000000000002e2c8       0x48 CMakeFiles/dfu_no_serial_nrf52832_xxAA_s132_6.0.0.dir/__/__/models/config/src/config_server.c.obj
 .text.handle_node_identity_get
                0x000000000002e310       0x44 CMakeFiles/dfu_no_serial_nrf52832_xxAA_s132_6.0.0.dir/__/__/models/config/src/config_server.c.obj
 .text.handle_config_gatt_proxy_set
                0x000000000002e354       0x40 CMakeFiles/dfu_no_serial_nrf52832_xxAA_s132_6.0.0.dir/__/__/models/config/src/config_server.c.obj
 .text.handle_config_friend_set
                0x000000000002e394       0x40 CMakeFiles/dfu_no_serial_nrf52832_xxAA_s132_6.0.0.dir/__/__/models/config/src/config_server.c.obj
 .text.status_error_pub_send
                0x000000000002e3d4       0xc8 CMakeFiles/dfu_no_serial_nrf52832_xxAA_s132_6.0.0.dir/__/__/models/config/src/config_server.c.obj
 .text.handle_config_key_refresh_phase_get
                0x000000000002e49c       0x70 CMakeFiles/dfu_no_serial_nrf52832_xxAA_s132_6.0.0.dir/__/__/models/config/src/config_server.c.obj
 .text.handle_config_default_ttl_get
                0x000000000002e50c       0x48 CMakeFiles/dfu_no_serial_nrf52832_xxAA_s132_6.0.0.dir/__/__/models/config/src/config_server.c.obj
 .text.handle_config_beacon_set
                0x000000000002e554       0x80 CMakeFiles/dfu_no_serial_nrf52832_xxAA_s132_6.0.0.dir/__/__/models/config/src/config_server.c.obj
 .text.handle_composition_data_get
                0x000000000002e5d4       0x64 CMakeFiles/dfu_no_serial_nrf52832_xxAA_s132_6.0.0.dir/__/__/models/config/src/config_server.c.obj
 .text.handle_appkey_update
                0x000000000002e638      0x108 CMakeFiles/dfu_no_serial_nrf52832_xxAA_s132_6.0.0.dir/__/__/models/config/src/config_server.c.obj
 .text.handle_model_app_get
                0x000000000002e740      0x230 CMakeFiles/dfu_no_serial_nrf52832_xxAA_s132_6.0.0.dir/__/__/models/config/src/config_server.c.obj
 .text.handle_appkey_get
                0x000000000002e970      0x100 CMakeFiles/dfu_no_serial_nrf52832_xxAA_s132_6.0.0.dir/__/__/models/config/src/config_server.c.obj
 .text.handle_heartbeat_subscription_get
                0x000000000002ea70       0xdc CMakeFiles/dfu_no_serial_nrf52832_xxAA_s132_6.0.0.dir/__/__/models/config/src/config_server.c.obj
 .text.handle_config_gatt_proxy_get
                0x000000000002eb4c       0x38 CMakeFiles/dfu_no_serial_nrf52832_xxAA_s132_6.0.0.dir/__/__/models/config/src/config_server.c.obj
 .text.handle_config_friend_get
                0x000000000002eb84       0x38 CMakeFiles/dfu_no_serial_nrf52832_xxAA_s132_6.0.0.dir/__/__/models/config/src/config_server.c.obj
 .text.handle_heartbeat_subscription_set
                0x000000000002ebbc      0x114 CMakeFiles/dfu_no_serial_nrf52832_xxAA_s132_6.0.0.dir/__/__/models/config/src/config_server.c.obj
 .text.handle_heartbeat_publication_get
                0x000000000002ecd0       0xcc CMakeFiles/dfu_no_serial_nrf52832_xxAA_s132_6.0.0.dir/__/__/models/config/src/config_server.c.obj
 .text.handle_config_beacon_get
                0x000000000002ed9c       0x40 CMakeFiles/dfu_no_serial_nrf52832_xxAA_s132_6.0.0.dir/__/__/models/config/src/config_server.c.obj
 .text.handle_appkey_delete
                0x000000000002eddc      0x11c CMakeFiles/dfu_no_serial_nrf52832_xxAA_s132_6.0.0.dir/__/__/models/config/src/config_server.c.obj
 .text.handle_appkey_add
                0x000000000002eef8      0x124 CMakeFiles/dfu_no_serial_nrf52832_xxAA_s132_6.0.0.dir/__/__/models/config/src/config_server.c.obj
 .text.handle_config_vendor_model_subscription_get
                0x000000000002f01c      0x188 CMakeFiles/dfu_no_serial_nrf52832_xxAA_s132_6.0.0.dir/__/__/models/config/src/config_server.c.obj
 .text.handle_netkey_add_update
                0x000000000002f1a4       0xec CMakeFiles/dfu_no_serial_nrf52832_xxAA_s132_6.0.0.dir/__/__/models/config/src/config_server.c.obj
 .text.handle_netkey_delete
                0x000000000002f290      0x14c CMakeFiles/dfu_no_serial_nrf52832_xxAA_s132_6.0.0.dir/__/__/models/config/src/config_server.c.obj
 .text.handle_config_network_transmit_get
                0x000000000002f3dc       0x94 CMakeFiles/dfu_no_serial_nrf52832_xxAA_s132_6.0.0.dir/__/__/models/config/src/config_server.c.obj
 .text.handle_config_model_publication_get
                0x000000000002f470      0x144 CMakeFiles/dfu_no_serial_nrf52832_xxAA_s132_6.0.0.dir/__/__/models/config/src/config_server.c.obj
 .text.handle_config_relay_get
                0x000000000002f5b4       0xcc CMakeFiles/dfu_no_serial_nrf52832_xxAA_s132_6.0.0.dir/__/__/models/config/src/config_server.c.obj
 .text.handle_config_model_publication_set
                0x000000000002f680      0x3d4 CMakeFiles/dfu_no_serial_nrf52832_xxAA_s132_6.0.0.dir/__/__/models/config/src/config_server.c.obj
 .text.handle_config_model_subscription_delete_all
                0x000000000002fa54      0x2ec CMakeFiles/dfu_no_serial_nrf52832_xxAA_s132_6.0.0.dir/__/__/models/config/src/config_server.c.obj
 .text.handle_config_model_subscription_virtual_address_delete
                0x000000000002fd40      0x2e0 CMakeFiles/dfu_no_serial_nrf52832_xxAA_s132_6.0.0.dir/__/__/models/config/src/config_server.c.obj
 .text.handle_config_model_subscription_virtual_address_add
                0x0000000000030020      0x2cc CMakeFiles/dfu_no_serial_nrf52832_xxAA_s132_6.0.0.dir/__/__/models/config/src/config_server.c.obj
 .text.handle_config_model_subscription_delete
                0x00000000000302ec      0x2dc CMakeFiles/dfu_no_serial_nrf52832_xxAA_s132_6.0.0.dir/__/__/models/config/src/config_server.c.obj
 .text.handle_config_model_subscription_add
                0x00000000000305c8      0x2a8 CMakeFiles/dfu_no_serial_nrf52832_xxAA_s132_6.0.0.dir/__/__/models/config/src/config_server.c.obj
 .text.handle_config_model_subscription_virtual_address_overwrite
                0x0000000000030870      0x354 CMakeFiles/dfu_no_serial_nrf52832_xxAA_s132_6.0.0.dir/__/__/models/config/src/config_server.c.obj
 .text.handle_config_model_subscription_overwrite
                0x0000000000030bc4      0x334 CMakeFiles/dfu_no_serial_nrf52832_xxAA_s132_6.0.0.dir/__/__/models/config/src/config_server.c.obj
 .text.handle_config_sig_model_subscription_get
                0x0000000000030ef8      0x29c CMakeFiles/dfu_no_serial_nrf52832_xxAA_s132_6.0.0.dir/__/__/models/config/src/config_server.c.obj
 .text.config_server_init
                0x0000000000031194       0x70 CMakeFiles/dfu_no_serial_nrf52832_xxAA_s132_6.0.0.dir/__/__/models/config/src/config_server.c.obj
                0x0000000000031194                config_server_init
 .text.config_server_bind
                0x0000000000031204       0x10 CMakeFiles/dfu_no_serial_nrf52832_xxAA_s132_6.0.0.dir/__/__/models/config/src/config_server.c.obj
                0x0000000000031204                config_server_bind
 .text.packed_index_list_create
                0x0000000000031214       0x3c CMakeFiles/dfu_no_serial_nrf52832_xxAA_s132_6.0.0.dir/__/__/models/config/src/packed_index_list.c.obj
                0x0000000000031214                packed_index_list_create
 .text.attention_timer_handler
                0x0000000000031250       0x6c CMakeFiles/dfu_no_serial_nrf52832_xxAA_s132_6.0.0.dir/__/__/models/health/src/health_server.c.obj
 .text.handle_attention_get
                0x00000000000312bc       0x40 CMakeFiles/dfu_no_serial_nrf52832_xxAA_s132_6.0.0.dir/__/__/models/health/src/health_server.c.obj
 .text.handle_period_get
                0x00000000000312fc       0x3c CMakeFiles/dfu_no_serial_nrf52832_xxAA_s132_6.0.0.dir/__/__/models/health/src/health_server.c.obj
 .text.handle_attention_set
                0x0000000000031338       0xdc CMakeFiles/dfu_no_serial_nrf52832_xxAA_s132_6.0.0.dir/__/__/models/health/src/health_server.c.obj
 .text.handle_period_set
                0x0000000000031414       0x54 CMakeFiles/dfu_no_serial_nrf52832_xxAA_s132_6.0.0.dir/__/__/models/health/src/health_server.c.obj
 .text.send_fault_status
                0x0000000000031468      0x3b4 CMakeFiles/dfu_no_serial_nrf52832_xxAA_s132_6.0.0.dir/__/__/models/health/src/health_server.c.obj
 .text.health_publish_timeout_handler
                0x000000000003181c        0xc CMakeFiles/dfu_no_serial_nrf52832_xxAA_s132_6.0.0.dir/__/__/models/health/src/health_server.c.obj
 .text.handle_fault_test
                0x0000000000031828       0x8c CMakeFiles/dfu_no_serial_nrf52832_xxAA_s132_6.0.0.dir/__/__/models/health/src/health_server.c.obj
 .text.handle_fault_clear
                0x00000000000318b4       0x54 CMakeFiles/dfu_no_serial_nrf52832_xxAA_s132_6.0.0.dir/__/__/models/health/src/health_server.c.obj
 .text.handle_fault_get
                0x0000000000031908       0x40 CMakeFiles/dfu_no_serial_nrf52832_xxAA_s132_6.0.0.dir/__/__/models/health/src/health_server.c.obj
 .text.health_server_init
                0x0000000000031948       0x68 CMakeFiles/dfu_no_serial_nrf52832_xxAA_s132_6.0.0.dir/__/__/models/health/src/health_server.c.obj
                0x0000000000031948                health_server_init
 .text.prov_provisioner_auth_data
                0x00000000000319b0       0xe8 CMakeFiles/dfu_no_serial_nrf52832_xxAA_s132_6.0.0.dir/__/__/mesh/prov/src/prov_provisioner.c.obj
                0x00000000000319b0                prov_provisioner_auth_data
 .text.prov_provisionee_cb_link_established
                0x0000000000031a98       0x40 CMakeFiles/dfu_no_serial_nrf52832_xxAA_s132_6.0.0.dir/__/__/mesh/prov/src/prov_provisionee.c.obj
 .text.prov_provisionee_cb_link_closed
                0x0000000000031ad8       0x50 CMakeFiles/dfu_no_serial_nrf52832_xxAA_s132_6.0.0.dir/__/__/mesh/prov/src/prov_provisionee.c.obj
 .text.request_authentication
                0x0000000000031b28       0x90 CMakeFiles/dfu_no_serial_nrf52832_xxAA_s132_6.0.0.dir/__/__/mesh/prov/src/prov_provisionee.c.obj
 .text.send_failed
                0x0000000000031bb8       0x38 CMakeFiles/dfu_no_serial_nrf52832_xxAA_s132_6.0.0.dir/__/__/mesh/prov/src/prov_provisionee.c.obj
 .text.prov_provisionee_cb_ack_received
                0x0000000000031bf0      0x174 CMakeFiles/dfu_no_serial_nrf52832_xxAA_s132_6.0.0.dir/__/__/mesh/prov/src/prov_provisionee.c.obj
 .text.prov_provisionee_pkt_in
                0x0000000000031d64      0x428 CMakeFiles/dfu_no_serial_nrf52832_xxAA_s132_6.0.0.dir/__/__/mesh/prov/src/prov_provisionee.c.obj
 .text.prov_provisionee_listen
                0x000000000003218c       0x34 CMakeFiles/dfu_no_serial_nrf52832_xxAA_s132_6.0.0.dir/__/__/mesh/prov/src/prov_provisionee.c.obj
                0x000000000003218c                prov_provisionee_listen
 .text.prov_provisionee_auth_data
                0x00000000000321c0      0x100 CMakeFiles/dfu_no_serial_nrf52832_xxAA_s132_6.0.0.dir/__/__/mesh/prov/src/prov_provisionee.c.obj
                0x00000000000321c0                prov_provisionee_auth_data
 .text.bearer_compare_callback
                0x00000000000322c0       0x10 CMakeFiles/dfu_no_serial_nrf52832_xxAA_s132_6.0.0.dir/__/__/mesh/prov/src/nrf_mesh_prov.c.obj
 .text.nrf_mesh_prov_init
                0x00000000000322d0       0x3c CMakeFiles/dfu_no_serial_nrf52832_xxAA_s132_6.0.0.dir/__/__/mesh/prov/src/nrf_mesh_prov.c.obj
                0x00000000000322d0                nrf_mesh_prov_init
 .text.nrf_mesh_prov_bearer_add
                0x000000000003230c       0x2c CMakeFiles/dfu_no_serial_nrf52832_xxAA_s132_6.0.0.dir/__/__/mesh/prov/src/nrf_mesh_prov.c.obj
                0x000000000003230c                nrf_mesh_prov_bearer_add
 .text.nrf_mesh_prov_generate_keys
                0x0000000000032338        0x4 CMakeFiles/dfu_no_serial_nrf52832_xxAA_s132_6.0.0.dir/__/__/mesh/prov/src/nrf_mesh_prov.c.obj
                0x0000000000032338                nrf_mesh_prov_generate_keys
 .text.nrf_mesh_prov_listen
                0x000000000003233c       0xf0 CMakeFiles/dfu_no_serial_nrf52832_xxAA_s132_6.0.0.dir/__/__/mesh/prov/src/nrf_mesh_prov.c.obj
                0x000000000003233c                nrf_mesh_prov_listen
 .text.nrf_mesh_prov_auth_data_provide
                0x000000000003242c       0x10 CMakeFiles/dfu_no_serial_nrf52832_xxAA_s132_6.0.0.dir/__/__/mesh/prov/src/nrf_mesh_prov.c.obj
                0x000000000003242c                nrf_mesh_prov_auth_data_provide
 .text.prov_packet_length_valid
                0x000000000003243c       0x20 CMakeFiles/dfu_no_serial_nrf52832_xxAA_s132_6.0.0.dir/__/__/mesh/prov/src/provisioning.c.obj
                0x000000000003243c                prov_packet_length_valid
 .text.prov_tx_capabilities
                0x000000000003245c       0x38 CMakeFiles/dfu_no_serial_nrf52832_xxAA_s132_6.0.0.dir/__/__/mesh/prov/src/provisioning.c.obj
                0x000000000003245c                prov_tx_capabilities
 .text.prov_tx_public_key
                0x0000000000032494       0x30 CMakeFiles/dfu_no_serial_nrf52832_xxAA_s132_6.0.0.dir/__/__/mesh/prov/src/provisioning.c.obj
                0x0000000000032494                prov_tx_public_key
 .text.prov_tx_input_complete
                0x00000000000324c4       0x28 CMakeFiles/dfu_no_serial_nrf52832_xxAA_s132_6.0.0.dir/__/__/mesh/prov/src/provisioning.c.obj
                0x00000000000324c4                prov_tx_input_complete
 .text.prov_tx_confirmation
                0x00000000000324ec       0x30 CMakeFiles/dfu_no_serial_nrf52832_xxAA_s132_6.0.0.dir/__/__/mesh/prov/src/provisioning.c.obj
                0x00000000000324ec                prov_tx_confirmation
 .text.prov_tx_random
                0x000000000003251c       0x30 CMakeFiles/dfu_no_serial_nrf52832_xxAA_s132_6.0.0.dir/__/__/mesh/prov/src/provisioning.c.obj
                0x000000000003251c                prov_tx_random
 .text.prov_tx_complete
                0x000000000003254c       0x28 CMakeFiles/dfu_no_serial_nrf52832_xxAA_s132_6.0.0.dir/__/__/mesh/prov/src/provisioning.c.obj
                0x000000000003254c                prov_tx_complete
 .text.prov_tx_failed
                0x0000000000032574       0x2c CMakeFiles/dfu_no_serial_nrf52832_xxAA_s132_6.0.0.dir/__/__/mesh/prov/src/provisioning.c.obj
                0x0000000000032574                prov_tx_failed
 .text.prov_beacon_unprov_build
                0x00000000000325a0       0x54 CMakeFiles/dfu_no_serial_nrf52832_xxAA_s132_6.0.0.dir/__/__/mesh/prov/src/prov_beacon.c.obj
                0x00000000000325a0                prov_beacon_unprov_build
 .text.prov_beacon_unprov_packet_in
                0x00000000000325f4       0xd0 CMakeFiles/dfu_no_serial_nrf52832_xxAA_s132_6.0.0.dir/__/__/mesh/prov/src/prov_beacon.c.obj
                0x00000000000325f4                prov_beacon_unprov_packet_in
 .text.prov_utils_opt_set
                0x00000000000326c4       0x24 CMakeFiles/dfu_no_serial_nrf52832_xxAA_s132_6.0.0.dir/__/__/mesh/prov/src/prov_utils.c.obj
                0x00000000000326c4                prov_utils_opt_set
 .text.prov_utils_opt_get
                0x00000000000326e8       0x1c CMakeFiles/dfu_no_serial_nrf52832_xxAA_s132_6.0.0.dir/__/__/mesh/prov/src/prov_utils.c.obj
                0x00000000000326e8                prov_utils_opt_get
 .text.prov_utils_use_ecdh_offloading
                0x0000000000032704        0xc CMakeFiles/dfu_no_serial_nrf52832_xxAA_s132_6.0.0.dir/__/__/mesh/prov/src/prov_utils.c.obj
                0x0000000000032704                prov_utils_use_ecdh_offloading
 .text.prov_utils_authentication_values_derive
                0x0000000000032710       0xac CMakeFiles/dfu_no_serial_nrf52832_xxAA_s132_6.0.0.dir/__/__/mesh/prov/src/prov_utils.c.obj
                0x0000000000032710                prov_utils_authentication_values_derive
 .text.prov_utils_keys_generate
                0x00000000000327bc       0x20 CMakeFiles/dfu_no_serial_nrf52832_xxAA_s132_6.0.0.dir/__/__/mesh/prov/src/prov_utils.c.obj
                0x00000000000327bc                prov_utils_keys_generate
 .text.prov_utils_derive_keys
                0x00000000000327dc       0xb4 CMakeFiles/dfu_no_serial_nrf52832_xxAA_s132_6.0.0.dir/__/__/mesh/prov/src/prov_utils.c.obj
                0x00000000000327dc                prov_utils_derive_keys
 .text.prov_utils_calculate_shared_secret
                0x0000000000032890       0x34 CMakeFiles/dfu_no_serial_nrf52832_xxAA_s132_6.0.0.dir/__/__/mesh/prov/src/prov_utils.c.obj
                0x0000000000032890                prov_utils_calculate_shared_secret
 .text.prov_utils_generate_oob_data
                0x00000000000328c4      0x1b8 CMakeFiles/dfu_no_serial_nrf52832_xxAA_s132_6.0.0.dir/__/__/mesh/prov/src/prov_utils.c.obj
                0x00000000000328c4                prov_utils_generate_oob_data
 .text.prov_utils_confirmation_check
                0x0000000000032a7c       0x5c CMakeFiles/dfu_no_serial_nrf52832_xxAA_s132_6.0.0.dir/__/__/mesh/prov/src/prov_utils.c.obj
                0x0000000000032a7c                prov_utils_confirmation_check
 .text.link_timeout_cb
                0x0000000000032ad8       0x10 CMakeFiles/dfu_no_serial_nrf52832_xxAA_s132_6.0.0.dir/__/__/mesh/prov/src/prov_bearer_adv.c.obj
 .text.prov_bearer_adv_listen_stop
                0x0000000000032ae8       0x98 CMakeFiles/dfu_no_serial_nrf52832_xxAA_s132_6.0.0.dir/__/__/mesh/prov/src/prov_bearer_adv.c.obj
 .text.tx_complete_cb
                0x0000000000032b80       0x20 CMakeFiles/dfu_no_serial_nrf52832_xxAA_s132_6.0.0.dir/__/__/mesh/prov/src/prov_bearer_adv.c.obj
 .text.prov_bearer_adv_listen
                0x0000000000032ba0      0x15c CMakeFiles/dfu_no_serial_nrf52832_xxAA_s132_6.0.0.dir/__/__/mesh/prov/src/prov_bearer_adv.c.obj
 .text.close_link
                0x0000000000032cfc       0xd8 CMakeFiles/dfu_no_serial_nrf52832_xxAA_s132_6.0.0.dir/__/__/mesh/prov/src/prov_bearer_adv.c.obj
 .text.send_link_ack
                0x0000000000032dd4       0x70 CMakeFiles/dfu_no_serial_nrf52832_xxAA_s132_6.0.0.dir/__/__/mesh/prov/src/prov_bearer_adv.c.obj
 .text.send_transaction_ack
                0x0000000000032e44       0x68 CMakeFiles/dfu_no_serial_nrf52832_xxAA_s132_6.0.0.dir/__/__/mesh/prov/src/prov_bearer_adv.c.obj
 .text.prov_buffer_rx
                0x0000000000032eac       0xa0 CMakeFiles/dfu_no_serial_nrf52832_xxAA_s132_6.0.0.dir/__/__/mesh/prov/src/prov_bearer_adv.c.obj
 .text.prov_bearer_adv_link_open
                0x0000000000032f4c      0x1b8 CMakeFiles/dfu_no_serial_nrf52832_xxAA_s132_6.0.0.dir/__/__/mesh/prov/src/prov_bearer_adv.c.obj
 .text.prov_bearer_adv_link_close
                0x0000000000033104       0xcc CMakeFiles/dfu_no_serial_nrf52832_xxAA_s132_6.0.0.dir/__/__/mesh/prov/src/prov_bearer_adv.c.obj
 .text.prov_buffer_tx
                0x00000000000331d0      0x1e4 CMakeFiles/dfu_no_serial_nrf52832_xxAA_s132_6.0.0.dir/__/__/mesh/prov/src/prov_bearer_adv.c.obj
 .text.tx_retry_cb
                0x00000000000333b4      0x130 CMakeFiles/dfu_no_serial_nrf52832_xxAA_s132_6.0.0.dir/__/__/mesh/prov/src/prov_bearer_adv.c.obj
 .text.prov_bearer_adv_tx
                0x00000000000334e4       0xe8 CMakeFiles/dfu_no_serial_nrf52832_xxAA_s132_6.0.0.dir/__/__/mesh/prov/src/prov_bearer_adv.c.obj
 .text.async_process
                0x00000000000335cc      0x118 CMakeFiles/dfu_no_serial_nrf52832_xxAA_s132_6.0.0.dir/__/__/mesh/prov/src/prov_bearer_adv.c.obj
 .text.nrf_mesh_prov_bearer_adv_interface_get
                0x00000000000336e4       0x40 CMakeFiles/dfu_no_serial_nrf52832_xxAA_s132_6.0.0.dir/__/__/mesh/prov/src/prov_bearer_adv.c.obj
                0x00000000000336e4                nrf_mesh_prov_bearer_adv_interface_get
 .text.prov_bearer_adv_packet_in
                0x0000000000033724      0x914 CMakeFiles/dfu_no_serial_nrf52832_xxAA_s132_6.0.0.dir/__/__/mesh/prov/src/prov_bearer_adv.c.obj
                0x0000000000033724                prov_bearer_adv_packet_in
 .text.tx_complete_cb
                0x0000000000034038        0x4 CMakeFiles/dfu_no_serial_nrf52832_xxAA_s132_6.0.0.dir/__/__/mesh/dfu/src/nrf_mesh_dfu.c.obj
 .text.tx_timeout
                0x000000000003403c      0x21c CMakeFiles/dfu_no_serial_nrf52832_xxAA_s132_6.0.0.dir/__/__/mesh/dfu/src/nrf_mesh_dfu.c.obj
 .text.abort_timeout
                0x0000000000034258      0x140 CMakeFiles/dfu_no_serial_nrf52832_xxAA_s132_6.0.0.dir/__/__/mesh/dfu/src/nrf_mesh_dfu.c.obj
 .text.timer_timeout
                0x0000000000034398       0xf4 CMakeFiles/dfu_no_serial_nrf52832_xxAA_s132_6.0.0.dir/__/__/mesh/dfu/src/nrf_mesh_dfu.c.obj
 .text.flash_op_complete
                0x000000000003448c      0x1fc CMakeFiles/dfu_no_serial_nrf52832_xxAA_s132_6.0.0.dir/__/__/mesh/dfu/src/nrf_mesh_dfu.c.obj
 .text.dfu_evt_handler
                0x0000000000034688      0xa98 CMakeFiles/dfu_no_serial_nrf52832_xxAA_s132_6.0.0.dir/__/__/mesh/dfu/src/nrf_mesh_dfu.c.obj
 .text.nrf_mesh_dfu_rx
                0x0000000000035120      0x2e8 CMakeFiles/dfu_no_serial_nrf52832_xxAA_s132_6.0.0.dir/__/__/mesh/dfu/src/nrf_mesh_dfu.c.obj
                0x0000000000035120                nrf_mesh_dfu_rx
 .text.nrf_mesh_dfu_request
                0x0000000000035408      0x12c CMakeFiles/dfu_no_serial_nrf52832_xxAA_s132_6.0.0.dir/__/__/mesh/dfu/src/nrf_mesh_dfu.c.obj
                0x0000000000035408                nrf_mesh_dfu_request
 .text.nrf_mesh_dfu_relay
                0x0000000000035534      0x10c CMakeFiles/dfu_no_serial_nrf52832_xxAA_s132_6.0.0.dir/__/__/mesh/dfu/src/nrf_mesh_dfu.c.obj
                0x0000000000035534                nrf_mesh_dfu_relay
 .text.nrf_mesh_dfu_bank_flash
                0x0000000000035640       0xb8 CMakeFiles/dfu_no_serial_nrf52832_xxAA_s132_6.0.0.dir/__/__/mesh/dfu/src/nrf_mesh_dfu.c.obj
                0x0000000000035640                nrf_mesh_dfu_bank_flash
 .text.nrf_mesh_dfu_cmd_send
                0x00000000000356f8       0xa8 CMakeFiles/dfu_no_serial_nrf52832_xxAA_s132_6.0.0.dir/__/__/mesh/dfu/src/nrf_mesh_dfu.c.obj
                0x00000000000356f8                nrf_mesh_dfu_cmd_send
 .text.nrf_mesh_dfu_init
                0x00000000000357a0      0x1f4 CMakeFiles/dfu_no_serial_nrf52832_xxAA_s132_6.0.0.dir/__/__/mesh/dfu/src/nrf_mesh_dfu.c.obj
                0x00000000000357a0                nrf_mesh_dfu_init
 .text.app_error_fault_handler
                0x0000000000035994      0x238 CMakeFiles/dfu_no_serial_nrf52832_xxAA_s132_6.0.0.dir/__/common/src/app_error_weak.c.obj
                0x0000000000035994                app_error_fault_handler
 .text.mesh_assertion_handler
                0x0000000000035bcc       0x24 CMakeFiles/dfu_no_serial_nrf52832_xxAA_s132_6.0.0.dir/__/common/src/assertion_handler_weak.c.obj
                0x0000000000035bcc                mesh_assertion_handler
 .text.nrf_mesh_configure_device_uuid_set
                0x0000000000035bf0       0x10 CMakeFiles/dfu_no_serial_nrf52832_xxAA_s132_6.0.0.dir/__/__/mesh/core/src/nrf_mesh_configure.c.obj
                0x0000000000035bf0                nrf_mesh_configure_device_uuid_set
 .text.nrf_mesh_configure_device_uuid_reset
                0x0000000000035c00       0x2c CMakeFiles/dfu_no_serial_nrf52832_xxAA_s132_6.0.0.dir/__/__/mesh/core/src/nrf_mesh_configure.c.obj
                0x0000000000035c00                nrf_mesh_configure_device_uuid_reset
 .text.nrf_mesh_configure_device_uuid_get
                0x0000000000035c2c        0x8 CMakeFiles/dfu_no_serial_nrf52832_xxAA_s132_6.0.0.dir/__/__/mesh/core/src/nrf_mesh_configure.c.obj
                0x0000000000035c2c                nrf_mesh_configure_device_uuid_get
 .text.sd_ecb_block_encrypt
                0x0000000000035c34        0x4 CMakeFiles/dfu_no_serial_nrf52832_xxAA_s132_6.0.0.dir/__/__/mesh/core/src/aes.c.obj
 .text.aes_encrypt
                0x0000000000035c38       0x34 CMakeFiles/dfu_no_serial_nrf52832_xxAA_s132_6.0.0.dir/__/__/mesh/core/src/aes.c.obj
                0x0000000000035c38                aes_encrypt
 .text.msg_cache_init
                0x0000000000035c6c       0x24 CMakeFiles/dfu_no_serial_nrf52832_xxAA_s132_6.0.0.dir/__/__/mesh/core/src/msg_cache.c.obj
                0x0000000000035c6c                msg_cache_init
 .text.msg_cache_entry_exists
                0x0000000000035c90       0x40 CMakeFiles/dfu_no_serial_nrf52832_xxAA_s132_6.0.0.dir/__/__/mesh/core/src/msg_cache.c.obj
                0x0000000000035c90                msg_cache_entry_exists
 .text.msg_cache_entry_add
                0x0000000000035cd0       0x2c CMakeFiles/dfu_no_serial_nrf52832_xxAA_s132_6.0.0.dir/__/__/mesh/core/src/msg_cache.c.obj
                0x0000000000035cd0                msg_cache_entry_add
 .text.tx_complete
                0x0000000000035cfc       0x30 CMakeFiles/dfu_no_serial_nrf52832_xxAA_s132_6.0.0.dir/__/__/mesh/core/src/transport.c.obj
 .text.upper_trs_packet_encrypt
                0x0000000000035d2c       0xa8 CMakeFiles/dfu_no_serial_nrf52832_xxAA_s132_6.0.0.dir/__/__/mesh/core/src/transport.c.obj
 .text.trs_sar_packet_out
                0x0000000000035dd4      0x19c CMakeFiles/dfu_no_serial_nrf52832_xxAA_s132_6.0.0.dir/__/__/mesh/core/src/transport.c.obj
 .text.upper_transport_access_packet_in
                0x0000000000035f70      0x33c CMakeFiles/dfu_no_serial_nrf52832_xxAA_s132_6.0.0.dir/__/__/mesh/core/src/transport.c.obj
 .text.sar_ctx_cancel
                0x00000000000362ac      0x148 CMakeFiles/dfu_no_serial_nrf52832_xxAA_s132_6.0.0.dir/__/__/mesh/core/src/transport.c.obj
 .text.retry_timeout
                0x00000000000363f4       0x98 CMakeFiles/dfu_no_serial_nrf52832_xxAA_s132_6.0.0.dir/__/__/mesh/core/src/transport.c.obj
 .text.upper_transport_packet_in
                0x000000000003648c      0x2a4 CMakeFiles/dfu_no_serial_nrf52832_xxAA_s132_6.0.0.dir/__/__/mesh/core/src/transport.c.obj
 .text.upper_transport_tx.part.27
                0x0000000000036730      0x370 CMakeFiles/dfu_no_serial_nrf52832_xxAA_s132_6.0.0.dir/__/__/mesh/core/src/transport.c.obj
 .text.sar_ack_send.part.31
                0x0000000000036aa0       0xd4 CMakeFiles/dfu_no_serial_nrf52832_xxAA_s132_6.0.0.dir/__/__/mesh/core/src/transport.c.obj
 .text.transport_sar_process
                0x0000000000036b74      0x274 CMakeFiles/dfu_no_serial_nrf52832_xxAA_s132_6.0.0.dir/__/__/mesh/core/src/transport.c.obj
 .text.abort_timeout
                0x0000000000036de8      0x138 CMakeFiles/dfu_no_serial_nrf52832_xxAA_s132_6.0.0.dir/__/__/mesh/core/src/transport.c.obj
 .text.ack_timeout
                0x0000000000036f20       0xf8 CMakeFiles/dfu_no_serial_nrf52832_xxAA_s132_6.0.0.dir/__/__/mesh/core/src/transport.c.obj
 .text.transport_init
                0x0000000000037018       0xac CMakeFiles/dfu_no_serial_nrf52832_xxAA_s132_6.0.0.dir/__/__/mesh/core/src/transport.c.obj
                0x0000000000037018                transport_init
 .text.transport_packet_in
                0x00000000000370c4      0x778 CMakeFiles/dfu_no_serial_nrf52832_xxAA_s132_6.0.0.dir/__/__/mesh/core/src/transport.c.obj
                0x00000000000370c4                transport_packet_in
 .text.transport_tx
                0x000000000003783c       0xec CMakeFiles/dfu_no_serial_nrf52832_xxAA_s132_6.0.0.dir/__/__/mesh/core/src/transport.c.obj
                0x000000000003783c                transport_tx
 .text.transport_control_tx
                0x0000000000037928       0xc4 CMakeFiles/dfu_no_serial_nrf52832_xxAA_s132_6.0.0.dir/__/__/mesh/core/src/transport.c.obj
                0x0000000000037928                transport_control_tx
 .text.transport_opt_set
                0x00000000000379ec       0xdc CMakeFiles/dfu_no_serial_nrf52832_xxAA_s132_6.0.0.dir/__/__/mesh/core/src/transport.c.obj
                0x00000000000379ec                transport_opt_set
 .text.transport_opt_get
                0x0000000000037ac8       0x84 CMakeFiles/dfu_no_serial_nrf52832_xxAA_s132_6.0.0.dir/__/__/mesh/core/src/transport.c.obj
                0x0000000000037ac8                transport_opt_get
 .text.transport_control_packet_consumer_add
                0x0000000000037b4c       0x68 CMakeFiles/dfu_no_serial_nrf52832_xxAA_s132_6.0.0.dir/__/__/mesh/core/src/transport.c.obj
                0x0000000000037b4c                transport_control_packet_consumer_add
 .text.event_handle
                0x0000000000037bb4       0x28 CMakeFiles/dfu_no_serial_nrf52832_xxAA_s132_6.0.0.dir/__/__/mesh/core/src/event.c.obj
                0x0000000000037bb4                event_handle
 .text.event_handler_add
                0x0000000000037bdc       0x28 CMakeFiles/dfu_no_serial_nrf52832_xxAA_s132_6.0.0.dir/__/__/mesh/core/src/event.c.obj
                0x0000000000037bdc                event_handler_add
 .text.event_handler_remove
                0x0000000000037c04       0x28 CMakeFiles/dfu_no_serial_nrf52832_xxAA_s132_6.0.0.dir/__/__/mesh/core/src/event.c.obj
                0x0000000000037c04                event_handler_remove
 .text.packet_buffer_init
                0x0000000000037c2c       0xb4 CMakeFiles/dfu_no_serial_nrf52832_xxAA_s132_6.0.0.dir/__/__/mesh/core/src/packet_buffer.c.obj
                0x0000000000037c2c                packet_buffer_init
 .text.packet_buffer_flush
                0x0000000000037ce0       0x6c CMakeFiles/dfu_no_serial_nrf52832_xxAA_s132_6.0.0.dir/__/__/mesh/core/src/packet_buffer.c.obj
                0x0000000000037ce0                packet_buffer_flush
 .text.packet_buffer_reserve
                0x0000000000037d4c       0xa4 CMakeFiles/dfu_no_serial_nrf52832_xxAA_s132_6.0.0.dir/__/__/mesh/core/src/packet_buffer.c.obj
                0x0000000000037d4c                packet_buffer_reserve
 .text.packet_buffer_commit
                0x0000000000037df0       0x7c CMakeFiles/dfu_no_serial_nrf52832_xxAA_s132_6.0.0.dir/__/__/mesh/core/src/packet_buffer.c.obj
                0x0000000000037df0                packet_buffer_commit
 .text.packet_buffer_pop
                0x0000000000037e6c       0x44 CMakeFiles/dfu_no_serial_nrf52832_xxAA_s132_6.0.0.dir/__/__/mesh/core/src/packet_buffer.c.obj
                0x0000000000037e6c                packet_buffer_pop
 .text.packet_buffer_can_pop
                0x0000000000037eb0       0x24 CMakeFiles/dfu_no_serial_nrf52832_xxAA_s132_6.0.0.dir/__/__/mesh/core/src/packet_buffer.c.obj
                0x0000000000037eb0                packet_buffer_can_pop
 .text.packet_buffer_packets_ready_to_pop
                0x0000000000037ed4       0x5c CMakeFiles/dfu_no_serial_nrf52832_xxAA_s132_6.0.0.dir/__/__/mesh/core/src/packet_buffer.c.obj
                0x0000000000037ed4                packet_buffer_packets_ready_to_pop
 .text.packet_buffer_free
                0x0000000000037f30       0x8c CMakeFiles/dfu_no_serial_nrf52832_xxAA_s132_6.0.0.dir/__/__/mesh/core/src/packet_buffer.c.obj
                0x0000000000037f30                packet_buffer_free
 .text.erase_source
                0x0000000000037fbc       0x34 CMakeFiles/dfu_no_serial_nrf52832_xxAA_s132_6.0.0.dir/__/__/mesh/core/src/flash_manager_defrag.c.obj
 .text.erase_recovery_area
                0x0000000000037ff0       0x34 CMakeFiles/dfu_no_serial_nrf52832_xxAA_s132_6.0.0.dir/__/__/mesh/core/src/flash_manager_defrag.c.obj
 .text.write_back
                0x0000000000038024       0x44 CMakeFiles/dfu_no_serial_nrf52832_xxAA_s132_6.0.0.dir/__/__/mesh/core/src/flash_manager_defrag.c.obj
 .text.write_defrag_start_pointer
                0x0000000000038068       0x38 CMakeFiles/dfu_no_serial_nrf52832_xxAA_s132_6.0.0.dir/__/__/mesh/core/src/flash_manager_defrag.c.obj
 .text.copy_metadata
                0x00000000000380a0       0x58 CMakeFiles/dfu_no_serial_nrf52832_xxAA_s132_6.0.0.dir/__/__/mesh/core/src/flash_manager_defrag.c.obj
 .text.seal_storage_page
                0x00000000000380f8       0x70 CMakeFiles/dfu_no_serial_nrf52832_xxAA_s132_6.0.0.dir/__/__/mesh/core/src/flash_manager_defrag.c.obj
 .text.post_process
                0x0000000000038168       0x64 CMakeFiles/dfu_no_serial_nrf52832_xxAA_s132_6.0.0.dir/__/__/mesh/core/src/flash_manager_defrag.c.obj
 .text.check_for_invalid_entries
                0x00000000000381cc       0x40 CMakeFiles/dfu_no_serial_nrf52832_xxAA_s132_6.0.0.dir/__/__/mesh/core/src/flash_manager_defrag.c.obj
 .text.execute_procedure_step
                0x000000000003820c       0x98 CMakeFiles/dfu_no_serial_nrf52832_xxAA_s132_6.0.0.dir/__/__/mesh/core/src/flash_manager_defrag.c.obj
 .text.on_flash_op_end
                0x00000000000382a4       0x48 CMakeFiles/dfu_no_serial_nrf52832_xxAA_s132_6.0.0.dir/__/__/mesh/core/src/flash_manager_defrag.c.obj
 .text.invalidate_duplicate_entries
                0x00000000000382ec      0x150 CMakeFiles/dfu_no_serial_nrf52832_xxAA_s132_6.0.0.dir/__/__/mesh/core/src/flash_manager_defrag.c.obj
 .text.backup_entries
                0x000000000003843c      0x1c8 CMakeFiles/dfu_no_serial_nrf52832_xxAA_s132_6.0.0.dir/__/__/mesh/core/src/flash_manager_defrag.c.obj
 .text.flash_manager_defrag_init
                0x0000000000038604       0x6c CMakeFiles/dfu_no_serial_nrf52832_xxAA_s132_6.0.0.dir/__/__/mesh/core/src/flash_manager_defrag.c.obj
                0x0000000000038604                flash_manager_defrag_init
 .text.flash_manager_defrag_is_running
                0x0000000000038670       0x10 CMakeFiles/dfu_no_serial_nrf52832_xxAA_s132_6.0.0.dir/__/__/mesh/core/src/flash_manager_defrag.c.obj
                0x0000000000038670                flash_manager_defrag_is_running
 .text.flash_manager_defrag
                0x0000000000038680       0x48 CMakeFiles/dfu_no_serial_nrf52832_xxAA_s132_6.0.0.dir/__/__/mesh/core/src/flash_manager_defrag.c.obj
                0x0000000000038680                flash_manager_defrag
 .text.flash_manager_defrag_recovery_page_get
                0x00000000000386c8        0xc CMakeFiles/dfu_no_serial_nrf52832_xxAA_s132_6.0.0.dir/__/__/mesh/core/src/flash_manager_defrag.c.obj
                0x00000000000386c8                flash_manager_defrag_recovery_page_get
 .text.fifo_init
                0x00000000000386d4       0x38 CMakeFiles/dfu_no_serial_nrf52832_xxAA_s132_6.0.0.dir/__/__/mesh/core/src/fifo.c.obj
                0x00000000000386d4                fifo_init
 .text.fifo_push
                0x000000000003870c       0x60 CMakeFiles/dfu_no_serial_nrf52832_xxAA_s132_6.0.0.dir/__/__/mesh/core/src/fifo.c.obj
                0x000000000003870c                fifo_push
 .text.fifo_pop
                0x000000000003876c       0x5c CMakeFiles/dfu_no_serial_nrf52832_xxAA_s132_6.0.0.dir/__/__/mesh/core/src/fifo.c.obj
                0x000000000003876c                fifo_pop
 .text.nrf_flash_erase
                0x00000000000387c8       0x5c CMakeFiles/dfu_no_serial_nrf52832_xxAA_s132_6.0.0.dir/__/__/mesh/core/src/nrf_flash.c.obj
                0x00000000000387c8                nrf_flash_erase
 .text.nrf_flash_write
                0x0000000000038824       0x70 CMakeFiles/dfu_no_serial_nrf52832_xxAA_s132_6.0.0.dir/__/__/mesh/core/src/nrf_flash.c.obj
                0x0000000000038824                nrf_flash_write
 .text.packet_mgr_init
                0x0000000000038894       0x48 CMakeFiles/dfu_no_serial_nrf52832_xxAA_s132_6.0.0.dir/__/__/mesh/core/src/packet_mgr.c.obj
                0x0000000000038894                packet_mgr_init
 .text.flash_store_iv_index
                0x00000000000388dc       0x38 CMakeFiles/dfu_no_serial_nrf52832_xxAA_s132_6.0.0.dir/__/__/mesh/core/src/net_state.c.obj
 .text.flash_mem_available
                0x0000000000038914       0x1c CMakeFiles/dfu_no_serial_nrf52832_xxAA_s132_6.0.0.dir/__/__/mesh/core/src/net_state.c.obj
 .text.init_flash_storage
                0x0000000000038930       0x44 CMakeFiles/dfu_no_serial_nrf52832_xxAA_s132_6.0.0.dir/__/__/mesh/core/src/net_state.c.obj
 .text.flash_write_complete
                0x0000000000038974       0x6c CMakeFiles/dfu_no_serial_nrf52832_xxAA_s132_6.0.0.dir/__/__/mesh/core/src/net_state.c.obj
 .text.seqnum_block_allocate
                0x00000000000389e0       0x4c CMakeFiles/dfu_no_serial_nrf52832_xxAA_s132_6.0.0.dir/__/__/mesh/core/src/net_state.c.obj
 .text.net_state_reset
                0x0000000000038a2c       0x78 CMakeFiles/dfu_no_serial_nrf52832_xxAA_s132_6.0.0.dir/__/__/mesh/core/src/net_state.c.obj
                0x0000000000038a2c                net_state_reset
 .text.iv_update_trigger_if_pending
                0x0000000000038aa4      0x174 CMakeFiles/dfu_no_serial_nrf52832_xxAA_s132_6.0.0.dir/__/__/mesh/core/src/net_state.c.obj
 .text.iv_update_timer_handler
                0x0000000000038c18       0x70 CMakeFiles/dfu_no_serial_nrf52832_xxAA_s132_6.0.0.dir/__/__/mesh/core/src/net_state.c.obj
 .text.mesh_evt_handler
                0x0000000000038c88      0x104 CMakeFiles/dfu_no_serial_nrf52832_xxAA_s132_6.0.0.dir/__/__/mesh/core/src/net_state.c.obj
 .text.net_state_recover_from_flash
                0x0000000000038d8c      0x118 CMakeFiles/dfu_no_serial_nrf52832_xxAA_s132_6.0.0.dir/__/__/mesh/core/src/net_state.c.obj
                0x0000000000038d8c                net_state_recover_from_flash
 .text.net_state_flash_area_get
                0x0000000000038ea4        0xc CMakeFiles/dfu_no_serial_nrf52832_xxAA_s132_6.0.0.dir/__/__/mesh/core/src/net_state.c.obj
                0x0000000000038ea4                net_state_flash_area_get
 .text.net_state_init
                0x0000000000038eb0       0x94 CMakeFiles/dfu_no_serial_nrf52832_xxAA_s132_6.0.0.dir/__/__/mesh/core/src/net_state.c.obj
                0x0000000000038eb0                net_state_init
 .text.net_state_seqnum_alloc
                0x0000000000038f44       0xd0 CMakeFiles/dfu_no_serial_nrf52832_xxAA_s132_6.0.0.dir/__/__/mesh/core/src/net_state.c.obj
                0x0000000000038f44                net_state_seqnum_alloc
 .text.net_state_iv_index_lock
                0x0000000000039014      0x188 CMakeFiles/dfu_no_serial_nrf52832_xxAA_s132_6.0.0.dir/__/__/mesh/core/src/net_state.c.obj
                0x0000000000039014                net_state_iv_index_lock
 .text.net_state_key_refresh_phase_changed
                0x000000000003919c       0x20 CMakeFiles/dfu_no_serial_nrf52832_xxAA_s132_6.0.0.dir/__/__/mesh/core/src/net_state.c.obj
                0x000000000003919c                net_state_key_refresh_phase_changed
 .text.net_state_beacon_iv_index_get
                0x00000000000391bc        0xc CMakeFiles/dfu_no_serial_nrf52832_xxAA_s132_6.0.0.dir/__/__/mesh/core/src/net_state.c.obj
                0x00000000000391bc                net_state_beacon_iv_index_get
 .text.net_state_tx_iv_index_get
                0x00000000000391c8       0x14 CMakeFiles/dfu_no_serial_nrf52832_xxAA_s132_6.0.0.dir/__/__/mesh/core/src/net_state.c.obj
                0x00000000000391c8                net_state_tx_iv_index_get
 .text.net_state_rx_iv_index_get
                0x00000000000391dc       0x18 CMakeFiles/dfu_no_serial_nrf52832_xxAA_s132_6.0.0.dir/__/__/mesh/core/src/net_state.c.obj
                0x00000000000391dc                net_state_rx_iv_index_get
 .text.net_state_iv_update_get
                0x00000000000391f4        0xc CMakeFiles/dfu_no_serial_nrf52832_xxAA_s132_6.0.0.dir/__/__/mesh/core/src/net_state.c.obj
                0x00000000000391f4                net_state_iv_update_get
 .text.net_state_iv_index_set
                0x0000000000039200       0x88 CMakeFiles/dfu_no_serial_nrf52832_xxAA_s132_6.0.0.dir/__/__/mesh/core/src/net_state.c.obj
                0x0000000000039200                net_state_iv_index_set
 .text.send_end_events
                0x0000000000039288       0x98 CMakeFiles/dfu_no_serial_nrf52832_xxAA_s132_6.0.0.dir/__/__/mesh/core/src/mesh_flash.c.obj
 .text.flash_op_start
                0x0000000000039320      0x214 CMakeFiles/dfu_no_serial_nrf52832_xxAA_s132_6.0.0.dir/__/__/mesh/core/src/mesh_flash.c.obj
 .text.mesh_flash_init
                0x0000000000039534       0x78 CMakeFiles/dfu_no_serial_nrf52832_xxAA_s132_6.0.0.dir/__/__/mesh/core/src/mesh_flash.c.obj
                0x0000000000039534                mesh_flash_init
 .text.mesh_flash_user_callback_set
                0x00000000000395ac       0x20 CMakeFiles/dfu_no_serial_nrf52832_xxAA_s132_6.0.0.dir/__/__/mesh/core/src/mesh_flash.c.obj
                0x00000000000395ac                mesh_flash_user_callback_set
 .text.mesh_flash_op_push
                0x00000000000395cc      0x198 CMakeFiles/dfu_no_serial_nrf52832_xxAA_s132_6.0.0.dir/__/__/mesh/core/src/mesh_flash.c.obj
                0x00000000000395cc                mesh_flash_op_push
 .text.mesh_flash_in_progress
                0x0000000000039764       0x34 CMakeFiles/dfu_no_serial_nrf52832_xxAA_s132_6.0.0.dir/__/__/mesh/core/src/mesh_flash.c.obj
                0x0000000000039764                mesh_flash_in_progress
 .text.mesh_flash_set_suspended
                0x0000000000039798      0x21c CMakeFiles/dfu_no_serial_nrf52832_xxAA_s132_6.0.0.dir/__/__/mesh/core/src/mesh_flash.c.obj
                0x0000000000039798                mesh_flash_set_suspended
 .text.nrf_mesh_address_type_get
                0x00000000000399b4       0x10 CMakeFiles/dfu_no_serial_nrf52832_xxAA_s132_6.0.0.dir/__/__/mesh/core/src/nrf_mesh_utils.c.obj
                0x00000000000399b4                nrf_mesh_address_type_get
 .text.sd_softdevice_is_enabled
                0x00000000000399c4        0x4 CMakeFiles/dfu_no_serial_nrf52832_xxAA_s132_6.0.0.dir/__/__/mesh/core/src/nrf_mesh.c.obj
 .text.nrf_mesh_listen
                0x00000000000399c8      0x184 CMakeFiles/dfu_no_serial_nrf52832_xxAA_s132_6.0.0.dir/__/__/mesh/core/src/nrf_mesh.c.obj
 .text.flash_stable_cb
                0x0000000000039b4c       0x20 CMakeFiles/dfu_no_serial_nrf52832_xxAA_s132_6.0.0.dir/__/__/mesh/core/src/nrf_mesh.c.obj
 .text.scanner_packet_process_cb
                0x0000000000039b6c       0x88 CMakeFiles/dfu_no_serial_nrf52832_xxAA_s132_6.0.0.dir/__/__/mesh/core/src/nrf_mesh.c.obj
 .text.nrf_mesh_init
                0x0000000000039bf4       0xe4 CMakeFiles/dfu_no_serial_nrf52832_xxAA_s132_6.0.0.dir/__/__/mesh/core/src/nrf_mesh.c.obj
                0x0000000000039bf4                nrf_mesh_init
 .text.nrf_mesh_enable
                0x0000000000039cd8       0x48 CMakeFiles/dfu_no_serial_nrf52832_xxAA_s132_6.0.0.dir/__/__/mesh/core/src/nrf_mesh.c.obj
                0x0000000000039cd8                nrf_mesh_enable
 .text.nrf_mesh_packet_send
                0x0000000000039d20       0x94 CMakeFiles/dfu_no_serial_nrf52832_xxAA_s132_6.0.0.dir/__/__/mesh/core/src/nrf_mesh.c.obj
                0x0000000000039d20                nrf_mesh_packet_send
 .text.nrf_mesh_evt_handler_add
                0x0000000000039db4        0x4 CMakeFiles/dfu_no_serial_nrf52832_xxAA_s132_6.0.0.dir/__/__/mesh/core/src/nrf_mesh.c.obj
                0x0000000000039db4                nrf_mesh_evt_handler_add
 .text.nrf_mesh_on_sd_evt
                0x0000000000039db8        0xc CMakeFiles/dfu_no_serial_nrf52832_xxAA_s132_6.0.0.dir/__/__/mesh/core/src/nrf_mesh.c.obj
                0x0000000000039db8                nrf_mesh_on_sd_evt
 .text.nrf_mesh_subnet_added
                0x0000000000039dc4        0x4 CMakeFiles/dfu_no_serial_nrf52832_xxAA_s132_6.0.0.dir/__/__/mesh/core/src/nrf_mesh.c.obj
                0x0000000000039dc4                nrf_mesh_subnet_added
 .text.queue_init
                0x0000000000039dc8       0x1c CMakeFiles/dfu_no_serial_nrf52832_xxAA_s132_6.0.0.dir/__/__/mesh/core/src/queue.c.obj
                0x0000000000039dc8                queue_init
 .text.queue_push
                0x0000000000039de4       0x3c CMakeFiles/dfu_no_serial_nrf52832_xxAA_s132_6.0.0.dir/__/__/mesh/core/src/queue.c.obj
                0x0000000000039de4                queue_push
 .text.queue_pop
                0x0000000000039e20       0x2c CMakeFiles/dfu_no_serial_nrf52832_xxAA_s132_6.0.0.dir/__/__/mesh/core/src/queue.c.obj
                0x0000000000039e20                queue_pop
 .text.queue_peek
                0x0000000000039e4c       0x14 CMakeFiles/dfu_no_serial_nrf52832_xxAA_s132_6.0.0.dir/__/__/mesh/core/src/queue.c.obj
                0x0000000000039e4c                queue_peek
 .text.sd_power_reset_reason_clr
                0x0000000000039e60        0x4 CMakeFiles/dfu_no_serial_nrf52832_xxAA_s132_6.0.0.dir/__/__/mesh/core/src/hal.c.obj
 .text.sd_power_gpregret_set
                0x0000000000039e64        0x4 CMakeFiles/dfu_no_serial_nrf52832_xxAA_s132_6.0.0.dir/__/__/mesh/core/src/hal.c.obj
 .text.hal_device_reset
                0x0000000000039e68       0x38 CMakeFiles/dfu_no_serial_nrf52832_xxAA_s132_6.0.0.dir/__/__/mesh/core/src/hal.c.obj
                0x0000000000039e68                hal_device_reset
 .text.hal_lfclk_ppm_get
                0x0000000000039ea0       0x14 CMakeFiles/dfu_no_serial_nrf52832_xxAA_s132_6.0.0.dir/__/__/mesh/core/src/hal.c.obj
                0x0000000000039ea0                hal_lfclk_ppm_get
 .text.aes_cmac_subkey_generate
                0x0000000000039eb4      0x294 CMakeFiles/dfu_no_serial_nrf52832_xxAA_s132_6.0.0.dir/__/__/mesh/core/src/aes_cmac.c.obj
                0x0000000000039eb4                aes_cmac_subkey_generate
 .text.aes_cmac
                0x000000000003a148      0x4b8 CMakeFiles/dfu_no_serial_nrf52832_xxAA_s132_6.0.0.dir/__/__/mesh/core/src/aes_cmac.c.obj
                0x000000000003a148                aes_cmac
 .text.timer_cb
                0x000000000003a600        0xc CMakeFiles/dfu_no_serial_nrf52832_xxAA_s132_6.0.0.dir/__/__/mesh/core/src/timer_scheduler.c.obj
 .text.add_evt.constprop.1
                0x000000000003a60c       0x60 CMakeFiles/dfu_no_serial_nrf52832_xxAA_s132_6.0.0.dir/__/__/mesh/core/src/timer_scheduler.c.obj
 .text.flag_event_cb
                0x000000000003a66c      0x2f0 CMakeFiles/dfu_no_serial_nrf52832_xxAA_s132_6.0.0.dir/__/__/mesh/core/src/timer_scheduler.c.obj
 .text.timer_sch_init
                0x000000000003a95c       0x24 CMakeFiles/dfu_no_serial_nrf52832_xxAA_s132_6.0.0.dir/__/__/mesh/core/src/timer_scheduler.c.obj
                0x000000000003a95c                timer_sch_init
 .text.timer_sch_schedule
                0x000000000003a980       0x68 CMakeFiles/dfu_no_serial_nrf52832_xxAA_s132_6.0.0.dir/__/__/mesh/core/src/timer_scheduler.c.obj
                0x000000000003a980                timer_sch_schedule
 .text.timer_sch_abort
                0x000000000003a9e8       0x5c CMakeFiles/dfu_no_serial_nrf52832_xxAA_s132_6.0.0.dir/__/__/mesh/core/src/timer_scheduler.c.obj
                0x000000000003a9e8                timer_sch_abort
 .text.timer_sch_reschedule
                0x000000000003aa44       0x90 CMakeFiles/dfu_no_serial_nrf52832_xxAA_s132_6.0.0.dir/__/__/mesh/core/src/timer_scheduler.c.obj
                0x000000000003aa44                timer_sch_reschedule
 .text.timer_event_handler
                0x000000000003aad4       0xd0 CMakeFiles/dfu_no_serial_nrf52832_xxAA_s132_6.0.0.dir/__/__/mesh/core/src/timer.c.obj
                0x000000000003aad4                timer_event_handler
 .text.timer_order_cb
                0x000000000003aba4       0x9c CMakeFiles/dfu_no_serial_nrf52832_xxAA_s132_6.0.0.dir/__/__/mesh/core/src/timer.c.obj
                0x000000000003aba4                timer_order_cb
 .text.timer_now
                0x000000000003ac40       0x58 CMakeFiles/dfu_no_serial_nrf52832_xxAA_s132_6.0.0.dir/__/__/mesh/core/src/timer.c.obj
                0x000000000003ac40                timer_now
 .text.timer_on_ts_begin
                0x000000000003ac98      0x100 CMakeFiles/dfu_no_serial_nrf52832_xxAA_s132_6.0.0.dir/__/__/mesh/core/src/timer.c.obj
                0x000000000003ac98                timer_on_ts_begin
 .text.timer_on_ts_end
                0x000000000003ad98       0x78 CMakeFiles/dfu_no_serial_nrf52832_xxAA_s132_6.0.0.dir/__/__/mesh/core/src/timer.c.obj
                0x000000000003ad98                timer_on_ts_end
 .text.timer_cb
                0x000000000003ae10       0x10 CMakeFiles/dfu_no_serial_nrf52832_xxAA_s132_6.0.0.dir/__/__/mesh/core/src/ticker.c.obj
 .text.ticker_init
                0x000000000003ae20       0x3c CMakeFiles/dfu_no_serial_nrf52832_xxAA_s132_6.0.0.dir/__/__/mesh/core/src/ticker.c.obj
                0x000000000003ae20                ticker_init
 .text.sd_rand_application_bytes_available_get
                0x000000000003ae5c        0x4 CMakeFiles/dfu_no_serial_nrf52832_xxAA_s132_6.0.0.dir/__/__/mesh/core/src/rand.c.obj
 .text.sd_rand_application_vector_get
                0x000000000003ae60        0x4 CMakeFiles/dfu_no_serial_nrf52832_xxAA_s132_6.0.0.dir/__/__/mesh/core/src/rand.c.obj
 .text.rand_prng_seed
                0x000000000003ae64       0x78 CMakeFiles/dfu_no_serial_nrf52832_xxAA_s132_6.0.0.dir/__/__/mesh/core/src/rand.c.obj
                0x000000000003ae64                rand_prng_seed
 .text.rand_prng_get
                0x000000000003aedc       0x28 CMakeFiles/dfu_no_serial_nrf52832_xxAA_s132_6.0.0.dir/__/__/mesh/core/src/rand.c.obj
                0x000000000003aedc                rand_prng_get
 .text.rand_hw_rng_get
                0x000000000003af04       0x60 CMakeFiles/dfu_no_serial_nrf52832_xxAA_s132_6.0.0.dir/__/__/mesh/core/src/rand.c.obj
                0x000000000003af04                rand_hw_rng_get
 .text.nrf_mesh_opt_set
                0x000000000003af64       0x28 CMakeFiles/dfu_no_serial_nrf52832_xxAA_s132_6.0.0.dir/__/__/mesh/core/src/nrf_mesh_opt.c.obj
                0x000000000003af64                nrf_mesh_opt_set
 .text.nrf_mesh_opt_get
                0x000000000003af8c       0x28 CMakeFiles/dfu_no_serial_nrf52832_xxAA_s132_6.0.0.dir/__/__/mesh/core/src/nrf_mesh_opt.c.obj
                0x000000000003af8c                nrf_mesh_opt_get
 .text.sd_radio_session_open
                0x000000000003afb4        0x4 CMakeFiles/dfu_no_serial_nrf52832_xxAA_s132_6.0.0.dir/__/__/mesh/core/src/timeslot.c.obj
 .text.sd_radio_session_close
                0x000000000003afb8        0x4 CMakeFiles/dfu_no_serial_nrf52832_xxAA_s132_6.0.0.dir/__/__/mesh/core/src/timeslot.c.obj
 .text.sd_radio_request
                0x000000000003afbc        0x4 CMakeFiles/dfu_no_serial_nrf52832_xxAA_s132_6.0.0.dir/__/__/mesh/core/src/timeslot.c.obj
 .text.end_timer_handler
                0x000000000003afc0       0x2c CMakeFiles/dfu_no_serial_nrf52832_xxAA_s132_6.0.0.dir/__/__/mesh/core/src/timeslot.c.obj
 .text.radio_signal_callback
                0x000000000003afec      0x2b4 CMakeFiles/dfu_no_serial_nrf52832_xxAA_s132_6.0.0.dir/__/__/mesh/core/src/timeslot.c.obj
 .text.timeslot_sd_event_handler
                0x000000000003b2a0       0x44 CMakeFiles/dfu_no_serial_nrf52832_xxAA_s132_6.0.0.dir/__/__/mesh/core/src/timeslot.c.obj
                0x000000000003b2a0                timeslot_sd_event_handler
 .text.timeslot_init
                0x000000000003b2e4       0x4c CMakeFiles/dfu_no_serial_nrf52832_xxAA_s132_6.0.0.dir/__/__/mesh/core/src/timeslot.c.obj
                0x000000000003b2e4                timeslot_init
 .text.timeslot_start
                0x000000000003b330       0x20 CMakeFiles/dfu_no_serial_nrf52832_xxAA_s132_6.0.0.dir/__/__/mesh/core/src/timeslot.c.obj
                0x000000000003b330                timeslot_start
 .text.timeslot_stop
                0x000000000003b350       0x30 CMakeFiles/dfu_no_serial_nrf52832_xxAA_s132_6.0.0.dir/__/__/mesh/core/src/timeslot.c.obj
                0x000000000003b350                timeslot_stop
 .text.timeslot_state_lock
                0x000000000003b380       0x44 CMakeFiles/dfu_no_serial_nrf52832_xxAA_s132_6.0.0.dir/__/__/mesh/core/src/timeslot.c.obj
                0x000000000003b380                timeslot_state_lock
 .text.timeslot_end_is_pending
                0x000000000003b3c4       0x24 CMakeFiles/dfu_no_serial_nrf52832_xxAA_s132_6.0.0.dir/__/__/mesh/core/src/timeslot.c.obj
                0x000000000003b3c4                timeslot_end_is_pending
 .text.timeslot_start_time_get
                0x000000000003b3e8        0xc CMakeFiles/dfu_no_serial_nrf52832_xxAA_s132_6.0.0.dir/__/__/mesh/core/src/timeslot.c.obj
                0x000000000003b3e8                timeslot_start_time_get
 .text.timeslot_remaining_time_get
                0x000000000003b3f4       0x40 CMakeFiles/dfu_no_serial_nrf52832_xxAA_s132_6.0.0.dir/__/__/mesh/core/src/timeslot.c.obj
                0x000000000003b3f4                timeslot_remaining_time_get
 .text.timeslot_is_in_cb
                0x000000000003b434        0xc CMakeFiles/dfu_no_serial_nrf52832_xxAA_s132_6.0.0.dir/__/__/mesh/core/src/timeslot.c.obj
                0x000000000003b434                timeslot_is_in_cb
 .text.timeslot_trigger
                0x000000000003b440       0x24 CMakeFiles/dfu_no_serial_nrf52832_xxAA_s132_6.0.0.dir/__/__/mesh/core/src/timeslot.c.obj
                0x000000000003b440                timeslot_trigger
 .text.bearer_event_init
                0x000000000003b464       0x4c CMakeFiles/dfu_no_serial_nrf52832_xxAA_s132_6.0.0.dir/__/__/mesh/core/src/bearer_event.c.obj
                0x000000000003b464                bearer_event_init
 .text.bearer_event_timer_post
                0x000000000003b4b0       0x50 CMakeFiles/dfu_no_serial_nrf52832_xxAA_s132_6.0.0.dir/__/__/mesh/core/src/bearer_event.c.obj
                0x000000000003b4b0                bearer_event_timer_post
 .text.bearer_event_critical_section_begin
                0x000000000003b500       0x44 CMakeFiles/dfu_no_serial_nrf52832_xxAA_s132_6.0.0.dir/__/__/mesh/core/src/bearer_event.c.obj
                0x000000000003b500                bearer_event_critical_section_begin
 .text.bearer_event_critical_section_end
                0x000000000003b544       0x40 CMakeFiles/dfu_no_serial_nrf52832_xxAA_s132_6.0.0.dir/__/__/mesh/core/src/bearer_event.c.obj
                0x000000000003b544                bearer_event_critical_section_end
 .text.bearer_event_flag_add
                0x000000000003b584       0x40 CMakeFiles/dfu_no_serial_nrf52832_xxAA_s132_6.0.0.dir/__/__/mesh/core/src/bearer_event.c.obj
                0x000000000003b584                bearer_event_flag_add
 .text.bearer_event_flag_set
                0x000000000003b5c4       0x5c CMakeFiles/dfu_no_serial_nrf52832_xxAA_s132_6.0.0.dir/__/__/mesh/core/src/bearer_event.c.obj
                0x000000000003b5c4                bearer_event_flag_set
 .text.bearer_event_sequential_add
                0x000000000003b620       0x34 CMakeFiles/dfu_no_serial_nrf52832_xxAA_s132_6.0.0.dir/__/__/mesh/core/src/bearer_event.c.obj
                0x000000000003b620                bearer_event_sequential_add
 .text.bearer_event_sequential_post
                0x000000000003b654       0x64 CMakeFiles/dfu_no_serial_nrf52832_xxAA_s132_6.0.0.dir/__/__/mesh/core/src/bearer_event.c.obj
                0x000000000003b654                bearer_event_sequential_post
 .text.bearer_event_sequential_pending
                0x000000000003b6b8       0x14 CMakeFiles/dfu_no_serial_nrf52832_xxAA_s132_6.0.0.dir/__/__/mesh/core/src/bearer_event.c.obj
                0x000000000003b6b8                bearer_event_sequential_pending
 .text.bearer_event_handler
                0x000000000003b6cc      0x16c CMakeFiles/dfu_no_serial_nrf52832_xxAA_s132_6.0.0.dir/__/__/mesh/core/src/bearer_event.c.obj
                0x000000000003b6cc                bearer_event_handler
 .text.QDEC_IRQHandler
                0x000000000003b838        0x4 CMakeFiles/dfu_no_serial_nrf52832_xxAA_s132_6.0.0.dir/__/__/mesh/core/src/bearer_event.c.obj
                0x000000000003b838                QDEC_IRQHandler
 .text.enc_aes_encrypt
                0x000000000003b83c        0x4 CMakeFiles/dfu_no_serial_nrf52832_xxAA_s132_6.0.0.dir/__/__/mesh/core/src/enc.c.obj
                0x000000000003b83c                enc_aes_encrypt
 .text.enc_aes_cmac
                0x000000000003b840        0x4 CMakeFiles/dfu_no_serial_nrf52832_xxAA_s132_6.0.0.dir/__/__/mesh/core/src/enc.c.obj
                0x000000000003b840                enc_aes_cmac
 .text.enc_aes_ccm_encrypt
                0x000000000003b844        0x4 CMakeFiles/dfu_no_serial_nrf52832_xxAA_s132_6.0.0.dir/__/__/mesh/core/src/enc.c.obj
                0x000000000003b844                enc_aes_ccm_encrypt
 .text.enc_aes_ccm_decrypt
                0x000000000003b848        0x4 CMakeFiles/dfu_no_serial_nrf52832_xxAA_s132_6.0.0.dir/__/__/mesh/core/src/enc.c.obj
                0x000000000003b848                enc_aes_ccm_decrypt
 .text.enc_nonce_generate
                0x000000000003b84c       0xc8 CMakeFiles/dfu_no_serial_nrf52832_xxAA_s132_6.0.0.dir/__/__/mesh/core/src/enc.c.obj
                0x000000000003b84c                enc_nonce_generate
 .text.enc_s1   0x000000000003b914       0x30 CMakeFiles/dfu_no_serial_nrf52832_xxAA_s132_6.0.0.dir/__/__/mesh/core/src/enc.c.obj
                0x000000000003b914                enc_s1
 .text.enc_k1   0x000000000003b944       0x40 CMakeFiles/dfu_no_serial_nrf52832_xxAA_s132_6.0.0.dir/__/__/mesh/core/src/enc.c.obj
                0x000000000003b944                enc_k1
 .text.enc_k2   0x000000000003b984       0xe0 CMakeFiles/dfu_no_serial_nrf52832_xxAA_s132_6.0.0.dir/__/__/mesh/core/src/enc.c.obj
                0x000000000003b984                enc_k2
 .text.enc_k3   0x000000000003ba64       0x68 CMakeFiles/dfu_no_serial_nrf52832_xxAA_s132_6.0.0.dir/__/__/mesh/core/src/enc.c.obj
                0x000000000003ba64                enc_k3
 .text.enc_k4   0x000000000003bacc       0x60 CMakeFiles/dfu_no_serial_nrf52832_xxAA_s132_6.0.0.dir/__/__/mesh/core/src/enc.c.obj
                0x000000000003bacc                enc_k4
 .text.network_init
                0x000000000003bb2c       0x28 CMakeFiles/dfu_no_serial_nrf52832_xxAA_s132_6.0.0.dir/__/__/mesh/core/src/network.c.obj
                0x000000000003bb2c                network_init
 .text.network_opt_set
                0x000000000003bb54       0x84 CMakeFiles/dfu_no_serial_nrf52832_xxAA_s132_6.0.0.dir/__/__/mesh/core/src/network.c.obj
                0x000000000003bb54                network_opt_set
 .text.network_opt_get
                0x000000000003bbd8       0x5c CMakeFiles/dfu_no_serial_nrf52832_xxAA_s132_6.0.0.dir/__/__/mesh/core/src/network.c.obj
                0x000000000003bbd8                network_opt_get
 .text.network_packet_alloc
                0x000000000003bc34       0xa0 CMakeFiles/dfu_no_serial_nrf52832_xxAA_s132_6.0.0.dir/__/__/mesh/core/src/network.c.obj
                0x000000000003bc34                network_packet_alloc
 .text.network_packet_send
                0x000000000003bcd4       0x58 CMakeFiles/dfu_no_serial_nrf52832_xxAA_s132_6.0.0.dir/__/__/mesh/core/src/network.c.obj
                0x000000000003bcd4                network_packet_send
 .text.network_packet_in
                0x000000000003bd2c      0x1c8 CMakeFiles/dfu_no_serial_nrf52832_xxAA_s132_6.0.0.dir/__/__/mesh/core/src/network.c.obj
                0x000000000003bd2c                network_packet_in
 .text.net_packet_decrypt
                0x000000000003bef4      0x2bc CMakeFiles/dfu_no_serial_nrf52832_xxAA_s132_6.0.0.dir/__/__/mesh/core/src/net_packet.c.obj
                0x000000000003bef4                net_packet_decrypt
 .text.net_packet_encrypt
                0x000000000003c1b0      0x100 CMakeFiles/dfu_no_serial_nrf52832_xxAA_s132_6.0.0.dir/__/__/mesh/core/src/net_packet.c.obj
                0x000000000003c1b0                net_packet_encrypt
 .text.net_packet_header_set
                0x000000000003c2b0       0xc0 CMakeFiles/dfu_no_serial_nrf52832_xxAA_s132_6.0.0.dir/__/__/mesh/core/src/net_packet.c.obj
                0x000000000003c2b0                net_packet_header_set
 .text.net_packet_payload_len_get
                0x000000000003c370       0x14 CMakeFiles/dfu_no_serial_nrf52832_xxAA_s132_6.0.0.dir/__/__/mesh/core/src/net_packet.c.obj
                0x000000000003c370                net_packet_payload_len_get
 .text.net_packet_from_payload
                0x000000000003c384        0x4 CMakeFiles/dfu_no_serial_nrf52832_xxAA_s132_6.0.0.dir/__/__/mesh/core/src/net_packet.c.obj