Archive member included to satisfy reference by file (symbol)

../../external/rtt/librtt_nrf52840_xxAA.a(SEGGER_RTT.c.obj)
                              CMakeFiles/enocean_switch_nrf52840_xxAA_s140_6.0.0.dir/__/__/mesh/core/src/log.c.obj (SEGGER_RTT_Write)
../../external/rtt/librtt_nrf52840_xxAA.a(SEGGER_RTT_printf.c.obj)
                              CMakeFiles/enocean_switch_nrf52840_xxAA_s140_6.0.0.dir/__/__/mesh/core/src/log.c.obj (SEGGER_RTT_vprintf)
../../external/micro-ecc/libuECC_nrf52840_xxAA.a(uECC.c.obj)
                              CMakeFiles/enocean_switch_nrf52840_xxAA_s140_6.0.0.dir/__/__/mesh/prov/src/prov_utils.c.obj (uECC_secp256r1)
/usr/bin/../lib/gcc/arm-none-eabi/7.2.1/thumb/v7e-m/fpv4-sp/hard/libgcc.a(_aeabi_ldivmod.o)
                              CMakeFiles/enocean_switch_nrf52840_xxAA_s140_6.0.0.dir/__/common/src/rtt_input.c.obj (__aeabi_ldivmod)
/usr/bin/../lib/gcc/arm-none-eabi/7.2.1/thumb/v7e-m/fpv4-sp/hard/libgcc.a(_aeabi_uldivmod.o)
                              CMakeFiles/enocean_switch_nrf52840_xxAA_s140_6.0.0.dir/__/common/src/rtt_input.c.obj (__aeabi_uldivmod)
/usr/bin/../lib/gcc/arm-none-eabi/7.2.1/thumb/v7e-m/fpv4-sp/hard/libgcc.a(_udivmoddi4.o)
                              /usr/bin/../lib/gcc/arm-none-eabi/7.2.1/thumb/v7e-m/fpv4-sp/hard/libgcc.a(_aeabi_ldivmod.o) (__udivmoddi4)
/usr/bin/../lib/gcc/arm-none-eabi/7.2.1/thumb/v7e-m/fpv4-sp/hard/libgcc.a(_dvmd_tls.o)
                              /usr/bin/../lib/gcc/arm-none-eabi/7.2.1/thumb/v7e-m/fpv4-sp/hard/libgcc.a(_aeabi_ldivmod.o) (__aeabi_ldiv0)
/usr/bin/../lib/gcc/arm-none-eabi/7.2.1/../../../../arm-none-eabi/lib/thumb/v7e-m/fpv4-sp/hard/libg_nano.a(lib_a-exit.o)
                              /usr/bin/../lib/gcc/arm-none-eabi/7.2.1/../../../../arm-none-eabi/lib/thumb/v7e-m/fpv4-sp/hard/crt0.o (exit)
/usr/bin/../lib/gcc/arm-none-eabi/7.2.1/../../../../arm-none-eabi/lib/thumb/v7e-m/fpv4-sp/hard/libg_nano.a(lib_a-impure.o)
                              /usr/bin/../lib/gcc/arm-none-eabi/7.2.1/../../../../arm-none-eabi/lib/thumb/v7e-m/fpv4-sp/hard/libg_nano.a(lib_a-exit.o) (_global_impure_ptr)
/usr/bin/../lib/gcc/arm-none-eabi/7.2.1/../../../../arm-none-eabi/lib/thumb/v7e-m/fpv4-sp/hard/libg_nano.a(lib_a-init.o)
                              /usr/bin/../lib/gcc/arm-none-eabi/7.2.1/../../../../arm-none-eabi/lib/thumb/v7e-m/fpv4-sp/hard/crt0.o (__libc_init_array)
/usr/bin/../lib/gcc/arm-none-eabi/7.2.1/../../../../arm-none-eabi/lib/thumb/v7e-m/fpv4-sp/hard/libg_nano.a(lib_a-malloc.o)
                              CMakeFiles/enocean_switch_nrf52840_xxAA_s140_6.0.0.dir/__/__/mesh/core/src/transport.c.obj (malloc)
/usr/bin/../lib/gcc/arm-none-eabi/7.2.1/../../../../arm-none-eabi/lib/thumb/v7e-m/fpv4-sp/hard/libg_nano.a(lib_a-memcmp.o)
                              CMakeFiles/enocean_switch_nrf52840_xxAA_s140_6.0.0.dir/src/enocean.c.obj (memcmp)
/usr/bin/../lib/gcc/arm-none-eabi/7.2.1/../../../../arm-none-eabi/lib/thumb/v7e-m/fpv4-sp/hard/libg_nano.a(lib_a-memcpy-stub.o)
                              CMakeFiles/enocean_switch_nrf52840_xxAA_s140_6.0.0.dir/src/main.c.obj (memcpy)
/usr/bin/../lib/gcc/arm-none-eabi/7.2.1/../../../../arm-none-eabi/lib/thumb/v7e-m/fpv4-sp/hard/libg_nano.a(lib_a-memset.o)
                              /usr/bin/../lib/gcc/arm-none-eabi/7.2.1/../../../../arm-none-eabi/lib/thumb/v7e-m/fpv4-sp/hard/crt0.o (memset)
/usr/bin/../lib/gcc/arm-none-eabi/7.2.1/../../../../arm-none-eabi/lib/thumb/v7e-m/fpv4-sp/hard/libg_nano.a(lib_a-nano-freer.o)
                              /usr/bin/../lib/gcc/arm-none-eabi/7.2.1/../../../../arm-none-eabi/lib/thumb/v7e-m/fpv4-sp/hard/libg_nano.a(lib_a-malloc.o) (_free_r)
/usr/bin/../lib/gcc/arm-none-eabi/7.2.1/../../../../arm-none-eabi/lib/thumb/v7e-m/fpv4-sp/hard/libg_nano.a(lib_a-nano-mallocr.o)
                              /usr/bin/../lib/gcc/arm-none-eabi/7.2.1/../../../../arm-none-eabi/lib/thumb/v7e-m/fpv4-sp/hard/libg_nano.a(lib_a-malloc.o) (_malloc_r)
/usr/bin/../lib/gcc/arm-none-eabi/7.2.1/../../../../arm-none-eabi/lib/thumb/v7e-m/fpv4-sp/hard/libg_nano.a(lib_a-sbrkr.o)
                              /usr/bin/../lib/gcc/arm-none-eabi/7.2.1/../../../../arm-none-eabi/lib/thumb/v7e-m/fpv4-sp/hard/libg_nano.a(lib_a-nano-mallocr.o) (_sbrk_r)
/usr/bin/../lib/gcc/arm-none-eabi/7.2.1/../../../../arm-none-eabi/lib/thumb/v7e-m/fpv4-sp/hard/libg_nano.a(lib_a-strcpy.o)
                              ../../external/rtt/librtt_nrf52840_xxAA.a(SEGGER_RTT.c.obj) (strcpy)
/usr/bin/../lib/gcc/arm-none-eabi/7.2.1/../../../../arm-none-eabi/lib/thumb/v7e-m/fpv4-sp/hard/libg_nano.a(lib_a-strlen.o)
                              CMakeFiles/enocean_switch_nrf52840_xxAA_s140_6.0.0.dir/__/__/mesh/core/src/uri.c.obj (strlen)
/usr/bin/../lib/gcc/arm-none-eabi/7.2.1/../../../../arm-none-eabi/lib/thumb/v7e-m/fpv4-sp/hard/libg_nano.a(lib_a-strrchr.o)
                              CMakeFiles/enocean_switch_nrf52840_xxAA_s140_6.0.0.dir/src/main.c.obj (strrchr)
[...]
Memory Configuration

Name             Origin             Length             Attributes
FLASH            0x0000000000026000 0x00000000000d1000 xr
RAM              0x00000000200032c8 0x000000000003ca38 xrw
*default*        0x0000000000000000 0xffffffffffffffff

Linker script and memory map


.text           0x0000000000026000    0x20868
 *(.isr_vector)
 .isr_vector    0x0000000000026000      0x200 CMakeFiles/enocean_switch_nrf52840_xxAA_s140_6.0.0.dir/home/mazzer/work/nordic/sdk/nRF5_SDK_15.0.0/modules/nrfx/mdk/gcc_startup_nrf52840.S.obj
                0x0000000000026000                __isr_vector
 *(.text*)
 .text          0x0000000000026200       0x40 /usr/bin/../lib/gcc/arm-none-eabi/7.2.1/thumb/v7e-m/fpv4-sp/hard/crtbegin.o
 .text          0x0000000000026240       0x74 /usr/bin/../lib/gcc/arm-none-eabi/7.2.1/../../../../arm-none-eabi/lib/thumb/v7e-m/fpv4-sp/hard/crt0.o
                0x0000000000026240                _mainCRTStartup
                0x0000000000026240                _start
 .text.sd_app_evt_wait
                0x00000000000262b4        0x4 CMakeFiles/enocean_switch_nrf52840_xxAA_s140_6.0.0.dir/src/main.c.obj
 .text.provisioning_complete_cb
                0x00000000000262b8       0xe8 CMakeFiles/enocean_switch_nrf52840_xxAA_s140_6.0.0.dir/src/main.c.obj
 .text.app_data_store_try
                0x00000000000263a0      0x130 CMakeFiles/enocean_switch_nrf52840_xxAA_s140_6.0.0.dir/src/main.c.obj
 .text.button_event_handler
                0x00000000000264d0      0x104 CMakeFiles/enocean_switch_nrf52840_xxAA_s140_6.0.0.dir/src/main.c.obj
 .text.app_enocean_cb
                0x00000000000265d4      0x3f8 CMakeFiles/enocean_switch_nrf52840_xxAA_s140_6.0.0.dir/src/main.c.obj
 .text.rx_callback
                0x00000000000269cc        0x4 CMakeFiles/enocean_switch_nrf52840_xxAA_s140_6.0.0.dir/src/main.c.obj
 .text.models_init_cb
                0x00000000000269d0       0xb4 CMakeFiles/enocean_switch_nrf52840_xxAA_s140_6.0.0.dir/src/main.c.obj
 .text.client_status_cb
                0x0000000000026a84       0xd0 CMakeFiles/enocean_switch_nrf52840_xxAA_s140_6.0.0.dir/src/main.c.obj
 .text.app_mesh_core_event_cb
                0x0000000000026b54      0x188 CMakeFiles/enocean_switch_nrf52840_xxAA_s140_6.0.0.dir/src/main.c.obj
 .text.config_server_evt_cb
                0x0000000000026cdc       0x8c CMakeFiles/enocean_switch_nrf52840_xxAA_s140_6.0.0.dir/src/main.c.obj
 .text.app_rtt_input_handler
                0x0000000000026d68      0x108 CMakeFiles/enocean_switch_nrf52840_xxAA_s140_6.0.0.dir/src/main.c.obj
 .text.startup.main
                0x0000000000026e70      0x3ec CMakeFiles/enocean_switch_nrf52840_xxAA_s140_6.0.0.dir/src/main.c.obj
                0x0000000000026e70                main
 .text.enocean_packet_process
                0x000000000002725c      0x440 CMakeFiles/enocean_switch_nrf52840_xxAA_s140_6.0.0.dir/src/enocean.c.obj
                0x000000000002725c                enocean_packet_process
 .text.enocean_secmat_add
                0x000000000002769c       0x2c CMakeFiles/enocean_switch_nrf52840_xxAA_s140_6.0.0.dir/src/enocean.c.obj
                0x000000000002769c                enocean_secmat_add
 .text.enocean_translator_init
                0x00000000000276c8       0x1c CMakeFiles/enocean_switch_nrf52840_xxAA_s140_6.0.0.dir/src/enocean.c.obj
                0x00000000000276c8                enocean_translator_init
 .text.flash_manager_mem_available
                0x00000000000276e4       0x80 CMakeFiles/enocean_switch_nrf52840_xxAA_s140_6.0.0.dir/src/flash_helper.c.obj
 .text.flash_invalidate_complete
                0x0000000000027764       0x10 CMakeFiles/enocean_switch_nrf52840_xxAA_s140_6.0.0.dir/src/flash_helper.c.obj
 .text.flash_write_complete
                0x0000000000027774       0x98 CMakeFiles/enocean_switch_nrf52840_xxAA_s140_6.0.0.dir/src/flash_helper.c.obj
 .text.flash_reset
                0x000000000002780c       0x8c CMakeFiles/enocean_switch_nrf52840_xxAA_s140_6.0.0.dir/src/flash_helper.c.obj
 .text.app_flash_init
                0x0000000000027898       0xb8 CMakeFiles/enocean_switch_nrf52840_xxAA_s140_6.0.0.dir/src/flash_helper.c.obj
                0x0000000000027898                app_flash_init
 .text.flash_remove_complete
                0x0000000000027950       0x70 CMakeFiles/enocean_switch_nrf52840_xxAA_s140_6.0.0.dir/src/flash_helper.c.obj
 .text.app_flash_data_load
                0x00000000000279c0       0x44 CMakeFiles/enocean_switch_nrf52840_xxAA_s140_6.0.0.dir/src/flash_helper.c.obj
                0x00000000000279c0                app_flash_data_load
 .text.app_flash_data_store
                0x0000000000027a04       0xb4 CMakeFiles/enocean_switch_nrf52840_xxAA_s140_6.0.0.dir/src/flash_helper.c.obj
                0x0000000000027a04                app_flash_data_store
 .text.app_flash_clear
                0x0000000000027ab8       0x94 CMakeFiles/enocean_switch_nrf52840_xxAA_s140_6.0.0.dir/src/flash_helper.c.obj
                0x0000000000027ab8                app_flash_clear
 .text.mesh_evt_handler
                0x0000000000027b4c       0x10 CMakeFiles/enocean_switch_nrf52840_xxAA_s140_6.0.0.dir/__/__/mesh/stack/src/mesh_stack.c.obj
 .text.mesh_stack_init
                0x0000000000027b5c       0x90 CMakeFiles/enocean_switch_nrf52840_xxAA_s140_6.0.0.dir/__/__/mesh/stack/src/mesh_stack.c.obj
                0x0000000000027b5c                mesh_stack_init
 .text.mesh_stack_start
                0x0000000000027bec        0x4 CMakeFiles/enocean_switch_nrf52840_xxAA_s140_6.0.0.dir/__/__/mesh/stack/src/mesh_stack.c.obj
                0x0000000000027bec                mesh_stack_start
 .text.mesh_stack_provisioning_data_store
                0x0000000000027bf0       0x78 CMakeFiles/enocean_switch_nrf52840_xxAA_s140_6.0.0.dir/__/__/mesh/stack/src/mesh_stack.c.obj
                0x0000000000027bf0                mesh_stack_provisioning_data_store
 .text.mesh_stack_config_clear
                0x0000000000027c68       0x14 CMakeFiles/enocean_switch_nrf52840_xxAA_s140_6.0.0.dir/__/__/mesh/stack/src/mesh_stack.c.obj
                0x0000000000027c68                mesh_stack_config_clear
 .text.mesh_stack_device_reset
                0x0000000000027c7c       0x20 CMakeFiles/enocean_switch_nrf52840_xxAA_s140_6.0.0.dir/__/__/mesh/stack/src/mesh_stack.c.obj
                0x0000000000027c7c                mesh_stack_device_reset
 .text.sd_evt_get
                0x0000000000027c9c        0x4 CMakeFiles/enocean_switch_nrf52840_xxAA_s140_6.0.0.dir/__/common/src/mesh_softdevice_init.c.obj
 .text.sd_softdevice_enable
                0x0000000000027ca0        0x4 CMakeFiles/enocean_switch_nrf52840_xxAA_s140_6.0.0.dir/__/common/src/mesh_softdevice_init.c.obj
 .text.sd_ble_enable
                0x0000000000027ca4        0x4 CMakeFiles/enocean_switch_nrf52840_xxAA_s140_6.0.0.dir/__/common/src/mesh_softdevice_init.c.obj
 .text.SWI2_EGU2_IRQHandler
                0x0000000000027ca8       0x1c CMakeFiles/enocean_switch_nrf52840_xxAA_s140_6.0.0.dir/__/common/src/mesh_softdevice_init.c.obj
                0x0000000000027ca8                SWI2_EGU2_IRQHandler
 .text.mesh_softdevice_init
                0x0000000000027cc4      0x1f8 CMakeFiles/enocean_switch_nrf52840_xxAA_s140_6.0.0.dir/__/common/src/mesh_softdevice_init.c.obj
                0x0000000000027cc4                mesh_softdevice_init
 .text.prov_evt_handler
                0x0000000000027ebc       0x70 CMakeFiles/enocean_switch_nrf52840_xxAA_s140_6.0.0.dir/__/common/src/mesh_provisionee.c.obj
 .text.mesh_provisionee_prov_start
                0x0000000000027f2c       0x88 CMakeFiles/enocean_switch_nrf52840_xxAA_s140_6.0.0.dir/__/common/src/mesh_provisionee.c.obj
                0x0000000000027f2c                mesh_provisionee_prov_start
 .text.TIMER2_IRQHandler
                0x0000000000027fb4       0x3c CMakeFiles/enocean_switch_nrf52840_xxAA_s140_6.0.0.dir/__/common/src/rtt_input.c.obj
                0x0000000000027fb4                TIMER2_IRQHandler
 .text.rtt_input_enable
                0x0000000000027ff0       0x5c CMakeFiles/enocean_switch_nrf52840_xxAA_s140_6.0.0.dir/__/common/src/rtt_input.c.obj
                0x0000000000027ff0                rtt_input_enable
 .text.hal_led_pin_set
                0x000000000002804c       0x18 CMakeFiles/enocean_switch_nrf52840_xxAA_s140_6.0.0.dir/__/common/src/simple_hal.c.obj
                0x000000000002804c                hal_led_pin_set
 .text.hal_led_mask_set
                0x0000000000028064       0x14 CMakeFiles/enocean_switch_nrf52840_xxAA_s140_6.0.0.dir/__/common/src/simple_hal.c.obj
                0x0000000000028064                hal_led_mask_set
 .text.hal_led_blink_ms
                0x0000000000028078       0x50 CMakeFiles/enocean_switch_nrf52840_xxAA_s140_6.0.0.dir/__/common/src/simple_hal.c.obj
                0x0000000000028078                hal_led_blink_ms
 .text.hal_leds_init
                0x00000000000280c8       0x3c CMakeFiles/enocean_switch_nrf52840_xxAA_s140_6.0.0.dir/__/common/src/simple_hal.c.obj
                0x00000000000280c8                hal_leds_init
 .text.hal_buttons_init
                0x0000000000028104       0x54 CMakeFiles/enocean_switch_nrf52840_xxAA_s140_6.0.0.dir/__/common/src/simple_hal.c.obj
                0x0000000000028104                hal_buttons_init
 .text.GPIOTE_IRQHandler
                0x0000000000028158       0x70 CMakeFiles/enocean_switch_nrf52840_xxAA_s140_6.0.0.dir/__/common/src/simple_hal.c.obj
                0x0000000000028158                GPIOTE_IRQHandler
 .text._weak_handler
                0x00000000000281c8        0x4 CMakeFiles/enocean_switch_nrf52840_xxAA_s140_6.0.0.dir/__/nrf_mesh_weak.c.obj
                0x00000000000281c8                nrf_mesh_dfu_init
                0x00000000000281c8                nrf_mesh_dfu_jump_to_bootloader
                0x00000000000281c8                nrf_mesh_dfu_rx
                0x00000000000281c8                prov_provisioner_provision
                0x00000000000281c8                nrf_mesh_dfu_bank_info_get
                0x00000000000281c8                prov_provisioner_oob_pubkey
                0x00000000000281c8                nrf_mesh_dfu_request
                0x00000000000281c8                nrf_mesh_dfu_bank_flash
                0x00000000000281c8                _weak_handler
                0x00000000000281c8                nrf_mesh_dfu_relay
                0x00000000000281c8                nrf_mesh_dfu_abort
                0x00000000000281c8                mesh_flash_op_execute
                0x00000000000281c8                prov_provisionee_init
                0x00000000000281c8                nrf_mesh_dfu_state_get
                0x00000000000281c8                prov_provisioner_shared_secret
                0x00000000000281c8                prov_provisioner_auth_data
                0x00000000000281c8                prov_provisioner_oob_use
 .text.app_error_fault_handler
                0x00000000000281cc      0x238 CMakeFiles/enocean_switch_nrf52840_xxAA_s140_6.0.0.dir/__/common/src/app_error_weak.c.obj
                0x00000000000281cc                app_error_fault_handler
 .text.mesh_assertion_handler
                0x0000000000028404       0x24 CMakeFiles/enocean_switch_nrf52840_xxAA_s140_6.0.0.dir/__/common/src/assertion_handler_weak.c.obj
                0x0000000000028404                mesh_assertion_handler
 .text.nrf_mesh_configure_device_uuid_set
                0x0000000000028428       0x10 CMakeFiles/enocean_switch_nrf52840_xxAA_s140_6.0.0.dir/__/__/mesh/core/src/nrf_mesh_configure.c.obj
                0x0000000000028428                nrf_mesh_configure_device_uuid_set
 .text.nrf_mesh_configure_device_uuid_reset
                0x0000000000028438       0x2c CMakeFiles/enocean_switch_nrf52840_xxAA_s140_6.0.0.dir/__/__/mesh/core/src/nrf_mesh_configure.c.obj
                0x0000000000028438                nrf_mesh_configure_device_uuid_reset
 .text.nrf_mesh_configure_device_uuid_get
                0x0000000000028464        0x8 CMakeFiles/enocean_switch_nrf52840_xxAA_s140_6.0.0.dir/__/__/mesh/core/src/nrf_mesh_configure.c.obj
                0x0000000000028464                nrf_mesh_configure_device_uuid_get
 .text.sd_ecb_block_encrypt
                0x000000000002846c        0x4 CMakeFiles/enocean_switch_nrf52840_xxAA_s140_6.0.0.dir/__/__/mesh/core/src/aes.c.obj
 .text.aes_encrypt
                0x0000000000028470       0x34 CMakeFiles/enocean_switch_nrf52840_xxAA_s140_6.0.0.dir/__/__/mesh/core/src/aes.c.obj
                0x0000000000028470                aes_encrypt
 .text.msg_cache_init
                0x00000000000284a4       0x24 CMakeFiles/enocean_switch_nrf52840_xxAA_s140_6.0.0.dir/__/__/mesh/core/src/msg_cache.c.obj
                0x00000000000284a4                msg_cache_init
 .text.msg_cache_entry_exists
                0x00000000000284c8       0x40 CMakeFiles/enocean_switch_nrf52840_xxAA_s140_6.0.0.dir/__/__/mesh/core/src/msg_cache.c.obj
                0x00000000000284c8                msg_cache_entry_exists
 .text.msg_cache_entry_add
                0x0000000000028508       0x2c CMakeFiles/enocean_switch_nrf52840_xxAA_s140_6.0.0.dir/__/__/mesh/core/src/msg_cache.c.obj
                0x0000000000028508                msg_cache_entry_add
 .text.tx_complete
                0x0000000000028534       0x30 CMakeFiles/enocean_switch_nrf52840_xxAA_s140_6.0.0.dir/__/__/mesh/core/src/transport.c.obj
 .text.upper_trs_packet_encrypt
                0x0000000000028564       0xa8 CMakeFiles/enocean_switch_nrf52840_xxAA_s140_6.0.0.dir/__/__/mesh/core/src/transport.c.obj
 .text.trs_sar_packet_out
                0x000000000002860c      0x19c CMakeFiles/enocean_switch_nrf52840_xxAA_s140_6.0.0.dir/__/__/mesh/core/src/transport.c.obj
 .text.upper_transport_access_packet_in
                0x00000000000287a8      0x33c CMakeFiles/enocean_switch_nrf52840_xxAA_s140_6.0.0.dir/__/__/mesh/core/src/transport.c.obj
 .text.sar_ctx_cancel
                0x0000000000028ae4      0x148 CMakeFiles/enocean_switch_nrf52840_xxAA_s140_6.0.0.dir/__/__/mesh/core/src/transport.c.obj
 .text.retry_timeout
                0x0000000000028c2c       0x98 CMakeFiles/enocean_switch_nrf52840_xxAA_s140_6.0.0.dir/__/__/mesh/core/src/transport.c.obj
 .text.upper_transport_packet_in
                0x0000000000028cc4      0x2a4 CMakeFiles/enocean_switch_nrf52840_xxAA_s140_6.0.0.dir/__/__/mesh/core/src/transport.c.obj
 .text.upper_transport_tx.part.27
                0x0000000000028f68      0x370 CMakeFiles/enocean_switch_nrf52840_xxAA_s140_6.0.0.dir/__/__/mesh/core/src/transport.c.obj
 .text.sar_ack_send.part.31
                0x00000000000292d8       0xd4 CMakeFiles/enocean_switch_nrf52840_xxAA_s140_6.0.0.dir/__/__/mesh/core/src/transport.c.obj
 .text.transport_sar_process
                0x00000000000293ac      0x274 CMakeFiles/enocean_switch_nrf52840_xxAA_s140_6.0.0.dir/__/__/mesh/core/src/transport.c.obj
 .text.abort_timeout
                0x0000000000029620      0x138 CMakeFiles/enocean_switch_nrf52840_xxAA_s140_6.0.0.dir/__/__/mesh/core/src/transport.c.obj
 .text.ack_timeout
                0x0000000000029758       0xf8 CMakeFiles/enocean_switch_nrf52840_xxAA_s140_6.0.0.dir/__/__/mesh/core/src/transport.c.obj
 .text.transport_init
                0x0000000000029850       0xac CMakeFiles/enocean_switch_nrf52840_xxAA_s140_6.0.0.dir/__/__/mesh/core/src/transport.c.obj
                0x0000000000029850                transport_init
 .text.transport_packet_in
                0x00000000000298fc      0x778 CMakeFiles/enocean_switch_nrf52840_xxAA_s140_6.0.0.dir/__/__/mesh/core/src/transport.c.obj
                0x00000000000298fc                transport_packet_in
 .text.transport_tx
                0x000000000002a074       0xec CMakeFiles/enocean_switch_nrf52840_xxAA_s140_6.0.0.dir/__/__/mesh/core/src/transport.c.obj
                0x000000000002a074                transport_tx
 .text.transport_control_tx
                0x000000000002a160       0xc4 CMakeFiles/enocean_switch_nrf52840_xxAA_s140_6.0.0.dir/__/__/mesh/core/src/transport.c.obj
                0x000000000002a160                transport_control_tx
 .text.transport_opt_set
                0x000000000002a224       0xdc CMakeFiles/enocean_switch_nrf52840_xxAA_s140_6.0.0.dir/__/__/mesh/core/src/transport.c.obj
                0x000000000002a224                transport_opt_set
 .text.transport_opt_get
                0x000000000002a300       0x84 CMakeFiles/enocean_switch_nrf52840_xxAA_s140_6.0.0.dir/__/__/mesh/core/src/transport.c.obj
                0x000000000002a300                transport_opt_get
 .text.transport_control_packet_consumer_add
                0x000000000002a384       0x68 CMakeFiles/enocean_switch_nrf52840_xxAA_s140_6.0.0.dir/__/__/mesh/core/src/transport.c.obj
                0x000000000002a384                transport_control_packet_consumer_add
 .text.event_handle
                0x000000000002a3ec       0x28 CMakeFiles/enocean_switch_nrf52840_xxAA_s140_6.0.0.dir/__/__/mesh/core/src/event.c.obj
                0x000000000002a3ec                event_handle
 .text.event_handler_add
                0x000000000002a414       0x28 CMakeFiles/enocean_switch_nrf52840_xxAA_s140_6.0.0.dir/__/__/mesh/core/src/event.c.obj
                0x000000000002a414                event_handler_add
 .text.event_handler_remove
                0x000000000002a43c       0x28 CMakeFiles/enocean_switch_nrf52840_xxAA_s140_6.0.0.dir/__/__/mesh/core/src/event.c.obj
                0x000000000002a43c                event_handler_remove
 .text.packet_buffer_init
                0x000000000002a464       0xb4 CMakeFiles/enocean_switch_nrf52840_xxAA_s140_6.0.0.dir/__/__/mesh/core/src/packet_buffer.c.obj
                0x000000000002a464                packet_buffer_init
 .text.packet_buffer_flush
                0x000000000002a518       0x6c CMakeFiles/enocean_switch_nrf52840_xxAA_s140_6.0.0.dir/__/__/mesh/core/src/packet_buffer.c.obj
                0x000000000002a518                packet_buffer_flush
 .text.packet_buffer_reserve
                0x000000000002a584       0xa4 CMakeFiles/enocean_switch_nrf52840_xxAA_s140_6.0.0.dir/__/__/mesh/core/src/packet_buffer.c.obj
                0x000000000002a584                packet_buffer_reserve
 .text.packet_buffer_commit
                0x000000000002a628       0x7c CMakeFiles/enocean_switch_nrf52840_xxAA_s140_6.0.0.dir/__/__/mesh/core/src/packet_buffer.c.obj
                0x000000000002a628                packet_buffer_commit
 .text.packet_buffer_pop
                0x000000000002a6a4       0x44 CMakeFiles/enocean_switch_nrf52840_xxAA_s140_6.0.0.dir/__/__/mesh/core/src/packet_buffer.c.obj
                0x000000000002a6a4                packet_buffer_pop
 .text.packet_buffer_can_pop
                0x000000000002a6e8       0x24 CMakeFiles/enocean_switch_nrf52840_xxAA_s140_6.0.0.dir/__/__/mesh/core/src/packet_buffer.c.obj
                0x000000000002a6e8                packet_buffer_can_pop
 .text.packet_buffer_packets_ready_to_pop
                0x000000000002a70c       0x5c CMakeFiles/enocean_switch_nrf52840_xxAA_s140_6.0.0.dir/__/__/mesh/core/src/packet_buffer.c.obj
                0x000000000002a70c                packet_buffer_packets_ready_to_pop
 .text.packet_buffer_free
                0x000000000002a768       0x8c CMakeFiles/enocean_switch_nrf52840_xxAA_s140_6.0.0.dir/__/__/mesh/core/src/packet_buffer.c.obj
                0x000000000002a768                packet_buffer_free
 .text.erase_source
                0x000000000002a7f4       0x34 CMakeFiles/enocean_switch_nrf52840_xxAA_s140_6.0.0.dir/__/__/mesh/core/src/flash_manager_defrag.c.obj
 .text.erase_recovery_area
                0x000000000002a828       0x34 CMakeFiles/enocean_switch_nrf52840_xxAA_s140_6.0.0.dir/__/__/mesh/core/src/flash_manager_defrag.c.obj
 .text.write_back
                0x000000000002a85c       0x44 CMakeFiles/enocean_switch_nrf52840_xxAA_s140_6.0.0.dir/__/__/mesh/core/src/flash_manager_defrag.c.obj
 .text.write_defrag_start_pointer
                0x000000000002a8a0       0x38 CMakeFiles/enocean_switch_nrf52840_xxAA_s140_6.0.0.dir/__/__/mesh/core/src/flash_manager_defrag.c.obj
 .text.copy_metadata
                0x000000000002a8d8       0x58 CMakeFiles/enocean_switch_nrf52840_xxAA_s140_6.0.0.dir/__/__/mesh/core/src/flash_manager_defrag.c.obj
 .text.seal_storage_page
                0x000000000002a930       0x70 CMakeFiles/enocean_switch_nrf52840_xxAA_s140_6.0.0.dir/__/__/mesh/core/src/flash_manager_defrag.c.obj
 .text.post_process
                0x000000000002a9a0       0x64 CMakeFiles/enocean_switch_nrf52840_xxAA_s140_6.0.0.dir/__/__/mesh/core/src/flash_manager_defrag.c.obj
 .text.check_for_invalid_entries
                0x000000000002aa04       0x40 CMakeFiles/enocean_switch_nrf52840_xxAA_s140_6.0.0.dir/__/__/mesh/core/src/flash_manager_defrag.c.obj
 .text.execute_procedure_step
                0x000000000002aa44       0x98 CMakeFiles/enocean_switch_nrf52840_xxAA_s140_6.0.0.dir/__/__/mesh/core/src/flash_manager_defrag.c.obj
 .text.on_flash_op_end
                0x000000000002aadc       0x48 CMakeFiles/enocean_switch_nrf52840_xxAA_s140_6.0.0.dir/__/__/mesh/core/src/flash_manager_defrag.c.obj
 .text.invalidate_duplicate_entries
                0x000000000002ab24      0x150 CMakeFiles/enocean_switch_nrf52840_xxAA_s140_6.0.0.dir/__/__/mesh/core/src/flash_manager_defrag.c.obj
 .text.backup_entries
                0x000000000002ac74      0x1c8 CMakeFiles/enocean_switch_nrf52840_xxAA_s140_6.0.0.dir/__/__/mesh/core/src/flash_manager_defrag.c.obj
 .text.flash_manager_defrag_init
                0x000000000002ae3c       0x6c CMakeFiles/enocean_switch_nrf52840_xxAA_s140_6.0.0.dir/__/__/mesh/core/src/flash_manager_defrag.c.obj
                0x000000000002ae3c                flash_manager_defrag_init
 .text.flash_manager_defrag_is_running
                0x000000000002aea8       0x10 CMakeFiles/enocean_switch_nrf52840_xxAA_s140_6.0.0.dir/__/__/mesh/core/src/flash_manager_defrag.c.obj
                0x000000000002aea8                flash_manager_defrag_is_running
 .text.flash_manager_defrag
                0x000000000002aeb8       0x48 CMakeFiles/enocean_switch_nrf52840_xxAA_s140_6.0.0.dir/__/__/mesh/core/src/flash_manager_defrag.c.obj
                0x000000000002aeb8                flash_manager_defrag
 .text.flash_manager_defrag_recovery_page_get
                0x000000000002af00        0xc CMakeFiles/enocean_switch_nrf52840_xxAA_s140_6.0.0.dir/__/__/mesh/core/src/flash_manager_defrag.c.obj
                0x000000000002af00                flash_manager_defrag_recovery_page_get
 .text.fifo_init
                0x000000000002af0c       0x38 CMakeFiles/enocean_switch_nrf52840_xxAA_s140_6.0.0.dir/__/__/mesh/core/src/fifo.c.obj
                0x000000000002af0c                fifo_init
 .text.fifo_push
                0x000000000002af44       0x60 CMakeFiles/enocean_switch_nrf52840_xxAA_s140_6.0.0.dir/__/__/mesh/core/src/fifo.c.obj
                0x000000000002af44                fifo_push
 .text.fifo_pop
                0x000000000002afa4       0x5c CMakeFiles/enocean_switch_nrf52840_xxAA_s140_6.0.0.dir/__/__/mesh/core/src/fifo.c.obj
                0x000000000002afa4                fifo_pop
 .text.nrf_flash_erase
                0x000000000002b000       0x5c CMakeFiles/enocean_switch_nrf52840_xxAA_s140_6.0.0.dir/__/__/mesh/core/src/nrf_flash.c.obj
                0x000000000002b000                nrf_flash_erase
 .text.nrf_flash_write
                0x000000000002b05c       0x70 CMakeFiles/enocean_switch_nrf52840_xxAA_s140_6.0.0.dir/__/__/mesh/core/src/nrf_flash.c.obj
                0x000000000002b05c                nrf_flash_write
 .text.packet_mgr_init
                0x000000000002b0cc       0x48 CMakeFiles/enocean_switch_nrf52840_xxAA_s140_6.0.0.dir/__/__/mesh/core/src/packet_mgr.c.obj
                0x000000000002b0cc                packet_mgr_init
 .text.flash_store_iv_index
                0x000000000002b114       0x38 CMakeFiles/enocean_switch_nrf52840_xxAA_s140_6.0.0.dir/__/__/mesh/core/src/net_state.c.obj
 .text.flash_mem_available
                0x000000000002b14c       0x1c CMakeFiles/enocean_switch_nrf52840_xxAA_s140_6.0.0.dir/__/__/mesh/core/src/net_state.c.obj
 .text.init_flash_storage
                0x000000000002b168       0x44 CMakeFiles/enocean_switch_nrf52840_xxAA_s140_6.0.0.dir/__/__/mesh/core/src/net_state.c.obj
 .text.flash_write_complete
                0x000000000002b1ac       0x6c CMakeFiles/enocean_switch_nrf52840_xxAA_s140_6.0.0.dir/__/__/mesh/core/src/net_state.c.obj
 .text.seqnum_block_allocate
                0x000000000002b218       0x4c CMakeFiles/enocean_switch_nrf52840_xxAA_s140_6.0.0.dir/__/__/mesh/core/src/net_state.c.obj
 .text.net_state_reset
                0x000000000002b264       0x78 CMakeFiles/enocean_switch_nrf52840_xxAA_s140_6.0.0.dir/__/__/mesh/core/src/net_state.c.obj
                0x000000000002b264                net_state_reset
 .text.iv_update_trigger_if_pending
                0x000000000002b2dc      0x174 CMakeFiles/enocean_switch_nrf52840_xxAA_s140_6.0.0.dir/__/__/mesh/core/src/net_state.c.obj
 .text.iv_update_timer_handler
                0x000000000002b450       0x70 CMakeFiles/enocean_switch_nrf52840_xxAA_s140_6.0.0.dir/__/__/mesh/core/src/net_state.c.obj
 .text.mesh_evt_handler
                0x000000000002b4c0      0x104 CMakeFiles/enocean_switch_nrf52840_xxAA_s140_6.0.0.dir/__/__/mesh/core/src/net_state.c.obj
 .text.net_state_recover_from_flash
                0x000000000002b5c4      0x118 CMakeFiles/enocean_switch_nrf52840_xxAA_s140_6.0.0.dir/__/__/mesh/core/src/net_state.c.obj
                0x000000000002b5c4                net_state_recover_from_flash
 .text.net_state_flash_area_get
                0x000000000002b6dc        0xc CMakeFiles/enocean_switch_nrf52840_xxAA_s140_6.0.0.dir/__/__/mesh/core/src/net_state.c.obj
                0x000000000002b6dc                net_state_flash_area_get
 .text.net_state_init
                0x000000000002b6e8       0x94 CMakeFiles/enocean_switch_nrf52840_xxAA_s140_6.0.0.dir/__/__/mesh/core/src/net_state.c.obj
                0x000000000002b6e8                net_state_init
 .text.net_state_seqnum_alloc
                0x000000000002b77c       0xd0 CMakeFiles/enocean_switch_nrf52840_xxAA_s140_6.0.0.dir/__/__/mesh/core/src/net_state.c.obj
                0x000000000002b77c                net_state_seqnum_alloc
 .text.net_state_iv_index_lock
                0x000000000002b84c      0x188 CMakeFiles/enocean_switch_nrf52840_xxAA_s140_6.0.0.dir/__/__/mesh/core/src/net_state.c.obj
                0x000000000002b84c                net_state_iv_index_lock
 .text.net_state_key_refresh_phase_changed
                0x000000000002b9d4       0x20 CMakeFiles/enocean_switch_nrf52840_xxAA_s140_6.0.0.dir/__/__/mesh/core/src/net_state.c.obj
                0x000000000002b9d4                net_state_key_refresh_phase_changed
 .text.net_state_beacon_iv_index_get
                0x000000000002b9f4        0xc CMakeFiles/enocean_switch_nrf52840_xxAA_s140_6.0.0.dir/__/__/mesh/core/src/net_state.c.obj
                0x000000000002b9f4                net_state_beacon_iv_index_get
 .text.net_state_tx_iv_index_get
                0x000000000002ba00       0x14 CMakeFiles/enocean_switch_nrf52840_xxAA_s140_6.0.0.dir/__/__/mesh/core/src/net_state.c.obj
                0x000000000002ba00                net_state_tx_iv_index_get
 .text.net_state_rx_iv_index_get
                0x000000000002ba14       0x18 CMakeFiles/enocean_switch_nrf52840_xxAA_s140_6.0.0.dir/__/__/mesh/core/src/net_state.c.obj
                0x000000000002ba14                net_state_rx_iv_index_get
 .text.net_state_iv_update_get
                0x000000000002ba2c        0xc CMakeFiles/enocean_switch_nrf52840_xxAA_s140_6.0.0.dir/__/__/mesh/core/src/net_state.c.obj
                0x000000000002ba2c                net_state_iv_update_get
 .text.net_state_iv_index_set
                0x000000000002ba38       0x88 CMakeFiles/enocean_switch_nrf52840_xxAA_s140_6.0.0.dir/__/__/mesh/core/src/net_state.c.obj
                0x000000000002ba38                net_state_iv_index_set
 .text.send_end_events
                0x000000000002bac0       0x98 CMakeFiles/enocean_switch_nrf52840_xxAA_s140_6.0.0.dir/__/__/mesh/core/src/mesh_flash.c.obj
 .text.flash_op_start
                0x000000000002bb58      0x214 CMakeFiles/enocean_switch_nrf52840_xxAA_s140_6.0.0.dir/__/__/mesh/core/src/mesh_flash.c.obj
 .text.mesh_flash_init
                0x000000000002bd6c       0x78 CMakeFiles/enocean_switch_nrf52840_xxAA_s140_6.0.0.dir/__/__/mesh/core/src/mesh_flash.c.obj
                0x000000000002bd6c                mesh_flash_init
 .text.mesh_flash_user_callback_set
                0x000000000002bde4       0x20 CMakeFiles/enocean_switch_nrf52840_xxAA_s140_6.0.0.dir/__/__/mesh/core/src/mesh_flash.c.obj
                0x000000000002bde4                mesh_flash_user_callback_set
 .text.mesh_flash_op_push
                0x000000000002be04      0x198 CMakeFiles/enocean_switch_nrf52840_xxAA_s140_6.0.0.dir/__/__/mesh/core/src/mesh_flash.c.obj
                0x000000000002be04                mesh_flash_op_push
 .text.nrf_mesh_address_type_get
                0x000000000002bf9c       0x10 CMakeFiles/enocean_switch_nrf52840_xxAA_s140_6.0.0.dir/__/__/mesh/core/src/nrf_mesh_utils.c.obj
                0x000000000002bf9c                nrf_mesh_address_type_get
 .text.sd_softdevice_is_enabled
                0x000000000002bfac        0x4 CMakeFiles/enocean_switch_nrf52840_xxAA_s140_6.0.0.dir/__/__/mesh/core/src/nrf_mesh.c.obj
 .text.nrf_mesh_listen
                0x000000000002bfb0      0x184 CMakeFiles/enocean_switch_nrf52840_xxAA_s140_6.0.0.dir/__/__/mesh/core/src/nrf_mesh.c.obj
 .text.flash_stable_cb
                0x000000000002c134       0x20 CMakeFiles/enocean_switch_nrf52840_xxAA_s140_6.0.0.dir/__/__/mesh/core/src/nrf_mesh.c.obj
 .text.scanner_packet_process_cb
                0x000000000002c154       0x88 CMakeFiles/enocean_switch_nrf52840_xxAA_s140_6.0.0.dir/__/__/mesh/core/src/nrf_mesh.c.obj
 .text.nrf_mesh_init
                0x000000000002c1dc       0xe4 CMakeFiles/enocean_switch_nrf52840_xxAA_s140_6.0.0.dir/__/__/mesh/core/src/nrf_mesh.c.obj
                0x000000000002c1dc                nrf_mesh_init
 .text.nrf_mesh_enable
                0x000000000002c2c0       0x48 CMakeFiles/enocean_switch_nrf52840_xxAA_s140_6.0.0.dir/__/__/mesh/core/src/nrf_mesh.c.obj
                0x000000000002c2c0                nrf_mesh_enable
 .text.nrf_mesh_packet_send
                0x000000000002c308       0x94 CMakeFiles/enocean_switch_nrf52840_xxAA_s140_6.0.0.dir/__/__/mesh/core/src/nrf_mesh.c.obj
                0x000000000002c308                nrf_mesh_packet_send
 .text.nrf_mesh_evt_handler_add
                0x000000000002c39c        0x4 CMakeFiles/enocean_switch_nrf52840_xxAA_s140_6.0.0.dir/__/__/mesh/core/src/nrf_mesh.c.obj
                0x000000000002c39c                nrf_mesh_evt_handler_add
 .text.nrf_mesh_on_sd_evt
                0x000000000002c3a0        0xc CMakeFiles/enocean_switch_nrf52840_xxAA_s140_6.0.0.dir/__/__/mesh/core/src/nrf_mesh.c.obj
                0x000000000002c3a0                nrf_mesh_on_sd_evt
 .text.nrf_mesh_rx_cb_set
                0x000000000002c3ac        0xc CMakeFiles/enocean_switch_nrf52840_xxAA_s140_6.0.0.dir/__/__/mesh/core/src/nrf_mesh.c.obj
                0x000000000002c3ac                nrf_mesh_rx_cb_set
 .text.nrf_mesh_subnet_added
                0x000000000002c3b8        0x4 CMakeFiles/enocean_switch_nrf52840_xxAA_s140_6.0.0.dir/__/__/mesh/core/src/nrf_mesh.c.obj
                0x000000000002c3b8                nrf_mesh_subnet_added
 .text.queue_init
                0x000000000002c3bc       0x1c CMakeFiles/enocean_switch_nrf52840_xxAA_s140_6.0.0.dir/__/__/mesh/core/src/queue.c.obj
                0x000000000002c3bc                queue_init
 .text.queue_push
                0x000000000002c3d8       0x3c CMakeFiles/enocean_switch_nrf52840_xxAA_s140_6.0.0.dir/__/__/mesh/core/src/queue.c.obj
                0x000000000002c3d8                queue_push
 .text.queue_pop
                0x000000000002c414       0x2c CMakeFiles/enocean_switch_nrf52840_xxAA_s140_6.0.0.dir/__/__/mesh/core/src/queue.c.obj
                0x000000000002c414                queue_pop
 .text.queue_peek
                0x000000000002c440       0x14 CMakeFiles/enocean_switch_nrf52840_xxAA_s140_6.0.0.dir/__/__/mesh/core/src/queue.c.obj
                0x000000000002c440                queue_peek
 .text.sd_power_reset_reason_clr
                0x000000000002c454        0x4 CMakeFiles/enocean_switch_nrf52840_xxAA_s140_6.0.0.dir/__/__/mesh/core/src/hal.c.obj
 .text.hal_device_reset
                0x000000000002c458       0x2c CMakeFiles/enocean_switch_nrf52840_xxAA_s140_6.0.0.dir/__/__/mesh/core/src/hal.c.obj
                0x000000000002c458                hal_device_reset
 .text.hal_lfclk_ppm_get
                0x000000000002c484       0x14 CMakeFiles/enocean_switch_nrf52840_xxAA_s140_6.0.0.dir/__/__/mesh/core/src/hal.c.obj
                0x000000000002c484                hal_lfclk_ppm_get
 .text.aes_cmac_subkey_generate
                0x000000000002c498      0x294 CMakeFiles/enocean_switch_nrf52840_xxAA_s140_6.0.0.dir/__/__/mesh/core/src/aes_cmac.c.obj
                0x000000000002c498                aes_cmac_subkey_generate
 .text.aes_cmac
                0x000000000002c72c      0x4b8 CMakeFiles/enocean_switch_nrf52840_xxAA_s140_6.0.0.dir/__/__/mesh/core/src/aes_cmac.c.obj
                0x000000000002c72c                aes_cmac
 .text.timer_cb
                0x000000000002cbe4        0xc CMakeFiles/enocean_switch_nrf52840_xxAA_s140_6.0.0.dir/__/__/mesh/core/src/timer_scheduler.c.obj
 .text.add_evt.constprop.1
                0x000000000002cbf0       0x60 CMakeFiles/enocean_switch_nrf52840_xxAA_s140_6.0.0.dir/__/__/mesh/core/src/timer_scheduler.c.obj
 .text.flag_event_cb
                0x000000000002cc50      0x2f0 CMakeFiles/enocean_switch_nrf52840_xxAA_s140_6.0.0.dir/__/__/mesh/core/src/timer_scheduler.c.obj
 .text.timer_sch_init
                0x000000000002cf40       0x24 CMakeFiles/enocean_switch_nrf52840_xxAA_s140_6.0.0.dir/__/__/mesh/core/src/timer_scheduler.c.obj
                0x000000000002cf40                timer_sch_init
 .text.timer_sch_schedule
                0x000000000002cf64       0x68 CMakeFiles/enocean_switch_nrf52840_xxAA_s140_6.0.0.dir/__/__/mesh/core/src/timer_scheduler.c.obj
                0x000000000002cf64                timer_sch_schedule
 .text.timer_sch_abort
                0x000000000002cfcc       0x5c CMakeFiles/enocean_switch_nrf52840_xxAA_s140_6.0.0.dir/__/__/mesh/core/src/timer_scheduler.c.obj
                0x000000000002cfcc                timer_sch_abort
 .text.timer_sch_reschedule
                0x000000000002d028       0x90 CMakeFiles/enocean_switch_nrf52840_xxAA_s140_6.0.0.dir/__/__/mesh/core/src/timer_scheduler.c.obj
                0x000000000002d028                timer_sch_reschedule
 .text.timer_event_handler
                0x000000000002d0b8       0xd0 CMakeFiles/enocean_switch_nrf52840_xxAA_s140_6.0.0.dir/__/__/mesh/core/src/timer.c.obj
                0x000000000002d0b8                timer_event_handler
 .text.timer_order_cb
                0x000000000002d188       0x9c CMakeFiles/enocean_switch_nrf52840_xxAA_s140_6.0.0.dir/__/__/mesh/core/src/timer.c.obj
                0x000000000002d188                timer_order_cb
 .text.timer_now
                0x000000000002d224       0x58 CMakeFiles/enocean_switch_nrf52840_xxAA_s140_6.0.0.dir/__/__/mesh/core/src/timer.c.obj
                0x000000000002d224                timer_now
 .text.timer_on_ts_begin
                0x000000000002d27c      0x100 CMakeFiles/enocean_switch_nrf52840_xxAA_s140_6.0.0.dir/__/__/mesh/core/src/timer.c.obj
                0x000000000002d27c                timer_on_ts_begin
 .text.timer_on_ts_end
                0x000000000002d37c       0x78 CMakeFiles/enocean_switch_nrf52840_xxAA_s140_6.0.0.dir/__/__/mesh/core/src/timer.c.obj
                0x000000000002d37c                timer_on_ts_end
 .text.timer_cb
                0x000000000002d3f4       0x10 CMakeFiles/enocean_switch_nrf52840_xxAA_s140_6.0.0.dir/__/__/mesh/core/src/ticker.c.obj
 .text.ticker_init
                0x000000000002d404       0x3c CMakeFiles/enocean_switch_nrf52840_xxAA_s140_6.0.0.dir/__/__/mesh/core/src/ticker.c.obj
                0x000000000002d404                ticker_init
 .text.sd_rand_application_bytes_available_get
                0x000000000002d440        0x4 CMakeFiles/enocean_switch_nrf52840_xxAA_s140_6.0.0.dir/__/__/mesh/core/src/rand.c.obj
 .text.sd_rand_application_vector_get
                0x000000000002d444        0x4 CMakeFiles/enocean_switch_nrf52840_xxAA_s140_6.0.0.dir/__/__/mesh/core/src/rand.c.obj
 .text.rand_prng_seed
                0x000000000002d448       0x78 CMakeFiles/enocean_switch_nrf52840_xxAA_s140_6.0.0.dir/__/__/mesh/core/src/rand.c.obj
                0x000000000002d448                rand_prng_seed
 .text.rand_prng_get
                0x000000000002d4c0       0x28 CMakeFiles/enocean_switch_nrf52840_xxAA_s140_6.0.0.dir/__/__/mesh/core/src/rand.c.obj
                0x000000000002d4c0                rand_prng_get
 .text.rand_hw_rng_get
                0x000000000002d4e8       0x60 CMakeFiles/enocean_switch_nrf52840_xxAA_s140_6.0.0.dir/__/__/mesh/core/src/rand.c.obj
                0x000000000002d4e8                rand_hw_rng_get
 .text.nrf_mesh_opt_set
                0x000000000002d548       0x28 CMakeFiles/enocean_switch_nrf52840_xxAA_s140_6.0.0.dir/__/__/mesh/core/src/nrf_mesh_opt.c.obj
                0x000000000002d548                nrf_mesh_opt_set
 .text.nrf_mesh_opt_get
                0x000000000002d570       0x28 CMakeFiles/enocean_switch_nrf52840_xxAA_s140_6.0.0.dir/__/__/mesh/core/src/nrf_mesh_opt.c.obj
                0x000000000002d570                nrf_mesh_opt_get
 .text.sd_radio_session_open
                0x000000000002d598        0x4 CMakeFiles/enocean_switch_nrf52840_xxAA_s140_6.0.0.dir/__/__/mesh/core/src/timeslot.c.obj
 .text.sd_radio_session_close
                0x000000000002d59c        0x4 CMakeFiles/enocean_switch_nrf52840_xxAA_s140_6.0.0.dir/__/__/mesh/core/src/timeslot.c.obj
 .text.sd_radio_request
                0x000000000002d5a0        0x4 CMakeFiles/enocean_switch_nrf52840_xxAA_s140_6.0.0.dir/__/__/mesh/core/src/timeslot.c.obj
 .text.end_timer_handler
                0x000000000002d5a4       0x2c CMakeFiles/enocean_switch_nrf52840_xxAA_s140_6.0.0.dir/__/__/mesh/core/src/timeslot.c.obj
 .text.radio_signal_callback
                0x000000000002d5d0      0x2b4 CMakeFiles/enocean_switch_nrf52840_xxAA_s140_6.0.0.dir/__/__/mesh/core/src/timeslot.c.obj
 .text.timeslot_sd_event_handler
                0x000000000002d884       0x44 CMakeFiles/enocean_switch_nrf52840_xxAA_s140_6.0.0.dir/__/__/mesh/core/src/timeslot.c.obj
                0x000000000002d884                timeslot_sd_event_handler
 .text.timeslot_init
                0x000000000002d8c8       0x4c CMakeFiles/enocean_switch_nrf52840_xxAA_s140_6.0.0.dir/__/__/mesh/core/src/timeslot.c.obj
                0x000000000002d8c8                timeslot_init
 .text.timeslot_start
                0x000000000002d914       0x20 CMakeFiles/enocean_switch_nrf52840_xxAA_s140_6.0.0.dir/__/__/mesh/core/src/timeslot.c.obj
                0x000000000002d914                timeslot_start
 .text.timeslot_stop
                0x000000000002d934       0x30 CMakeFiles/enocean_switch_nrf52840_xxAA_s140_6.0.0.dir/__/__/mesh/core/src/timeslot.c.obj
                0x000000000002d934                timeslot_stop
 .text.timeslot_state_lock
                0x000000000002d964       0x44 CMakeFiles/enocean_switch_nrf52840_xxAA_s140_6.0.0.dir/__/__/mesh/core/src/timeslot.c.obj
                0x000000000002d964                timeslot_state_lock
 .text.timeslot_end_is_pending
                0x000000000002d9a8       0x24 CMakeFiles/enocean_switch_nrf52840_xxAA_s140_6.0.0.dir/__/__/mesh/core/src/timeslot.c.obj
                0x000000000002d9a8                timeslot_end_is_pending
 .text.timeslot_start_time_get
                0x000000000002d9cc        0xc CMakeFiles/enocean_switch_nrf52840_xxAA_s140_6.0.0.dir/__/__/mesh/core/src/timeslot.c.obj
                0x000000000002d9cc                timeslot_start_time_get
 .text.timeslot_remaining_time_get
                0x000000000002d9d8       0x40 CMakeFiles/enocean_switch_nrf52840_xxAA_s140_6.0.0.dir/__/__/mesh/core/src/timeslot.c.obj
                0x000000000002d9d8                timeslot_remaining_time_get
 .text.timeslot_is_in_cb
                0x000000000002da18        0xc CMakeFiles/enocean_switch_nrf52840_xxAA_s140_6.0.0.dir/__/__/mesh/core/src/timeslot.c.obj
                0x000000000002da18                timeslot_is_in_cb
 .text.timeslot_trigger
                0x000000000002da24       0x24 CMakeFiles/enocean_switch_nrf52840_xxAA_s140_6.0.0.dir/__/__/mesh/core/src/timeslot.c.obj
                0x000000000002da24                timeslot_trigger
 .text.bearer_event_init
                0x000000000002da48       0x4c CMakeFiles/enocean_switch_nrf52840_xxAA_s140_6.0.0.dir/__/__/mesh/core/src/bearer_event.c.obj
                0x000000000002da48                bearer_event_init
 .text.bearer_event_timer_post
                0x000000000002da94       0x50 CMakeFiles/enocean_switch_nrf52840_xxAA_s140_6.0.0.dir/__/__/mesh/core/src/bearer_event.c.obj
                0x000000000002da94                bearer_event_timer_post
 .text.bearer_event_critical_section_begin
                0x000000000002dae4       0x44 CMakeFiles/enocean_switch_nrf52840_xxAA_s140_6.0.0.dir/__/__/mesh/core/src/bearer_event.c.obj
                0x000000000002dae4                bearer_event_critical_section_begin
 .text.bearer_event_critical_section_end
                0x000000000002db28       0x40 CMakeFiles/enocean_switch_nrf52840_xxAA_s140_6.0.0.dir/__/__/mesh/core/src/bearer_event.c.obj
                0x000000000002db28                bearer_event_critical_section_end
 .text.bearer_event_flag_add
                0x000000000002db68       0x40 CMakeFiles/enocean_switch_nrf52840_xxAA_s140_6.0.0.dir/__/__/mesh/core/src/bearer_event.c.obj
                0x000000000002db68                bearer_event_flag_add
 .text.bearer_event_flag_set
                0x000000000002dba8       0x5c CMakeFiles/enocean_switch_nrf52840_xxAA_s140_6.0.0.dir/__/__/mesh/core/src/bearer_event.c.obj
                0x000000000002dba8                bearer_event_flag_set
 .text.bearer_event_sequential_add
                0x000000000002dc04       0x34 CMakeFiles/enocean_switch_nrf52840_xxAA_s140_6.0.0.dir/__/__/mesh/core/src/bearer_event.c.obj
                0x000000000002dc04                bearer_event_sequential_add
 .text.bearer_event_sequential_post
                0x000000000002dc38       0x64 CMakeFiles/enocean_switch_nrf52840_xxAA_s140_6.0.0.dir/__/__/mesh/core/src/bearer_event.c.obj
                0x000000000002dc38                bearer_event_sequential_post
 .text.bearer_event_sequential_pending
                0x000000000002dc9c       0x14 CMakeFiles/enocean_switch_nrf52840_xxAA_s140_6.0.0.dir/__/__/mesh/core/src/bearer_event.c.obj
                0x000000000002dc9c                bearer_event_sequential_pending
 .text.bearer_event_handler
                0x000000000002dcb0      0x16c CMakeFiles/enocean_switch_nrf52840_xxAA_s140_6.0.0.dir/__/__/mesh/core/src/bearer_event.c.obj
                0x000000000002dcb0                bearer_event_handler
 .text.QDEC_IRQHandler
                0x000000000002de1c        0x4 CMakeFiles/enocean_switch_nrf52840_xxAA_s140_6.0.0.dir/__/__/mesh/core/src/bearer_event.c.obj
                0x000000000002de1c                QDEC_IRQHandler
 .text.enc_aes_encrypt
                0x000000000002de20        0x4 CMakeFiles/enocean_switch_nrf52840_xxAA_s140_6.0.0.dir/__/__/mesh/core/src/enc.c.obj
                0x000000000002de20                enc_aes_encrypt
 .text.enc_aes_cmac
                0x000000000002de24        0x4 CMakeFiles/enocean_switch_nrf52840_xxAA_s140_6.0.0.dir/__/__/mesh/core/src/enc.c.obj
                0x000000000002de24                enc_aes_cmac
 .text.enc_aes_ccm_encrypt
                0x000000000002de28        0x4 CMakeFiles/enocean_switch_nrf52840_xxAA_s140_6.0.0.dir/__/__/mesh/core/src/enc.c.obj
                0x000000000002de28                enc_aes_ccm_encrypt
 .text.enc_aes_ccm_decrypt
                0x000000000002de2c        0x4 CMakeFiles/enocean_switch_nrf52840_xxAA_s140_6.0.0.dir/__/__/mesh/core/src/enc.c.obj
                0x000000000002de2c                enc_aes_ccm_decrypt
 .text.enc_nonce_generate
                0x000000000002de30       0xc8 CMakeFiles/enocean_switch_nrf52840_xxAA_s140_6.0.0.dir/__/__/mesh/core/src/enc.c.obj
                0x000000000002de30                enc_nonce_generate
 .text.enc_s1   0x000000000002def8       0x30 CMakeFiles/enocean_switch_nrf52840_xxAA_s140_6.0.0.dir/__/__/mesh/core/src/enc.c.obj
                0x000000000002def8                enc_s1
 .text.enc_k1   0x000000000002df28       0x40 CMakeFiles/enocean_switch_nrf52840_xxAA_s140_6.0.0.dir/__/__/mesh/core/src/enc.c.obj
                0x000000000002df28                enc_k1
 .text.enc_k2   0x000000000002df68       0xe0 CMakeFiles/enocean_switch_nrf52840_xxAA_s140_6.0.0.dir/__/__/mesh/core/src/enc.c.obj
                0x000000000002df68                enc_k2
 .text.enc_k3   0x000000000002e048       0x68 CMakeFiles/enocean_switch_nrf52840_xxAA_s140_6.0.0.dir/__/__/mesh/core/src/enc.c.obj
                0x000000000002e048                enc_k3
 .text.enc_k4   0x000000000002e0b0       0x60 CMakeFiles/enocean_switch_nrf52840_xxAA_s140_6.0.0.dir/__/__/mesh/core/src/enc.c.obj
                0x000000000002e0b0                enc_k4
 .text.network_init
                0x000000000002e110       0x28 CMakeFiles/enocean_switch_nrf52840_xxAA_s140_6.0.0.dir/__/__/mesh/core/src/network.c.obj
                0x000000000002e110                network_init
 .text.network_opt_set
                0x000000000002e138       0x84 CMakeFiles/enocean_switch_nrf52840_xxAA_s140_6.0.0.dir/__/__/mesh/core/src/network.c.obj
                0x000000000002e138                network_opt_set
 .text.network_opt_get
                0x000000000002e1bc       0x5c CMakeFiles/enocean_switch_nrf52840_xxAA_s140_6.0.0.dir/__/__/mesh/core/src/network.c.obj
                0x000000000002e1bc                network_opt_get
 .text.network_packet_alloc
                0x000000000002e218       0xa0 CMakeFiles/enocean_switch_nrf52840_xxAA_s140_6.0.0.dir/__/__/mesh/core/src/network.c.obj
                0x000000000002e218                network_packet_alloc
 .text.network_packet_send
                0x000000000002e2b8       0x58 CMakeFiles/enocean_switch_nrf52840_xxAA_s140_6.0.0.dir/__/__/mesh/core/src/network.c.obj
                0x000000000002e2b8                network_packet_send
 .text.network_packet_in
                0x000000000002e310      0x1c8 CMakeFiles/enocean_switch_nrf52840_xxAA_s140_6.0.0.dir/__/__/mesh/core/src/network.c.obj
                0x000000000002e310                network_packet_in
 .text.net_packet_decrypt
                0x000000000002e4d8      0x2bc CMakeFiles/enocean_switch_nrf52840_xxAA_s140_6.0.0.dir/__/__/mesh/core/src/net_packet.c.obj
                0x000000000002e4d8                net_packet_decrypt
 .text.net_packet_encrypt
                0x000000000002e794      0x100 CMakeFiles/enocean_switch_nrf52840_xxAA_s140_6.0.0.dir/__/__/mesh/core/src/net_packet.c.obj
                0x000000000002e794                net_packet_encrypt
 .text.net_packet_header_set
                0x000000000002e894       0xc0 CMakeFiles/enocean_switch_nrf52840_xxAA_s140_6.0.0.dir/__/__/mesh/core/src/net_packet.c.obj
                0x000000000002e894                net_packet_header_set
 .text.net_packet_payload_len_get
                0x000000000002e954       0x14 CMakeFiles/enocean_switch_nrf52840_xxAA_s140_6.0.0.dir/__/__/mesh/core/src/net_packet.c.obj
                0x000000000002e954                net_packet_payload_len_get
 .text.net_packet_from_payload
                0x000000000002e968        0x4 CMakeFiles/enocean_switch_nrf52840_xxAA_s140_6.0.0.dir/__/__/mesh/core/src/net_packet.c.obj
                0x000000000002e968                net_packet_from_payload
 .text.net_packet_obfuscation_start_get
                0x000000000002e96c        0x4 CMakeFiles/enocean_switch_nrf52840_xxAA_s140_6.0.0.dir/__/__/mesh/core/src/net_packet.c.obj
                0x000000000002e96c                net_packet_obfuscation_start_get
 .text.msq_init
                0x000000000002e970       0x6c CMakeFiles/enocean_switch_nrf52840_xxAA_s140_6.0.0.dir/__/__/mesh/core/src/msqueue.c.obj
                0x000000000002e970                msq_init
 .text.msq_get  0x000000000002e9dc       0x54 CMakeFiles/enocean_switch_nrf52840_xxAA_s140_6.0.0.dir/__/__/mesh/core/src/msqueue.c.obj
                0x000000000002e9dc                msq_get
 .text.msq_move
                0x000000000002ea30       0x4c CMakeFiles/enocean_switch_nrf52840_xxAA_s140_6.0.0.dir/__/__/mesh/core/src/msqueue.c.obj
                0x000000000002ea30                msq_move
 .text.msq_available
                0x000000000002ea7c       0x44 CMakeFiles/enocean_switch_nrf52840_xxAA_s140_6.0.0.dir/__/__/mesh/core/src/msqueue.c.obj
                0x000000000002ea7c                msq_available
 .text.nrf_mesh_keygen_aid
                0x000000000002eac0       0x18 CMakeFiles/enocean_switch_nrf52840_xxAA_s140_6.0.0.dir/__/__/mesh/core/src/nrf_mesh_keygen.c.obj
                0x000000000002eac0                nrf_mesh_keygen_aid
 .text.nrf_mesh_keygen_network_secmat
                0x000000000002ead8       0x24 CMakeFiles/enocean_switch_nrf52840_xxAA_s140_6.0.0.dir/__/__/mesh/core/src/nrf_mesh_keygen.c.obj
                0x000000000002ead8                nrf_mesh_keygen_network_secmat
 .text.nrf_mesh_keygen_beacon_secmat
                0x000000000002eafc       0x50 CMakeFiles/enocean_switch_nrf52840_xxAA_s140_6.0.0.dir/__/__/mesh/core/src/nrf_mesh_keygen.c.obj
                0x000000000002eafc                nrf_mesh_keygen_beacon_secmat
 .text.nrf_mesh_keygen_virtual_address
                0x000000000002eb4c       0x50 CMakeFiles/enocean_switch_nrf52840_xxAA_s140_6.0.0.dir/__/__/mesh/core/src/nrf_mesh_keygen.c.obj
                0x000000000002eb4c                nrf_mesh_keygen_virtual_address
 .text.list_add
                0x000000000002eb9c       0x64 CMakeFiles/enocean_switch_nrf52840_xxAA_s140_6.0.0.dir/__/__/mesh/core/src/list.c.obj
                0x000000000002eb9c                list_add
 .text.list_remove
                0x000000000002ec00       0x44 CMakeFiles/enocean_switch_nrf52840_xxAA_s140_6.0.0.dir/__/__/mesh/core/src/list.c.obj
                0x000000000002ec00                list_remove
 .text.list_compare_add
                0x000000000002ec44       0x80 CMakeFiles/enocean_switch_nrf52840_xxAA_s140_6.0.0.dir/__/__/mesh/core/src/list.c.obj
                0x000000000002ec44                list_compare_add
 .text.log_callback_rtt
                0x000000000002ecc4       0x2c CMakeFiles/enocean_switch_nrf52840_xxAA_s140_6.0.0.dir/__/__/mesh/core/src/log.c.obj
                0x000000000002ecc4                log_callback_rtt
 .text.log_init
                0x000000000002ecf0       0x20 CMakeFiles/enocean_switch_nrf52840_xxAA_s140_6.0.0.dir/__/__/mesh/core/src/log.c.obj
                0x000000000002ecf0                log_init
 .text.log_printf
                0x000000000002ed10       0x20 CMakeFiles/enocean_switch_nrf52840_xxAA_s140_6.0.0.dir/__/__/mesh/core/src/log.c.obj
                0x000000000002ed10                log_printf
 .text.process_action_queue
                0x000000000002ed30      0x794 CMakeFiles/enocean_switch_nrf52840_xxAA_s140_6.0.0.dir/__/__/mesh/core/src/flash_manager.c.obj
 .text.flash_op_ended_callback
                0x000000000002f4c4       0x24 CMakeFiles/enocean_switch_nrf52840_xxAA_s140_6.0.0.dir/__/__/mesh/core/src/flash_manager.c.obj
 .text.flash_manager_init
                0x000000000002f4e8       0x68 CMakeFiles/enocean_switch_nrf52840_xxAA_s140_6.0.0.dir/__/__/mesh/core/src/flash_manager.c.obj
                0x000000000002f4e8                flash_manager_init
 .text.flash_manager_remove
                0x000000000002f550       0x6c CMakeFiles/enocean_switch_nrf52840_xxAA_s140_6.0.0.dir/__/__/mesh/core/src/flash_manager.c.obj
                0x000000000002f550                flash_manager_remove
 .text.flash_manager_entry_get
                0x000000000002f5bc       0x48 CMakeFiles/enocean_switch_nrf52840_xxAA_s140_6.0.0.dir/__/__/mesh/core/src/flash_manager.c.obj
                0x000000000002f5bc                flash_manager_entry_get
 .text.flash_manager_entry_next_get
                0x000000000002f604      0x144 CMakeFiles/enocean_switch_nrf52840_xxAA_s140_6.0.0.dir/__/__/mesh/core/src/flash_manager.c.obj
                0x000000000002f604                flash_manager_entry_next_get
 .text.flash_manager_entry_alloc
                0x000000000002f748       0x80 CMakeFiles/enocean_switch_nrf52840_xxAA_s140_6.0.0.dir/__/__/mesh/core/src/flash_manager.c.obj
                0x000000000002f748                flash_manager_entry_alloc
 .text.flash_manager_entry_commit
                0x000000000002f7c8       0x58 CMakeFiles/enocean_switch_nrf52840_xxAA_s140_6.0.0.dir/__/__/mesh/core/src/flash_manager.c.obj
                0x000000000002f7c8                flash_manager_entry_commit
 .text.flash_manager_entry_invalidate
                0x000000000002f820       0x98 CMakeFiles/enocean_switch_nrf52840_xxAA_s140_6.0.0.dir/__/__/mesh/core/src/flash_manager.c.obj
                0x000000000002f820                flash_manager_entry_invalidate
 .text.flash_manager_add
                0x000000000002f8b8      0x3f4 CMakeFiles/enocean_switch_nrf52840_xxAA_s140_6.0.0.dir/__/__/mesh/core/src/flash_manager.c.obj
                0x000000000002f8b8                flash_manager_add
 .text.flash_manager_mem_listener_register
                0x000000000002fcac       0x38 CMakeFiles/enocean_switch_nrf52840_xxAA_s140_6.0.0.dir/__/__/mesh/core/src/flash_manager.c.obj
                0x000000000002fcac                flash_manager_mem_listener_register
 .text.flash_manager_is_stable
                0x000000000002fce4       0x20 CMakeFiles/enocean_switch_nrf52840_xxAA_s140_6.0.0.dir/__/__/mesh/core/src/flash_manager.c.obj
                0x000000000002fce4                flash_manager_is_stable
 .text.flash_manager_on_defrag_end
                0x000000000002fd04       0x58 CMakeFiles/enocean_switch_nrf52840_xxAA_s140_6.0.0.dir/__/__/mesh/core/src/flash_manager.c.obj
                0x000000000002fd04                flash_manager_on_defrag_end
 .text.flash_manager_recovery_page_get
                0x000000000002fd5c        0x4 CMakeFiles/enocean_switch_nrf52840_xxAA_s140_6.0.0.dir/__/__/mesh/core/src/flash_manager.c.obj
                0x000000000002fd5c                flash_manager_recovery_page_get
 .text.flash_manager_action_queue_empty_cb_set
                0x000000000002fd60       0x20 CMakeFiles/enocean_switch_nrf52840_xxAA_s140_6.0.0.dir/__/__/mesh/core/src/flash_manager.c.obj
                0x000000000002fd60                flash_manager_action_queue_empty_cb_set
 .text.ccm_soft_crypt.constprop.0
                0x000000000002fd80      0x274 CMakeFiles/enocean_switch_nrf52840_xxAA_s140_6.0.0.dir/__/__/mesh/core/src/ccm_soft.c.obj
 .text.ccm_soft_authenticate
                0x000000000002fff4      0x308 CMakeFiles/enocean_switch_nrf52840_xxAA_s140_6.0.0.dir/__/__/mesh/core/src/ccm_soft.c.obj
 .text.ccm_soft_encrypt
                0x00000000000302fc       0x7c CMakeFiles/enocean_switch_nrf52840_xxAA_s140_6.0.0.dir/__/__/mesh/core/src/ccm_soft.c.obj
                0x00000000000302fc                ccm_soft_encrypt
 .text.ccm_soft_decrypt
                0x0000000000030378      0x114 CMakeFiles/enocean_switch_nrf52840_xxAA_s140_6.0.0.dir/__/__/mesh/core/src/ccm_soft.c.obj
                0x0000000000030378                ccm_soft_decrypt
 .text.replay_cache_init
                0x000000000003048c       0x20 CMakeFiles/enocean_switch_nrf52840_xxAA_s140_6.0.0.dir/__/__/mesh/core/src/replay_cache.c.obj
                0x000000000003048c                replay_cache_init
 .text.replay_cache_add
                0x00000000000304ac       0x60 CMakeFiles/enocean_switch_nrf52840_xxAA_s140_6.0.0.dir/__/__/mesh/core/src/replay_cache.c.obj
                0x00000000000304ac                replay_cache_add
 .text.replay_cache_has_elem
                0x000000000003050c       0x40 CMakeFiles/enocean_switch_nrf52840_xxAA_s140_6.0.0.dir/__/__/mesh/core/src/replay_cache.c.obj
                0x000000000003050c                replay_cache_has_elem
 .text.beacon_create
                0x000000000003054c       0x50 CMakeFiles/enocean_switch_nrf52840_xxAA_s140_6.0.0.dir/__/__/mesh/core/src/beacon.c.obj
                0x000000000003054c                beacon_create
 .text.beacon_packet_in
                0x000000000003059c      0x178 CMakeFiles/enocean_switch_nrf52840_xxAA_s140_6.0.0.dir/__/__/mesh/core/src/beacon.c.obj
                0x000000000003059c                beacon_packet_in
 .text.entry_get
                0x0000000000030714       0x7c CMakeFiles/enocean_switch_nrf52840_xxAA_s140_6.0.0.dir/__/__/mesh/core/src/flash_manager_internal.c.obj
                0x0000000000030714                entry_get
 .text.core_tx_complete_cb_set
                0x0000000000030790        0xc CMakeFiles/enocean_switch_nrf52840_xxAA_s140_6.0.0.dir/__/__/mesh/core/src/core_tx.c.obj
                0x0000000000030790                core_tx_complete_cb_set
 .text.core_tx_packet_alloc
                0x000000000003079c       0xc0 CMakeFiles/enocean_switch_nrf52840_xxAA_s140_6.0.0.dir/__/__/mesh/core/src/core_tx.c.obj
                0x000000000003079c                core_tx_packet_alloc
 .text.core_tx_packet_send
                0x000000000003085c       0x5c CMakeFiles/enocean_switch_nrf52840_xxAA_s140_6.0.0.dir/__/__/mesh/core/src/core_tx.c.obj
                0x000000000003085c                core_tx_packet_send
 .text.core_tx_packet_discard
                0x00000000000308b8       0x54 CMakeFiles/enocean_switch_nrf52840_xxAA_s140_6.0.0.dir/__/__/mesh/core/src/core_tx.c.obj
                0x00000000000308b8                core_tx_packet_discard
 .text.core_tx_complete
                0x000000000003090c       0x38 CMakeFiles/enocean_switch_nrf52840_xxAA_s140_6.0.0.dir/__/__/mesh/core/src/core_tx.c.obj
                0x000000000003090c                core_tx_complete
 .text.core_tx_bearer_add
                0x0000000000030944       0x90 CMakeFiles/enocean_switch_nrf52840_xxAA_s140_6.0.0.dir/__/__/mesh/core/src/core_tx.c.obj
                0x0000000000030944                core_tx_bearer_add
 .text.heartbeat_subscription_timer_cb
                0x00000000000309d4       0x1c CMakeFiles/enocean_switch_nrf52840_xxAA_s140_6.0.0.dir/__/__/mesh/core/src/heartbeat.c.obj
 .text.heartbeat_opcode_handle
                0x00000000000309f0       0x8c CMakeFiles/enocean_switch_nrf52840_xxAA_s140_6.0.0.dir/__/__/mesh/core/src/heartbeat.c.obj
 .text.heartbeat_send
                0x0000000000030a7c       0xbc CMakeFiles/enocean_switch_nrf52840_xxAA_s140_6.0.0.dir/__/__/mesh/core/src/heartbeat.c.obj
 .text.heartbeat_core_evt_cb
                0x0000000000030b38       0x94 CMakeFiles/enocean_switch_nrf52840_xxAA_s140_6.0.0.dir/__/__/mesh/core/src/heartbeat.c.obj
 .text.heartbeat_publication_timer_cb
                0x0000000000030bcc       0xb0 CMakeFiles/enocean_switch_nrf52840_xxAA_s140_6.0.0.dir/__/__/mesh/core/src/heartbeat.c.obj
 .text.heartbeat_on_feature_change_trigger
                0x0000000000030c7c       0x48 CMakeFiles/enocean_switch_nrf52840_xxAA_s140_6.0.0.dir/__/__/mesh/core/src/heartbeat.c.obj
                0x0000000000030c7c                heartbeat_on_feature_change_trigger
 .text.heartbeat_init
                0x0000000000030cc4       0x7c CMakeFiles/enocean_switch_nrf52840_xxAA_s140_6.0.0.dir/__/__/mesh/core/src/heartbeat.c.obj
                0x0000000000030cc4                heartbeat_init
 .text.heartbeat_subscription_set
                0x0000000000030d40       0xa4 CMakeFiles/enocean_switch_nrf52840_xxAA_s140_6.0.0.dir/__/__/mesh/core/src/heartbeat.c.obj
                0x0000000000030d40                heartbeat_subscription_set
 .text.heartbeat_subscription_get
                0x0000000000030de4        0x8 CMakeFiles/enocean_switch_nrf52840_xxAA_s140_6.0.0.dir/__/__/mesh/core/src/heartbeat.c.obj
                0x0000000000030de4                heartbeat_subscription_get
 .text.heartbeat_config_server_cb_set
                0x0000000000030dec       0x30 CMakeFiles/enocean_switch_nrf52840_xxAA_s140_6.0.0.dir/__/__/mesh/core/src/heartbeat.c.obj
                0x0000000000030dec                heartbeat_config_server_cb_set
 .text.heartbeat_publication_state_updated
                0x0000000000030e1c       0x78 CMakeFiles/enocean_switch_nrf52840_xxAA_s140_6.0.0.dir/__/__/mesh/core/src/heartbeat.c.obj
                0x0000000000030e1c                heartbeat_publication_state_updated
 .text.beacon_tx
                0x0000000000030e94      0x194 CMakeFiles/enocean_switch_nrf52840_xxAA_s140_6.0.0.dir/__/__/mesh/core/src/net_beacon.c.obj
 .text.tx_complete_cb
                0x0000000000031028       0x10 CMakeFiles/enocean_switch_nrf52840_xxAA_s140_6.0.0.dir/__/__/mesh/core/src/net_beacon.c.obj
 .text.beacon_tx_timeout
                0x0000000000031038        0x4 CMakeFiles/enocean_switch_nrf52840_xxAA_s140_6.0.0.dir/__/__/mesh/core/src/net_beacon.c.obj
 .text.net_beacon_init
                0x000000000003103c       0x94 CMakeFiles/enocean_switch_nrf52840_xxAA_s140_6.0.0.dir/__/__/mesh/core/src/net_beacon.c.obj
                0x000000000003103c                net_beacon_init
 .text.net_beacon_state_set
                0x00000000000310d0       0x3c CMakeFiles/enocean_switch_nrf52840_xxAA_s140_6.0.0.dir/__/__/mesh/core/src/net_beacon.c.obj
                0x00000000000310d0                net_beacon_state_set
 .text.net_beacon_state_get
                0x000000000003110c        0xc CMakeFiles/enocean_switch_nrf52840_xxAA_s140_6.0.0.dir/__/__/mesh/core/src/net_beacon.c.obj
                0x000000000003110c                net_beacon_state_get
 .text.net_beacon_packet_in
                0x0000000000031118      0x134 CMakeFiles/enocean_switch_nrf52840_xxAA_s140_6.0.0.dir/__/__/mesh/core/src/net_beacon.c.obj
                0x0000000000031118                net_beacon_packet_in
 .text.packet_discard
                0x000000000003124c       0x40 CMakeFiles/enocean_switch_nrf52840_xxAA_s140_6.0.0.dir/__/__/mesh/core/src/core_tx_adv.c.obj
 .text.packet_send
                0x000000000003128c       0x58 CMakeFiles/enocean_switch_nrf52840_xxAA_s140_6.0.0.dir/__/__/mesh/core/src/core_tx_adv.c.obj
 .text.packet_alloc
                0x00000000000312e4       0x5c CMakeFiles/enocean_switch_nrf52840_xxAA_s140_6.0.0.dir/__/__/mesh/core/src/core_tx_adv.c.obj
 .text.adv_tx_complete_callback
                0x0000000000031340       0x28 CMakeFiles/enocean_switch_nrf52840_xxAA_s140_6.0.0.dir/__/__/mesh/core/src/core_tx_adv.c.obj
 .text.core_tx_adv_init
                0x0000000000031368       0x60 CMakeFiles/enocean_switch_nrf52840_xxAA_s140_6.0.0.dir/__/__/mesh/core/src/core_tx_adv.c.obj
                0x0000000000031368                core_tx_adv_init
 .text.core_tx_adv_count_set
                0x00000000000313c8       0x2c CMakeFiles/enocean_switch_nrf52840_xxAA_s140_6.0.0.dir/__/__/mesh/core/src/core_tx_adv.c.obj
                0x00000000000313c8                core_tx_adv_count_set
 .text.core_tx_adv_count_get
                0x00000000000313f4       0x20 CMakeFiles/enocean_switch_nrf52840_xxAA_s140_6.0.0.dir/__/__/mesh/core/src/core_tx_adv.c.obj
                0x00000000000313f4                core_tx_adv_count_get
 .text.core_tx_adv_interval_set
                0x0000000000031414       0x28 CMakeFiles/enocean_switch_nrf52840_xxAA_s140_6.0.0.dir/__/__/mesh/core/src/core_tx_adv.c.obj
                0x0000000000031414                core_tx_adv_interval_set
 .text.core_tx_adv_interval_get
                0x000000000003143c       0x2c CMakeFiles/enocean_switch_nrf52840_xxAA_s140_6.0.0.dir/__/__/mesh/core/src/core_tx_adv.c.obj
                0x000000000003143c                core_tx_adv_interval_get
 .text.ad_listener_subscribe
                0x0000000000031468       0x60 CMakeFiles/enocean_switch_nrf52840_xxAA_s140_6.0.0.dir/__/__/mesh/bearer/src/ad_listener.c.obj
                0x0000000000031468                ad_listener_subscribe
 .text.ad_listener_process
                0x00000000000314c8       0x84 CMakeFiles/enocean_switch_nrf52840_xxAA_s140_6.0.0.dir/__/__/mesh/bearer/src/ad_listener.c.obj
                0x00000000000314c8                ad_listener_process
 .text.adtype_filter_handle
                0x000000000003154c       0x94 CMakeFiles/enocean_switch_nrf52840_xxAA_s140_6.0.0.dir/__/__/mesh/bearer/src/ad_type_filter.c.obj
 .text.bearer_adtype_filtering_set
                0x00000000000315e0       0x1c CMakeFiles/enocean_switch_nrf52840_xxAA_s140_6.0.0.dir/__/__/mesh/bearer/src/ad_type_filter.c.obj
                0x00000000000315e0                bearer_adtype_filtering_set
 .text.bearer_adtype_add
                0x00000000000315fc       0x24 CMakeFiles/enocean_switch_nrf52840_xxAA_s140_6.0.0.dir/__/__/mesh/bearer/src/ad_type_filter.c.obj
                0x00000000000315fc                bearer_adtype_add
 .text.bearer_adtype_mode_set
                0x0000000000031620       0x18 CMakeFiles/enocean_switch_nrf52840_xxAA_s140_6.0.0.dir/__/__/mesh/bearer/src/ad_type_filter.c.obj
                0x0000000000031620                bearer_adtype_mode_set
 .text.tx_complete_event_callback
                0x0000000000031638       0x34 CMakeFiles/enocean_switch_nrf52840_xxAA_s140_6.0.0.dir/__/__/mesh/bearer/src/advertiser.c.obj
 .text.broadcast_complete_cb
                0x000000000003166c       0x48 CMakeFiles/enocean_switch_nrf52840_xxAA_s140_6.0.0.dir/__/__/mesh/bearer/src/advertiser.c.obj
 .text.timeout_event
                0x00000000000316b4      0x12c CMakeFiles/enocean_switch_nrf52840_xxAA_s140_6.0.0.dir/__/__/mesh/bearer/src/advertiser.c.obj
 .text.advertiser_init
                0x00000000000317e0        0xc CMakeFiles/enocean_switch_nrf52840_xxAA_s140_6.0.0.dir/__/__/mesh/bearer/src/advertiser.c.obj
                0x00000000000317e0                advertiser_init
 .text.advertiser_instance_init
                0x00000000000317ec      0x100 CMakeFiles/enocean_switch_nrf52840_xxAA_s140_6.0.0.dir/__/__/mesh/bearer/src/advertiser.c.obj
                0x00000000000317ec                advertiser_instance_init
 .text.advertiser_enable
                0x00000000000318ec       0x44 CMakeFiles/enocean_switch_nrf52840_xxAA_s140_6.0.0.dir/__/__/mesh/bearer/src/advertiser.c.obj
                0x00000000000318ec                advertiser_enable
 .text.advertiser_packet_alloc
                0x0000000000031930       0x80 CMakeFiles/enocean_switch_nrf52840_xxAA_s140_6.0.0.dir/__/__/mesh/bearer/src/advertiser.c.obj
                0x0000000000031930                advertiser_packet_alloc
 .text.advertiser_packet_send
                0x00000000000319b0       0x84 CMakeFiles/enocean_switch_nrf52840_xxAA_s140_6.0.0.dir/__/__/mesh/bearer/src/advertiser.c.obj
                0x00000000000319b0                advertiser_packet_send
 .text.advertiser_packet_discard
                0x0000000000031a34       0x2c CMakeFiles/enocean_switch_nrf52840_xxAA_s140_6.0.0.dir/__/__/mesh/bearer/src/advertiser.c.obj
                0x0000000000031a34                advertiser_packet_discard
 .text.advertiser_interval_set
                0x0000000000031a60       0x6c CMakeFiles/enocean_switch_nrf52840_xxAA_s140_6.0.0.dir/__/__/mesh/bearer/src/advertiser.c.obj
                0x0000000000031a60                advertiser_interval_set
 .text.advertiser_flush
                0x0000000000031acc       0x20 CMakeFiles/enocean_switch_nrf52840_xxAA_s140_6.0.0.dir/__/__/mesh/bearer/src/advertiser.c.obj
                0x0000000000031acc                advertiser_flush
 .text.action_switch.part.2
                0x0000000000031aec       0xb4 CMakeFiles/enocean_switch_nrf52840_xxAA_s140_6.0.0.dir/__/__/mesh/bearer/src/bearer_handler.c.obj
 .text.bearer_handler_init
                0x0000000000031ba0       0x2c CMakeFiles/enocean_switch_nrf52840_xxAA_s140_6.0.0.dir/__/__/mesh/bearer/src/bearer_handler.c.obj
                0x0000000000031ba0                bearer_handler_init
 .text.bearer_handler_start
                0x0000000000031bcc       0x1c CMakeFiles/enocean_switch_nrf52840_xxAA_s140_6.0.0.dir/__/__/mesh/bearer/src/bearer_handler.c.obj
                0x0000000000031bcc                bearer_handler_start
 .text.bearer_handler_action_enqueue
                0x0000000000031be8       0x88 CMakeFiles/enocean_switch_nrf52840_xxAA_s140_6.0.0.dir/__/__/mesh/bearer/src/bearer_handler.c.obj
                0x0000000000031be8                bearer_handler_action_enqueue
 .text.bearer_handler_action_end
                0x0000000000031c70       0x68 CMakeFiles/enocean_switch_nrf52840_xxAA_s140_6.0.0.dir/__/__/mesh/bearer/src/bearer_handler.c.obj
                0x0000000000031c70                bearer_handler_action_end
 .text.bearer_handler_radio_irq_handler
                0x0000000000031cd8       0x58 CMakeFiles/enocean_switch_nrf52840_xxAA_s140_6.0.0.dir/__/__/mesh/bearer/src/bearer_handler.c.obj
                0x0000000000031cd8                bearer_handler_radio_irq_handler
 .text.bearer_handler_timer_irq_handler
                0x0000000000031d30       0x34 CMakeFiles/enocean_switch_nrf52840_xxAA_s140_6.0.0.dir/__/__/mesh/bearer/src/bearer_handler.c.obj
                0x0000000000031d30                bearer_handler_timer_irq_handler
 .text.bearer_handler_on_ts_begin
                0x0000000000031d64       0x3c CMakeFiles/enocean_switch_nrf52840_xxAA_s140_6.0.0.dir/__/__/mesh/bearer/src/bearer_handler.c.obj
                0x0000000000031d64                bearer_handler_on_ts_begin
 .text.bearer_handler_on_ts_end
                0x0000000000031da0       0x38 CMakeFiles/enocean_switch_nrf52840_xxAA_s140_6.0.0.dir/__/__/mesh/bearer/src/bearer_handler.c.obj
                0x0000000000031da0                bearer_handler_on_ts_end
 .text.radio_irq_handler
                0x0000000000031dd8       0x98 CMakeFiles/enocean_switch_nrf52840_xxAA_s140_6.0.0.dir/__/__/mesh/bearer/src/broadcast.c.obj
 .text.broadcast_start
                0x0000000000031e70       0x8c CMakeFiles/enocean_switch_nrf52840_xxAA_s140_6.0.0.dir/__/__/mesh/bearer/src/broadcast.c.obj
 .text.broadcast_send
                0x0000000000031efc       0x74 CMakeFiles/enocean_switch_nrf52840_xxAA_s140_6.0.0.dir/__/__/mesh/bearer/src/broadcast.c.obj
                0x0000000000031efc                broadcast_send
 .text.fen_filter_start
                0x0000000000031f70       0x38 CMakeFiles/enocean_switch_nrf52840_xxAA_s140_6.0.0.dir/__/__/mesh/bearer/src/filter_engine.c.obj
                0x0000000000031f70                fen_filter_start
 .text.fen_filter_stop
                0x0000000000031fa8       0x2c CMakeFiles/enocean_switch_nrf52840_xxAA_s140_6.0.0.dir/__/__/mesh/bearer/src/filter_engine.c.obj
                0x0000000000031fa8                fen_filter_stop
 .text.fen_filters_apply
                0x0000000000031fd4       0x34 CMakeFiles/enocean_switch_nrf52840_xxAA_s140_6.0.0.dir/__/__/mesh/bearer/src/filter_engine.c.obj
                0x0000000000031fd4                fen_filters_apply
 .text.radio_config_reset
                0x0000000000032008       0x38 CMakeFiles/enocean_switch_nrf52840_xxAA_s140_6.0.0.dir/__/__/mesh/bearer/src/radio_config.c.obj
                0x0000000000032008                radio_config_reset
 .text.radio_config_channel_set
                0x0000000000032040       0x28 CMakeFiles/enocean_switch_nrf52840_xxAA_s140_6.0.0.dir/__/__/mesh/bearer/src/radio_config.c.obj
                0x0000000000032040                radio_config_channel_set
 .text.radio_config_config
                0x0000000000032068       0x94 CMakeFiles/enocean_switch_nrf52840_xxAA_s140_6.0.0.dir/__/__/mesh/bearer/src/radio_config.c.obj
                0x0000000000032068                radio_config_config
 .text.radio_config_access_addr_set
                0x00000000000320fc       0x58 CMakeFiles/enocean_switch_nrf52840_xxAA_s140_6.0.0.dir/__/__/mesh/bearer/src/radio_config.c.obj
                0x00000000000320fc                radio_config_access_addr_set
 .text.scan_window_end
                0x0000000000032154       0x28 CMakeFiles/enocean_switch_nrf52840_xxAA_s140_6.0.0.dir/__/__/mesh/bearer/src/scanner.c.obj
 .text.scan_window_start
                0x000000000003217c       0x38 CMakeFiles/enocean_switch_nrf52840_xxAA_s140_6.0.0.dir/__/__/mesh/bearer/src/scanner.c.obj
 .text.radio_start
                0x00000000000321b4      0x1a8 CMakeFiles/enocean_switch_nrf52840_xxAA_s140_6.0.0.dir/__/__/mesh/bearer/src/scanner.c.obj
 .text.scanner_radio_start
                0x000000000003235c      0x14c CMakeFiles/enocean_switch_nrf52840_xxAA_s140_6.0.0.dir/__/__/mesh/bearer/src/scanner.c.obj
                0x000000000003235c                scanner_radio_start
 .text.scanner_radio_stop
                0x00000000000324a8       0x34 CMakeFiles/enocean_switch_nrf52840_xxAA_s140_6.0.0.dir/__/__/mesh/bearer/src/scanner.c.obj
                0x00000000000324a8                scanner_radio_stop
 .text.scanner_radio_irq_handler
                0x00000000000324dc      0x200 CMakeFiles/enocean_switch_nrf52840_xxAA_s140_6.0.0.dir/__/__/mesh/bearer/src/scanner.c.obj
                0x00000000000324dc                scanner_radio_irq_handler
 .text.scanner_enable
                0x00000000000326dc       0x50 CMakeFiles/enocean_switch_nrf52840_xxAA_s140_6.0.0.dir/__/__/mesh/bearer/src/scanner.c.obj
                0x00000000000326dc                scanner_enable
 .text.scanner_rx
                0x000000000003272c       0x8c CMakeFiles/enocean_switch_nrf52840_xxAA_s140_6.0.0.dir/__/__/mesh/bearer/src/scanner.c.obj
                0x000000000003272c                scanner_rx
 .text.scanner_packet_release
                0x00000000000327b8       0x40 CMakeFiles/enocean_switch_nrf52840_xxAA_s140_6.0.0.dir/__/__/mesh/bearer/src/scanner.c.obj
                0x00000000000327b8                scanner_packet_release
 .text.scanner_rx_pending
                0x00000000000327f8        0xc CMakeFiles/enocean_switch_nrf52840_xxAA_s140_6.0.0.dir/__/__/mesh/bearer/src/scanner.c.obj
                0x00000000000327f8                scanner_rx_pending
 .text.scanner_config_reset
                0x0000000000032804       0xa4 CMakeFiles/enocean_switch_nrf52840_xxAA_s140_6.0.0.dir/__/__/mesh/bearer/src/scanner.c.obj
                0x0000000000032804                scanner_config_reset
 .text.scanner_init
                0x00000000000328a8       0x54 CMakeFiles/enocean_switch_nrf52840_xxAA_s140_6.0.0.dir/__/__/mesh/bearer/src/scanner.c.obj
                0x00000000000328a8                scanner_init
 .text.handle_publish_timeout
                0x00000000000328fc        0x8 CMakeFiles/enocean_switch_nrf52840_xxAA_s140_6.0.0.dir/__/__/models/simple_on_off/src/simple_on_off_client.c.obj
 .text.reliable_status_cb
                0x0000000000032904       0x7c CMakeFiles/enocean_switch_nrf52840_xxAA_s140_6.0.0.dir/__/__/models/simple_on_off/src/simple_on_off_client.c.obj
 .text.handle_status_cb
                0x0000000000032980       0x58 CMakeFiles/enocean_switch_nrf52840_xxAA_s140_6.0.0.dir/__/__/models/simple_on_off/src/simple_on_off_client.c.obj
 .text.simple_on_off_client_init
                0x00000000000329d8       0x40 CMakeFiles/enocean_switch_nrf52840_xxAA_s140_6.0.0.dir/__/__/models/simple_on_off/src/simple_on_off_client.c.obj
                0x00000000000329d8                simple_on_off_client_init
 .text.simple_on_off_client_set
                0x0000000000032a18       0x74 CMakeFiles/enocean_switch_nrf52840_xxAA_s140_6.0.0.dir/__/__/models/simple_on_off/src/simple_on_off_client.c.obj
                0x0000000000032a18                simple_on_off_client_set
 .text.simple_on_off_client_set_unreliable
                0x0000000000032a8c       0x5c CMakeFiles/enocean_switch_nrf52840_xxAA_s140_6.0.0.dir/__/__/models/simple_on_off/src/simple_on_off_client.c.obj
                0x0000000000032a8c                simple_on_off_client_set_unreliable
 .text.config_composition_data_get
                0x0000000000032ae8      0x1dc CMakeFiles/enocean_switch_nrf52840_xxAA_s140_6.0.0.dir/__/__/models/config/src/composition_data.c.obj
                0x0000000000032ae8                config_composition_data_get
 .text.config_server_heartbeat_publication_count_decrement
                0x0000000000032cc4       0x1c CMakeFiles/enocean_switch_nrf52840_xxAA_s140_6.0.0.dir/__/__/models/config/src/config_server.c.obj
 .text.config_server_heartbeat_publication_params_get
                0x0000000000032ce0       0x38 CMakeFiles/enocean_switch_nrf52840_xxAA_s140_6.0.0.dir/__/__/models/config/src/config_server.c.obj
 .text.handle_config_network_transmit_set
                0x0000000000032d18      0x118 CMakeFiles/enocean_switch_nrf52840_xxAA_s140_6.0.0.dir/__/__/models/config/src/config_server.c.obj
 .text.handle_node_reset
                0x0000000000032e30       0x30 CMakeFiles/enocean_switch_nrf52840_xxAA_s140_6.0.0.dir/__/__/models/config/src/config_server.c.obj
 .text.handle_config_relay_set
                0x0000000000032e60      0x1a8 CMakeFiles/enocean_switch_nrf52840_xxAA_s140_6.0.0.dir/__/__/models/config/src/config_server.c.obj
 .text.handle_netkey_get
                0x0000000000033008       0x70 CMakeFiles/enocean_switch_nrf52840_xxAA_s140_6.0.0.dir/__/__/models/config/src/config_server.c.obj
 .text.handle_model_app_bind_unbind
                0x0000000000033078      0x234 CMakeFiles/enocean_switch_nrf52840_xxAA_s140_6.0.0.dir/__/__/models/config/src/config_server.c.obj
 .text.status_error_sub_send
                0x00000000000332ac      0x180 CMakeFiles/enocean_switch_nrf52840_xxAA_s140_6.0.0.dir/__/__/models/config/src/config_server.c.obj
 .text.send_publication_status
                0x000000000003342c      0x1a8 CMakeFiles/enocean_switch_nrf52840_xxAA_s140_6.0.0.dir/__/__/models/config/src/config_server.c.obj
 .text.handle_config_key_refresh_phase_set
                0x00000000000335d4       0xf0 CMakeFiles/enocean_switch_nrf52840_xxAA_s140_6.0.0.dir/__/__/models/config/src/config_server.c.obj
 .text.handle_config_default_ttl_set
                0x00000000000336c4       0x70 CMakeFiles/enocean_switch_nrf52840_xxAA_s140_6.0.0.dir/__/__/models/config/src/config_server.c.obj
 .text.handle_heartbeat_publication_set
                0x0000000000033734      0x168 CMakeFiles/enocean_switch_nrf52840_xxAA_s140_6.0.0.dir/__/__/models/config/src/config_server.c.obj
 .text.mesh_event_cb
                0x000000000003389c       0x70 CMakeFiles/enocean_switch_nrf52840_xxAA_s140_6.0.0.dir/__/__/models/config/src/config_server.c.obj
 .text.handle_node_identity_set
                0x000000000003390c       0x48 CMakeFiles/enocean_switch_nrf52840_xxAA_s140_6.0.0.dir/__/__/models/config/src/config_server.c.obj
 .text.handle_node_identity_get
                0x0000000000033954       0x44 CMakeFiles/enocean_switch_nrf52840_xxAA_s140_6.0.0.dir/__/__/models/config/src/config_server.c.obj
 .text.handle_config_gatt_proxy_set
                0x0000000000033998       0x40 CMakeFiles/enocean_switch_nrf52840_xxAA_s140_6.0.0.dir/__/__/models/config/src/config_server.c.obj
 .text.handle_config_friend_set
                0x00000000000339d8       0x40 CMakeFiles/enocean_switch_nrf52840_xxAA_s140_6.0.0.dir/__/__/models/config/src/config_server.c.obj
 .text.status_error_pub_send
                0x0000000000033a18       0xc8 CMakeFiles/enocean_switch_nrf52840_xxAA_s140_6.0.0.dir/__/__/models/config/src/config_server.c.obj
 .text.handle_config_key_refresh_phase_get
                0x0000000000033ae0       0x70 CMakeFiles/enocean_switch_nrf52840_xxAA_s140_6.0.0.dir/__/__/models/config/src/config_server.c.obj
 .text.handle_config_default_ttl_get
                0x0000000000033b50       0x48 CMakeFiles/enocean_switch_nrf52840_xxAA_s140_6.0.0.dir/__/__/models/config/src/config_server.c.obj
 .text.handle_config_beacon_set
                0x0000000000033b98       0x80 CMakeFiles/enocean_switch_nrf52840_xxAA_s140_6.0.0.dir/__/__/models/config/src/config_server.c.obj
 .text.handle_composition_data_get
                0x0000000000033c18       0x64 CMakeFiles/enocean_switch_nrf52840_xxAA_s140_6.0.0.dir/__/__/models/config/src/config_server.c.obj
 .text.handle_appkey_update
                0x0000000000033c7c      0x108 CMakeFiles/enocean_switch_nrf52840_xxAA_s140_6.0.0.dir/__/__/models/config/src/config_server.c.obj
 .text.handle_model_app_get
                0x0000000000033d84      0x220 CMakeFiles/enocean_switch_nrf52840_xxAA_s140_6.0.0.dir/__/__/models/config/src/config_server.c.obj
 .text.handle_appkey_get
                0x0000000000033fa4      0x100 CMakeFiles/enocean_switch_nrf52840_xxAA_s140_6.0.0.dir/__/__/models/config/src/config_server.c.obj
 .text.handle_heartbeat_subscription_get
                0x00000000000340a4       0xdc CMakeFiles/enocean_switch_nrf52840_xxAA_s140_6.0.0.dir/__/__/models/config/src/config_server.c.obj
 .text.handle_config_friend_get
                0x0000000000034180       0x38 CMakeFiles/enocean_switch_nrf52840_xxAA_s140_6.0.0.dir/__/__/models/config/src/config_server.c.obj
 .text.handle_config_gatt_proxy_get
                0x00000000000341b8       0x38 CMakeFiles/enocean_switch_nrf52840_xxAA_s140_6.0.0.dir/__/__/models/config/src/config_server.c.obj
 .text.handle_heartbeat_subscription_set
                0x00000000000341f0      0x114 CMakeFiles/enocean_switch_nrf52840_xxAA_s140_6.0.0.dir/__/__/models/config/src/config_server.c.obj
 .text.handle_heartbeat_publication_get
                0x0000000000034304       0xcc CMakeFiles/enocean_switch_nrf52840_xxAA_s140_6.0.0.dir/__/__/models/config/src/config_server.c.obj
 .text.handle_config_beacon_get
                0x00000000000343d0       0x40 CMakeFiles/enocean_switch_nrf52840_xxAA_s140_6.0.0.dir/__/__/models/config/src/config_server.c.obj
 .text.handle_appkey_delete
                0x0000000000034410      0x11c CMakeFiles/enocean_switch_nrf52840_xxAA_s140_6.0.0.dir/__/__/models/config/src/config_server.c.obj
 .text.handle_appkey_add
                0x000000000003452c      0x124 CMakeFiles/enocean_switch_nrf52840_xxAA_s140_6.0.0.dir/__/__/models/config/src/config_server.c.obj
 .text.handle_config_vendor_model_subscription_get
                0x0000000000034650      0x194 CMakeFiles/enocean_switch_nrf52840_xxAA_s140_6.0.0.dir/__/__/models/config/src/config_server.c.obj
 .text.handle_netkey_add_update
                0x00000000000347e4       0xec CMakeFiles/enocean_switch_nrf52840_xxAA_s140_6.0.0.dir/__/__/models/config/src/config_server.c.obj
 .text.handle_netkey_delete
                0x00000000000348d0      0x14c CMakeFiles/enocean_switch_nrf52840_xxAA_s140_6.0.0.dir/__/__/models/config/src/config_server.c.obj
 .text.handle_config_network_transmit_get
                0x0000000000034a1c       0x94 CMakeFiles/enocean_switch_nrf52840_xxAA_s140_6.0.0.dir/__/__/models/config/src/config_server.c.obj
 .text.handle_config_model_publication_get
                0x0000000000034ab0      0x150 CMakeFiles/enocean_switch_nrf52840_xxAA_s140_6.0.0.dir/__/__/models/config/src/config_server.c.obj
 .text.handle_config_relay_get
                0x0000000000034c00       0xcc CMakeFiles/enocean_switch_nrf52840_xxAA_s140_6.0.0.dir/__/__/models/config/src/config_server.c.obj
 .text.handle_config_model_publication_set
                0x0000000000034ccc      0x3d4 CMakeFiles/enocean_switch_nrf52840_xxAA_s140_6.0.0.dir/__/__/models/config/src/config_server.c.obj
 .text.handle_config_model_subscription_delete_all
                0x00000000000350a0      0x2fc CMakeFiles/enocean_switch_nrf52840_xxAA_s140_6.0.0.dir/__/__/models/config/src/config_server.c.obj
 .text.handle_config_model_subscription_virtual_address_delete
                0x000000000003539c      0x2f0 CMakeFiles/enocean_switch_nrf52840_xxAA_s140_6.0.0.dir/__/__/models/config/src/config_server.c.obj
 .text.handle_config_model_subscription_virtual_address_add
                0x000000000003568c      0x2cc CMakeFiles/enocean_switch_nrf52840_xxAA_s140_6.0.0.dir/__/__/models/config/src/config_server.c.obj
 .text.handle_config_model_subscription_delete
                0x0000000000035958      0x2e4 CMakeFiles/enocean_switch_nrf52840_xxAA_s140_6.0.0.dir/__/__/models/config/src/config_server.c.obj
 .text.handle_config_model_subscription_add
                0x0000000000035c3c      0x2e4 CMakeFiles/enocean_switch_nrf52840_xxAA_s140_6.0.0.dir/__/__/models/config/src/config_server.c.obj
 .text.handle_config_model_subscription_virtual_address_overwrite
                0x0000000000035f20      0x374 CMakeFiles/enocean_switch_nrf52840_xxAA_s140_6.0.0.dir/__/__/models/config/src/config_server.c.obj
 .text.handle_config_model_subscription_overwrite
                0x0000000000036294      0x370 CMakeFiles/enocean_switch_nrf52840_xxAA_s140_6.0.0.dir/__/__/models/config/src/config_server.c.obj
 .text.handle_config_sig_model_subscription_get
                0x0000000000036604      0x2a8 CMakeFiles/enocean_switch_nrf52840_xxAA_s140_6.0.0.dir/__/__/models/config/src/config_server.c.obj
 .text.config_server_init
                0x00000000000368ac       0x70 CMakeFiles/enocean_switch_nrf52840_xxAA_s140_6.0.0.dir/__/__/models/config/src/config_server.c.obj
                0x00000000000368ac                config_server_init
 .text.config_server_bind
                0x000000000003691c       0x10 CMakeFiles/enocean_switch_nrf52840_xxAA_s140_6.0.0.dir/__/__/models/config/src/config_server.c.obj
                0x000000000003691c                config_server_bind
 .text.packed_index_list_create
                0x000000000003692c       0x3c CMakeFiles/enocean_switch_nrf52840_xxAA_s140_6.0.0.dir/__/__/models/config/src/packed_index_list.c.obj
                0x000000000003692c                packed_index_list_create
 .text.attention_timer_handler
                0x0000000000036968       0x6c CMakeFiles/enocean_switch_nrf52840_xxAA_s140_6.0.0.dir/__/__/models/health/src/health_server.c.obj
 .text.handle_attention_get
                0x00000000000369d4       0x40 CMakeFiles/enocean_switch_nrf52840_xxAA_s140_6.0.0.dir/__/__/models/health/src/health_server.c.obj
 .text.handle_period_get
                0x0000000000036a14       0x3c CMakeFiles/enocean_switch_nrf52840_xxAA_s140_6.0.0.dir/__/__/models/health/src/health_server.c.obj
 .text.handle_attention_set
                0x0000000000036a50       0xdc CMakeFiles/enocean_switch_nrf52840_xxAA_s140_6.0.0.dir/__/__/models/health/src/health_server.c.obj
 .text.handle_period_set
                0x0000000000036b2c       0x54 CMakeFiles/enocean_switch_nrf52840_xxAA_s140_6.0.0.dir/__/__/models/health/src/health_server.c.obj
 .text.send_fault_status
                0x0000000000036b80      0x3b4 CMakeFiles/enocean_switch_nrf52840_xxAA_s140_6.0.0.dir/__/__/models/health/src/health_server.c.obj
 .text.health_publish_timeout_handler
                0x0000000000036f34        0xc CMakeFiles/enocean_switch_nrf52840_xxAA_s140_6.0.0.dir/__/__/models/health/src/health_server.c.obj
 .text.handle_fault_test
                0x0000000000036f40       0x8c CMakeFiles/enocean_switch_nrf52840_xxAA_s140_6.0.0.dir/__/__/models/health/src/health_server.c.obj
 .text.handle_fault_clear
                0x0000000000036fcc       0x54 CMakeFiles/enocean_switch_nrf52840_xxAA_s140_6.0.0.dir/__/__/models/health/src/health_server.c.obj
 .text.handle_fault_get
                0x0000000000037020       0x40 CMakeFiles/enocean_switch_nrf52840_xxAA_s140_6.0.0.dir/__/__/models/health/src/health_server.c.obj
 .text.health_server_init
                0x0000000000037060       0x68 CMakeFiles/enocean_switch_nrf52840_xxAA_s140_6.0.0.dir/__/__/models/health/src/health_server.c.obj
                0x0000000000037060                health_server_init
 .text.schedule_publication_timer
                0x00000000000370c8      0x2d0 CMakeFiles/enocean_switch_nrf52840_xxAA_s140_6.0.0.dir/__/__/mesh/access/src/access_publish.c.obj
 .text.publish_timer_tick
                0x0000000000037398      0x140 CMakeFiles/enocean_switch_nrf52840_xxAA_s140_6.0.0.dir/__/__/mesh/access/src/access_publish.c.obj
 .text.access_publish_init
                0x00000000000374d8       0x38 CMakeFiles/enocean_switch_nrf52840_xxAA_s140_6.0.0.dir/__/__/mesh/access/src/access_publish.c.obj
                0x00000000000374d8                access_publish_init
 .text.access_publish_period_set
                0x0000000000037510      0x118 CMakeFiles/enocean_switch_nrf52840_xxAA_s140_6.0.0.dir/__/__/mesh/access/src/access_publish.c.obj
                0x0000000000037510                access_publish_period_set
 .text.access_publish_period_get
                0x0000000000037628       0x2c CMakeFiles/enocean_switch_nrf52840_xxAA_s140_6.0.0.dir/__/__/mesh/access/src/access_publish.c.obj
                0x0000000000037628                access_publish_period_get
 .text.flash_manager_mem_available
                0x0000000000037654        0x4 CMakeFiles/enocean_switch_nrf52840_xxAA_s140_6.0.0.dir/__/__/mesh/access/src/access.c.obj
 .text.flash_invalidate_complete
                0x0000000000037658        0x8 CMakeFiles/enocean_switch_nrf52840_xxAA_s140_6.0.0.dir/__/__/mesh/access/src/access.c.obj
 .text.access_flash_config_clear
                0x0000000000037660       0x28 CMakeFiles/enocean_switch_nrf52840_xxAA_s140_6.0.0.dir/__/__/mesh/access/src/access.c.obj
 .text.access_flash_config_store
                0x0000000000037688      0x43c CMakeFiles/enocean_switch_nrf52840_xxAA_s140_6.0.0.dir/__/__/mesh/access/src/access.c.obj
                0x0000000000037688                access_flash_config_store
 .text.handle_incoming
                0x0000000000037ac4      0x198 CMakeFiles/enocean_switch_nrf52840_xxAA_s140_6.0.0.dir/__/__/mesh/access/src/access.c.obj
 .text.mesh_evt_cb
                0x0000000000037c5c      0x158 CMakeFiles/enocean_switch_nrf52840_xxAA_s140_6.0.0.dir/__/__/mesh/access/src/access.c.obj
 .text.add_flash_manager
                0x0000000000037db4       0x58 CMakeFiles/enocean_switch_nrf52840_xxAA_s140_6.0.0.dir/__/__/mesh/access/src/access.c.obj
 .text.flash_write_complete
                0x0000000000037e0c       0x4c CMakeFiles/enocean_switch_nrf52840_xxAA_s140_6.0.0.dir/__/__/mesh/access/src/access.c.obj
 .text.flash_remove_complete
                0x0000000000037e58      0x158 CMakeFiles/enocean_switch_nrf52840_xxAA_s140_6.0.0.dir/__/__/mesh/access/src/access.c.obj
 .text.access_flash_config_load
                0x0000000000037fb0      0x2d0 CMakeFiles/enocean_switch_nrf52840_xxAA_s140_6.0.0.dir/__/__/mesh/access/src/access.c.obj
                0x0000000000037fb0                access_flash_config_load
 .text.access_clear
                0x0000000000038280       0x88 CMakeFiles/enocean_switch_nrf52840_xxAA_s140_6.0.0.dir/__/__/mesh/access/src/access.c.obj
                0x0000000000038280                access_clear
 .text.access_init
                0x0000000000038308       0xd0 CMakeFiles/enocean_switch_nrf52840_xxAA_s140_6.0.0.dir/__/__/mesh/access/src/access.c.obj
                0x0000000000038308                access_init
 .text.access_model_add
                0x00000000000383d8      0x2ec CMakeFiles/enocean_switch_nrf52840_xxAA_s140_6.0.0.dir/__/__/mesh/access/src/access.c.obj
                0x00000000000383d8                access_model_add
 .text.access_model_publish
                0x00000000000386c4      0x3c8 CMakeFiles/enocean_switch_nrf52840_xxAA_s140_6.0.0.dir/__/__/mesh/access/src/access.c.obj
                0x00000000000386c4                access_model_publish
 .text.access_model_reply
                0x0000000000038a8c      0x3e4 CMakeFiles/enocean_switch_nrf52840_xxAA_s140_6.0.0.dir/__/__/mesh/access/src/access.c.obj
                0x0000000000038a8c                access_model_reply
 .text.access_model_publish_address_set
                0x0000000000038e70       0x3c CMakeFiles/enocean_switch_nrf52840_xxAA_s140_6.0.0.dir/__/__/mesh/access/src/access.c.obj
                0x0000000000038e70                access_model_publish_address_set
 .text.access_model_publish_address_get
                0x0000000000038eac       0x2c CMakeFiles/enocean_switch_nrf52840_xxAA_s140_6.0.0.dir/__/__/mesh/access/src/access.c.obj
                0x0000000000038eac                access_model_publish_address_get
 .text.access_model_publish_retransmit_set
                0x0000000000038ed8       0x58 CMakeFiles/enocean_switch_nrf52840_xxAA_s140_6.0.0.dir/__/__/mesh/access/src/access.c.obj
                0x0000000000038ed8                access_model_publish_retransmit_set
 .text.access_model_publish_retransmit_get
                0x0000000000038f30       0x2c CMakeFiles/enocean_switch_nrf52840_xxAA_s140_6.0.0.dir/__/__/mesh/access/src/access.c.obj
                0x0000000000038f30                access_model_publish_retransmit_get
 .text.access_model_publish_period_set
                0x0000000000038f5c       0x78 CMakeFiles/enocean_switch_nrf52840_xxAA_s140_6.0.0.dir/__/__/mesh/access/src/access.c.obj
                0x0000000000038f5c                access_model_publish_period_set
 .text.access_model_publish_period_get
                0x0000000000038fd4       0x40 CMakeFiles/enocean_switch_nrf52840_xxAA_s140_6.0.0.dir/__/__/mesh/access/src/access.c.obj
                0x0000000000038fd4                access_model_publish_period_get
 .text.access_model_subscription_list_alloc
                0x0000000000039014       0x84 CMakeFiles/enocean_switch_nrf52840_xxAA_s140_6.0.0.dir/__/__/mesh/access/src/access.c.obj
                0x0000000000039014                access_model_subscription_list_alloc
 .text.access_model_subscription_add
                0x0000000000039098       0x64 CMakeFiles/enocean_switch_nrf52840_xxAA_s140_6.0.0.dir/__/__/mesh/access/src/access.c.obj
                0x0000000000039098                access_model_subscription_add
 .text.access_model_subscription_remove